<html>
<body>
<pre>
<h1>µVision Build Log</h1>
<h2>Tool Versions:</h2>
IDE-Version: ¦ÌVision V5.42.0.0
Copyright (C) 2025 ARM Ltd and ARM Germany GmbH. All rights reserved.
License Information: bran bran, 1, LIC=ATTQ1-CPMDR-QD2KD-8NZMM-FI8FP-Z65ZN
 
Tool Versions:
Toolchain:       MDK-ARM Plus  Version: 5.42.0.0
Toolchain Path:  F:\Tools\mdk_V542a\ARM\ARMCLANG\Bin
C Compiler:      ArmClang.exe V6.23
Assembler:       Armasm.exe V6.23
Linker/Locator:  ArmLink.exe V6.23
Library Manager: ArmAr.exe V6.23
Hex Converter:   FromElf.exe V6.23
CPU DLL:         SARMCM3.DLL V5.42.0.0
Dialog DLL:      DCM.DLL V1.17.5.0
Target DLL:      CMSIS_AGDI.dll V1.33.22.0
Dialog DLL:      TCM.DLL V1.56.6.0
 
<h2>Project:</h2>
D:\Code\stm32_test\test_Micro\MDK-ARM\test_Micro.uvprojx
Project File Date:  04/05/2026

<h2>Output:</h2>
*** Using Compiler 'V6.23', folder: 'F:\Tools\mdk_V542a\ARM\ARMCLANG\Bin'
Rebuild target 'test_Micro'
compiling stm32h7xx_hal_timebase_tim.c...
compiling main.c...
assembling startup_stm32h723xx.s...
compiling memorymap.c...
compiling stm32h7xx_hal_msp.c...
compiling gpio.c...
compiling rtt_log.c...
compiling dma.c...
compiling stm32h7xx_it.c...
compiling freertos.c...
compiling fifo.c...
compiling usart.c...
compiling stm32h7xx_hal_cortex.c...
compiling stm32h7xx_hal_hsem.c...
compiling stm32h7xx_hal_gpio.c...
compiling stm32h7xx_hal_flash.c...
compiling stm32h7xx_hal_rcc.c...
compiling stm32h7xx_hal_flash_ex.c...
compiling stm32h7xx_hal_dma_ex.c...
compiling stm32h7xx_hal_pwr.c...
compiling stm32h7xx_hal_rcc_ex.c...
compiling stm32h7xx_hal_pwr_ex.c...
compiling stm32h7xx_hal_mdma.c...
compiling stm32h7xx_hal_i2c_ex.c...
compiling stm32h7xx_hal.c...
compiling stm32h7xx_hal_dma.c...
compiling stm32h7xx_hal_exti.c...
compiling croutine.c...
compiling system_stm32h7xx.c...
compiling list.c...
compiling event_groups.c...
compiling stm32h7xx_hal_uart_ex.c...
compiling SEGGER_RTT_printf.c...
compiling stm32h7xx_hal_tim_ex.c...
compiling SEGGER_RTT.c...
compiling timers.c...
compiling heap_4.c...
compiling port.c...
compiling stream_buffer.c...
compiling queue.c...
compiling cmsis_os.c...
compiling stm32h7xx_hal_uart.c...
compiling tasks.c...
compiling stm32h7xx_hal_tim.c...
compiling stm32h7xx_hal_i2c.c...
linking...
Program Size: Code=31600 RO-data=872 RW-data=20 ZI-data=29052  
FromELF: creating hex file...
"test_Micro\test_Micro.axf" - 0 Error(s), 0 Warning(s).

<h2>Software Packages used:</h2>

Package Vendor: ARM
                https://www.keil.com/pack/ARM.CMSIS.6.1.0.pack
                ARM::CMSIS@6.1.0
                CMSIS (Common Microcontroller Software Interface Standard)
   * Component: CORE Version: 6.1.0

Package Vendor: Keil
                https://www.keil.com/pack/Keil.STM32H7xx_DFP.4.1.3.pack
                Keil::STM32H7xx_DFP@4.1.3
                STMicroelectronics STM32H7 Series Device Support

<h2>Collection of Component include folders:</h2>
  ./RTE/_test_Micro
  F:/Tools/pack/ARM/CMSIS/6.1.0/CMSIS/Core/Include

<h2>Collection of Component Files used:</h2>

   * Component: ARM::CMSIS:CORE@6.1.0
      Include file:  CMSIS/Core/Include/tz_context.h
Build Time Elapsed:  00:00:02
</pre>
</body>
</html>
