Component: Arm Compiler for Embedded 6.23 Tool: armlink [5f102400]

==============================================================================

Section Cross References

    startup_stm32h723xx.o(STACK) refers (Special) to heapauxi.o(.text) for __use_two_region_memory
    startup_stm32h723xx.o(HEAP) refers (Special) to heapauxi.o(.text) for __use_two_region_memory
    startup_stm32h723xx.o(RESET) refers (Special) to heapauxi.o(.text) for __use_two_region_memory
    startup_stm32h723xx.o(RESET) refers to startup_stm32h723xx.o(STACK) for __initial_sp
    startup_stm32h723xx.o(RESET) refers to startup_stm32h723xx.o(.text) for Reset_Handler
    startup_stm32h723xx.o(RESET) refers to stm32h7xx_it.o(.text.NMI_Handler) for NMI_Handler
    startup_stm32h723xx.o(RESET) refers to stm32h7xx_it.o(.text.HardFault_Handler) for HardFault_Handler
    startup_stm32h723xx.o(RESET) refers to stm32h7xx_it.o(.text.MemManage_Handler) for MemManage_Handler
    startup_stm32h723xx.o(RESET) refers to stm32h7xx_it.o(.text.BusFault_Handler) for BusFault_Handler
    startup_stm32h723xx.o(RESET) refers to stm32h7xx_it.o(.text.UsageFault_Handler) for UsageFault_Handler
    startup_stm32h723xx.o(RESET) refers to stm32h7xx_it.o(.text.SVC_Handler) for SVC_Handler
    startup_stm32h723xx.o(RESET) refers to stm32h7xx_it.o(.text.DebugMon_Handler) for DebugMon_Handler
    startup_stm32h723xx.o(RESET) refers to stm32h7xx_it.o(.text.PendSV_Handler) for PendSV_Handler
    startup_stm32h723xx.o(RESET) refers to stm32h7xx_it.o(.text.SysTick_Handler) for SysTick_Handler
    startup_stm32h723xx.o(RESET) refers to stm32h7xx_it.o(.text.USART1_IRQHandler) for USART1_IRQHandler
    startup_stm32h723xx.o(.text) refers (Special) to heapauxi.o(.text) for __use_two_region_memory
    startup_stm32h723xx.o(.text) refers to system_stm32h7xx.o(.text.SystemInit) for SystemInit
    startup_stm32h723xx.o(.text) refers to __main.o(!!!main) for __main
    startup_stm32h723xx.o(.text) refers to startup_stm32h723xx.o(HEAP) for Heap_Mem
    startup_stm32h723xx.o(.text) refers to startup_stm32h723xx.o(STACK) for Stack_Mem
    main.o(.text.main) refers to stm32h7xx_hal_cortex.o(.text.HAL_MPU_Disable) for HAL_MPU_Disable
    main.o(.text.main) refers to stm32h7xx_hal_cortex.o(.text.HAL_MPU_ConfigRegion) for HAL_MPU_ConfigRegion
    main.o(.text.main) refers to stm32h7xx_hal_cortex.o(.text.HAL_MPU_Enable) for HAL_MPU_Enable
    main.o(.text.main) refers to stm32h7xx_hal.o(.text.HAL_Init) for HAL_Init
    main.o(.text.main) refers to main.o(.text.SystemClock_Config) for SystemClock_Config
    main.o(.text.main) refers to rtt_log.o(.text.RTT_LogInit) for RTT_LogInit
    main.o(.text.main) refers to gpio.o(.text.MX_GPIO_Init) for MX_GPIO_Init
    main.o(.text.main) refers to usart.o(.text.MX_USART1_UART_Init) for MX_USART1_UART_Init
    main.o(.text.main) refers to usart.o(.text.USART1_CpuMonitorInit) for USART1_CpuMonitorInit
    main.o(.text.main) refers to usart.o(.text.USART1_StartReceiveIT) for USART1_StartReceiveIT
    main.o(.text.main) refers to usart.o(.text.USART1_Process) for USART1_Process
    main.o(.text.main) refers to usart.o(.text.USART1_CpuMonitorTask) for USART1_CpuMonitorTask
    main.o(.ARM.exidx.text.main) refers to main.o(.text.main) for [Anonymous Symbol]
    main.o(.text.SystemClock_Config) refers to rt_memclr_w.o(.text) for __aeabi_memclr4
    main.o(.text.SystemClock_Config) refers to stm32h7xx_hal_pwr_ex.o(.text.HAL_PWREx_ConfigSupply) for HAL_PWREx_ConfigSupply
    main.o(.text.SystemClock_Config) refers to stm32h7xx_hal_rcc.o(.text.HAL_RCC_OscConfig) for HAL_RCC_OscConfig
    main.o(.text.SystemClock_Config) refers to stm32h7xx_hal_rcc.o(.text.HAL_RCC_ClockConfig) for HAL_RCC_ClockConfig
    main.o(.ARM.exidx.text.SystemClock_Config) refers to main.o(.text.SystemClock_Config) for [Anonymous Symbol]
    main.o(.ARM.exidx.text.Error_Handler) refers to main.o(.text.Error_Handler) for [Anonymous Symbol]
    gpio.o(.ARM.exidx.text.MX_GPIO_Init) refers to gpio.o(.text.MX_GPIO_Init) for [Anonymous Symbol]
    usart.o(.text.MX_USART1_UART_Init) refers to usart.o(.bss.huart1) for huart1
    usart.o(.text.MX_USART1_UART_Init) refers to stm32h7xx_hal_uart.o(.text.HAL_UART_Init) for HAL_UART_Init
    usart.o(.text.MX_USART1_UART_Init) refers to main.o(.text.Error_Handler) for Error_Handler
    usart.o(.text.MX_USART1_UART_Init) refers to stm32h7xx_hal_uart_ex.o(.text.HAL_UARTEx_SetTxFifoThreshold) for HAL_UARTEx_SetTxFifoThreshold
    usart.o(.text.MX_USART1_UART_Init) refers to stm32h7xx_hal_uart_ex.o(.text.HAL_UARTEx_SetRxFifoThreshold) for HAL_UARTEx_SetRxFifoThreshold
    usart.o(.text.MX_USART1_UART_Init) refers to stm32h7xx_hal_uart_ex.o(.text.HAL_UARTEx_DisableFifoMode) for HAL_UARTEx_DisableFifoMode
    usart.o(.ARM.exidx.text.MX_USART1_UART_Init) refers to usart.o(.text.MX_USART1_UART_Init) for [Anonymous Symbol]
    usart.o(.text.HAL_UART_MspInit) refers to rt_memclr_w.o(.text) for __aeabi_memclr8
[...]
    $v0                                      0x080070c4   Number         0  fpinit.o(x$fpl$fpinit)
    x$fpl$fpinit                             0x080070c4   Section       26  fpinit.o(x$fpl$fpinit)
    $v0                                      0x080070de   Number         0  printf1.o(x$fpl$printf1)
    x$fpl$printf1                            0x080070de   Section        4  printf1.o(x$fpl$printf1)
    $v0                                      0x080070e2   Number         0  printf2.o(x$fpl$printf2)
    x$fpl$printf2                            0x080070e2   Section        4  printf2.o(x$fpl$printf2)
    x$fpl$usenofp                            0x080070e6   Section        0  usenofp.o(x$fpl$usenofp)
    initial_mbstate                          0x080070e8   Data           8  _printf_wctomb.o(.constdata)
    .constdata                               0x080070e8   Section        8  _printf_wctomb.o(.constdata)
    uc_hextab                                0x080070f0   Data          20  _printf_hex_int_ll_ptr.o(.constdata)
    .constdata                               0x080070f0   Section       40  _printf_hex_int_ll_ptr.o(.constdata)
    lc_hextab                                0x08007104   Data          20  _printf_hex_int_ll_ptr.o(.constdata)
    maptable                                 0x08007118   Data          17  __printf_flags_ss_wp.o(.constdata)
    .constdata                               0x08007118   Section       17  __printf_flags_ss_wp.o(.constdata)
    lc_hextab                                0x08007129   Data          19  _printf_fp_hex.o(.constdata)
    .constdata                               0x08007129   Section       38  _printf_fp_hex.o(.constdata)
    uc_hextab                                0x0800713c   Data          19  _printf_fp_hex.o(.constdata)
    tenpwrs_x                                0x08007150   Data          60  bigflt0.o(.constdata)
    .constdata                               0x08007150   Section      148  bigflt0.o(.constdata)
    tenpwrs_i                                0x0800718c   Data          64  bigflt0.o(.constdata)
    .Lswitch.table.UART_SetConfig.7          0x080071e4   Data           6  stm32h7xx_hal_uart.o(.rodata..Lswitch.table.UART_SetConfig.7)
    .Lswitch.table.UART_SetConfig.9          0x080071ea   Data           6  stm32h7xx_hal_uart.o(.rodata..Lswitch.table.UART_SetConfig.9)
    USART1_Process.overflow_msg              0x08007218   Data          32  usart.o(.rodata.USART1_Process.overflow_msg)
    [Anonymous Symbol]                       0x08007218   Section        0  usart.o(.rodata.USART1_Process.overflow_msg)
    UARTEx_SetNbDataToProcess.numerator      0x08007238   Data           8  stm32h7xx_hal_uart_ex.o(.rodata.cst8)
    [Anonymous Symbol]                       0x08007238   Section        0  stm32h7xx_hal_uart_ex.o(.rodata.cst8)
    UARTEx_SetNbDataToProcess.denominator    0x08007240   Data           8  stm32h7xx_hal_uart_ex.o(.rodata.cst8)
    .L.str                                   0x08007248   Data          96  usart.o(.rodata.str1.1)
    [Anonymous Symbol]                       0x08007248   Section        0  usart.o(.rodata.str1.1)
    [Anonymous Symbol]                       0x080072a8   Section        0  segger_rtt.o(.rodata.str1.1)
    .L.str                                   0x080072af   Data           9  segger_rtt.o(.rodata.str1.1)
    locale$$data                             0x080072e8   Section       28  lc_numeric_c.o(locale$$data)
    __lcnum_c_name                           0x080072ec   Data           2  lc_numeric_c.o(locale$$data)
    __lcnum_c_start                          0x080072f4   Data           0  lc_numeric_c.o(locale$$data)
    __lcnum_c_point                          0x08007300   Data           0  lc_numeric_c.o(locale$$data)
    __lcnum_c_thousands                      0x08007302   Data           0  lc_numeric_c.o(locale$$data)
    __lcnum_c_grouping                       0x08007303   Data           0  lc_numeric_c.o(locale$$data)
    __lcnum_c_end                            0x08007304   Data           0  lc_numeric_c.o(locale$$data)
    locale$$data                             0x08007304   Section      272  lc_ctype_c.o(locale$$data)
    __lcctype_c_name                         0x08007308   Data           2  lc_ctype_c.o(locale$$data)
    __lcctype_c_start                        0x08007310   Data           0  lc_ctype_c.o(locale$$data)
    __lcctype_c_end                          0x08007414   Data           0  lc_ctype_c.o(locale$$data)
    .L_MergedGlobals                         0x20000000   Data           8  stm32h7xx_hal.o(.data..L_MergedGlobals)
    [Anonymous Symbol]                       0x20000000   Section        0  stm32h7xx_hal.o(.data..L_MergedGlobals)
    .L_MergedGlobals                         0x20000008   Data           8  system_stm32h7xx.o(.data..L_MergedGlobals)
    [Anonymous Symbol]                       0x20000008   Section        0  system_stm32h7xx.o(.data..L_MergedGlobals)
    .L_MergedGlobals                         0x20000010   Data          36  usart.o(.bss..L_MergedGlobals)
    usart1_rx_byte                           0x20000010   Data           1  usart.o(.bss..L_MergedGlobals)
    [Anonymous Symbol]                       0x20000010   Section        0  usart.o(.bss..L_MergedGlobals)
    usart1_rx_overflow                       0x20000011   Data           1  usart.o(.bss..L_MergedGlobals)
    usart1_rx_tail                           0x20000012   Data           2  usart.o(.bss..L_MergedGlobals)
    usart1_rx_head                           0x20000014   Data           2  usart.o(.bss..L_MergedGlobals)
    usart1_cpu_monitor_tick                  0x20000018   Data           4  usart.o(.bss..L_MergedGlobals)
    usart1_tx_cycles_acc                     0x2000001c   Data           4  usart.o(.bss..L_MergedGlobals)
    usart1_tx_bytes_acc                      0x20000020   Data           4  usart.o(.bss..L_MergedGlobals)
    usart1_tx_call_count_acc                 0x20000024   Data           4  usart.o(.bss..L_MergedGlobals)
    usart1_rx_cycles_acc                     0x20000028   Data           4  usart.o(.bss..L_MergedGlobals)
    usart1_rx_bytes_acc                      0x2000002c   Data           4  usart.o(.bss..L_MergedGlobals)
    usart1_rx_interrupt_count_acc            0x20000030   Data           4  usart.o(.bss..L_MergedGlobals)
    Heap_Mem                                 0x20000038   Data         512  startup_stm32h723xx.o(HEAP)
    HEAP                                     0x20000038   Section      512  startup_stm32h723xx.o(HEAP)
    Stack_Mem                                0x20000238   Data        1024  startup_stm32h723xx.o(STACK)
    STACK                                    0x20000238   Section     1024  startup_stm32h723xx.o(STACK)
    __initial_sp                             0x20000638   Data           0  startup_stm32h723xx.o(STACK)
    .bss                                     0x24000000   Section       96  libspace.o(.bss)
    .L_MergedGlobals                         0x24000060   Data          17  segger_rtt.o(.bss..L_MergedGlobals)
    _ActiveTerminal                          0x24000060   Data           1  segger_rtt.o(.bss..L_MergedGlobals)
    [Anonymous Symbol]                       0x24000060   Section        0  segger_rtt.o(.bss..L_MergedGlobals)
    _acDownBuffer                            0x24000061   Data          16  segger_rtt.o(.bss..L_MergedGlobals)
    _acUpBuffer                              0x2400011c   Data        1024  segger_rtt.o(.bss._acUpBuffer)
    [Anonymous Symbol]                       0x2400011c   Section        0  segger_rtt.o(.bss._acUpBuffer)
    usart1_rx_buffer                         0x240005b0   Data         128  usart.o(.bss.usart1_rx_buffer)
    [Anonymous Symbol]                       0x240005b0   Section        0  usart.o(.bss.usart1_rx_buffer)

    Global Symbols

    Symbol Name                              Value     Ov Type        Size  Object(Section)

    BuildAttributes$$THM_ISAv4$E$P$D$K$B$S$7EM$VFPv5_D16$PE$PLD8$A:L22UL41UL21$X:L11$S22US41US21$IEEE1$IW$~IW$USESV6$~STKCKD$USESV7$~SHL$OTIME$ROPI$IEEEJ$EBA8$UX$STANDARDLIB$REQ8$PRES8$EABIv2 0x00000000   Number         0  anon$$obj.o ABSOLUTE
    _printf_flags                            0x00000000   Number         0  printf_stubs.o ABSOLUTE
    _printf_return_value                     0x00000000   Number         0  printf_stubs.o ABSOLUTE
    _printf_sizespec                         0x00000000   Number         0  printf_stubs.o ABSOLUTE
    _printf_widthprec                        0x00000000   Number         0  printf_stubs.o ABSOLUTE
    __ARM_exceptions_init                     - Undefined Weak Reference
    __alloca_initialize                       - Undefined Weak Reference
    __arm_preinit_                            - Undefined Weak Reference
    __arm_relocate_pie_                       - Undefined Weak Reference
    __cpp_initialize__aeabi_                  - Undefined Weak Reference
    __cxa_finalize                            - Undefined Weak Reference
    __sigvec_lookup                           - Undefined Weak Reference
    _atexit_init                              - Undefined Weak Reference
    _call_atexit_fns                          - Undefined Weak Reference
    _clock_init                               - Undefined Weak Reference
    _fp_trap_init                             - Undefined Weak Reference
    _fp_trap_shutdown                         - Undefined Weak Reference
    _get_lc_collate                           - Undefined Weak Reference
    _get_lc_monetary                          - Undefined Weak Reference
    _get_lc_time                              - Undefined Weak Reference
    _getenv_init                              - Undefined Weak Reference
    _handle_redirection                       - Undefined Weak Reference
    _init_alloc                               - Undefined Weak Reference
    _init_user_alloc                          - Undefined Weak Reference
    _initio                                   - Undefined Weak Reference
    _printf_mbtowc                            - Undefined Weak Reference
    _printf_wc                                - Undefined Weak Reference
    _rand_init                                - Undefined Weak Reference
    _signal_finish                            - Undefined Weak Reference
    _signal_init                              - Undefined Weak Reference
    _terminate_alloc                          - Undefined Weak Reference
    _terminate_user_alloc                     - Undefined Weak Reference
    _terminateio                              - Undefined Weak Reference
    __Vectors_Size                           0x000002cc   Number         0  startup_stm32h723xx.o ABSOLUTE
    __Vectors                                0x08000000   Data           4  startup_stm32h723xx.o(RESET)
    __Vectors_End                            0x080002cc   Data           0  startup_stm32h723xx.o(RESET)
    __main                                   0x080002cd   Thumb Code     8  __main.o(!!!main)
    __scatterload                            0x080002d5   Thumb Code     0  __scatter.o(!!!scatter)
    __scatterload_rt2                        0x080002d5   Thumb Code    84  __scatter.o(!!!scatter)
    __scatterload_rt2_thumb_only             0x080002d5   Thumb Code     0  __scatter.o(!!!scatter)
    __scatterload_loop                       0x080002df   Thumb Code     0  __scatter.o(!!!scatter)
    __scatterload_copy                       0x08000331   Thumb Code    26  __scatter_copy.o(!!handler_copy)
    __scatterload_null                       0x0800034d   Thumb Code     2  __scatter.o(!!handler_null)
    __scatterload_zeroinit                   0x08000351   Thumb Code    28  __scatter_zi.o(!!handler_zi)
    _printf_n                                0x0800036d   Thumb Code     0  _printf_n.o(.ARM.Collect$$_printf_percent$$00000001)
    _printf_percent                          0x0800036d   Thumb Code     0  _printf_percent.o(.ARM.Collect$$_printf_percent$$00000000)
    _printf_p                                0x08000373   Thumb Code     0  _printf_p.o(.ARM.Collect$$_printf_percent$$00000002)
    _printf_f                                0x08000379   Thumb Code     0  _printf_f.o(.ARM.Collect$$_printf_percent$$00000003)
    _printf_e                                0x0800037f   Thumb Code     0  _printf_e.o(.ARM.Collect$$_printf_percent$$00000004)
    _printf_g                                0x08000385   Thumb Code     0  _printf_g.o(.ARM.Collect$$_printf_percent$$00000005)
    _printf_a                                0x0800038b   Thumb Code     0  _printf_a.o(.ARM.Collect$$_printf_percent$$00000006)
    _printf_ll                               0x08000391   Thumb Code     0  _printf_ll.o(.ARM.Collect$$_printf_percent$$00000007)
    _printf_i                                0x0800039b   Thumb Code     0  _printf_i.o(.ARM.Collect$$_printf_percent$$00000008)
    _printf_d                                0x080003a1   Thumb Code     0  _printf_d.o(.ARM.Collect$$_printf_percent$$00000009)
    _printf_u                                0x080003a7   Thumb Code     0  _printf_u.o(.ARM.Collect$$_printf_percent$$0000000A)
    _printf_o                                0x080003ad   Thumb Code     0  _printf_o.o(.ARM.Collect$$_printf_percent$$0000000B)
    _printf_x                                0x080003b3   Thumb Code     0  _printf_x.o(.ARM.Collect$$_printf_percent$$0000000C)
    _printf_lli                              0x080003b9   Thumb Code     0  _printf_lli.o(.ARM.Collect$$_printf_percent$$0000000D)
    _printf_lld                              0x080003bf   Thumb Code     0  _printf_lld.o(.ARM.Collect$$_printf_percent$$0000000E)
    _printf_llu                              0x080003c5   Thumb Code     0  _printf_llu.o(.ARM.Collect$$_printf_percent$$0000000F)
    _printf_llo                              0x080003cb   Thumb Code     0  _printf_llo.o(.ARM.Collect$$_printf_percent$$00000010)
    _printf_llx                              0x080003d1   Thumb Code     0  _printf_llx.o(.ARM.Collect$$_printf_percent$$00000011)
    _printf_l                                0x080003d7   Thumb Code     0  _printf_l.o(.ARM.Collect$$_printf_percent$$00000012)
    _printf_c                                0x080003e1   Thumb Code     0  _printf_c.o(.ARM.Collect$$_printf_percent$$00000013)
    _printf_s                                0x080003e7   Thumb Code     0  _printf_s.o(.ARM.Collect$$_printf_percent$$00000014)
    _printf_lc                               0x080003ed   Thumb Code     0  _printf_lc.o(.ARM.Collect$$_printf_percent$$00000015)
    _printf_ls                               0x080003f3   Thumb Code     0  _printf_ls.o(.ARM.Collect$$_printf_percent$$00000016)
    _printf_percent_end                      0x080003f9   Thumb Code     0  _printf_percent_end.o(.ARM.Collect$$_printf_percent$$00000017)
    __rt_lib_init                            0x080003fd   Thumb Code     0  libinit.o(.ARM.Collect$$libinit$$00000000)
    __rt_lib_init_fp_1                       0x080003ff   Thumb Code     0  libinit2.o(.ARM.Collect$$libinit$$00000001)
    __rt_lib_init_heap_1                     0x08000403   Thumb Code     0  libinit2.o(.ARM.Collect$$libinit$$0000000C)
    __rt_lib_init_lc_common                  0x08000403   Thumb Code     0  libinit2.o(.ARM.Collect$$libinit$$00000011)
    __rt_lib_init_preinit_1                  0x08000403   Thumb Code     0  libinit2.o(.ARM.Collect$$libinit$$00000006)
    __rt_lib_init_rand_1                     0x08000403   Thumb Code     0  libinit2.o(.ARM.Collect$$libinit$$00000010)
    __rt_lib_init_relocate_pie_1             0x08000403   Thumb Code     0  libinit2.o(.ARM.Collect$$libinit$$00000004)
    __rt_lib_init_user_alloc_1               0x08000403   Thumb Code     0  libinit2.o(.ARM.Collect$$libinit$$0000000E)
    __rt_lib_init_lc_collate_1               0x08000409   Thumb Code     0  libinit2.o(.ARM.Collect$$libinit$$00000013)
    __rt_lib_init_lc_ctype_2                 0x08000409   Thumb Code     0  libinit2.o(.ARM.Collect$$libinit$$00000014)
    __rt_lib_init_lc_ctype_1                 0x08000415   Thumb Code     0  libinit2.o(.ARM.Collect$$libinit$$00000015)
    __rt_lib_init_lc_monetary_1              0x08000415   Thumb Code     0  libinit2.o(.ARM.Collect$$libinit$$00000017)
    __rt_lib_init_lc_numeric_2               0x08000415   Thumb Code     0  libinit2.o(.ARM.Collect$$libinit$$00000018)
    __rt_lib_init_alloca_1                   0x0800041f   Thumb Code     0  libinit2.o(.ARM.Collect$$libinit$$00000030)
    __rt_lib_init_argv_1                     0x0800041f   Thumb Code     0  libinit2.o(.ARM.Collect$$libinit$$0000002E)
    __rt_lib_init_atexit_1                   0x0800041f   Thumb Code     0  libinit2.o(.ARM.Collect$$libinit$$0000001D)
    __rt_lib_init_clock_1                    0x0800041f   Thumb Code     0  libinit2.o(.ARM.Collect$$libinit$$00000023)
    __rt_lib_init_cpp_1                      0x0800041f   Thumb Code     0  libinit2.o(.ARM.Collect$$libinit$$00000034)
    __rt_lib_init_exceptions_1               0x0800041f   Thumb Code     0  libinit2.o(.ARM.Collect$$libinit$$00000032)
    __rt_lib_init_fp_trap_1                  0x0800041f   Thumb Code     0  libinit2.o(.ARM.Collect$$libinit$$00000021)
    __rt_lib_init_getenv_1                   0x0800041f   Thumb Code     0  libinit2.o(.ARM.Collect$$libinit$$00000025)
    __rt_lib_init_lc_numeric_1               0x0800041f   Thumb Code     0  libinit2.o(.ARM.Collect$$libinit$$00000019)
    __rt_lib_init_lc_time_1                  0x0800041f   Thumb Code     0  libinit2.o(.ARM.Collect$$libinit$$0000001B)
    __rt_lib_init_return                     0x0800041f   Thumb Code     0  libinit2.o(.ARM.Collect$$libinit$$00000035)
    __rt_lib_init_signal_1                   0x0800041f   Thumb Code     0  libinit2.o(.ARM.Collect$$libinit$$0000001F)
    __rt_lib_init_stdio_1                    0x0800041f   Thumb Code     0  libinit2.o(.ARM.Collect$$libinit$$00000027)
    __rt_lib_shutdown                        0x08000421   Thumb Code     0  libshutdown.o(.ARM.Collect$$libshutdown$$00000000)
    __rt_lib_shutdown_cpp_1                  0x08000423   Thumb Code     0  libshutdown2.o(.ARM.Collect$$libshutdown$$00000002)
    __rt_lib_shutdown_fp_trap_1              0x08000423   Thumb Code     0  libshutdown2.o(.ARM.Collect$$libshutdown$$00000007)
    __rt_lib_shutdown_heap_1                 0x08000423   Thumb Code     0  libshutdown2.o(.ARM.Collect$$libshutdown$$0000000F)
    __rt_lib_shutdown_return                 0x08000423   Thumb Code     0  libshutdown2.o(.ARM.Collect$$libshutdown$$00000010)
    __rt_lib_shutdown_signal_1               0x08000423   Thumb Code     0  libshutdown2.o(.ARM.Collect$$libshutdown$$0000000A)
    __rt_lib_shutdown_stdio_1                0x08000423   Thumb Code     0  libshutdown2.o(.ARM.Collect$$libshutdown$$00000004)
    __rt_lib_shutdown_user_alloc_1           0x08000423   Thumb Code     0  libshutdown2.o(.ARM.Collect$$libshutdown$$0000000C)
    __rt_entry                               0x08000425   Thumb Code     0  __rtentry.o(.ARM.Collect$$rtentry$$00000000)
    __rt_entry_presh_1                       0x08000425   Thumb Code     0  __rtentry2.o(.ARM.Collect$$rtentry$$00000002)
    __rt_entry_sh                            0x08000425   Thumb Code     0  __rtentry4.o(.ARM.Collect$$rtentry$$00000004)
    __rt_entry_li                            0x0800042b   Thumb Code     0  __rtentry2.o(.ARM.Collect$$rtentry$$0000000A)
    __rt_entry_postsh_1                      0x0800042b   Thumb Code     0  __rtentry2.o(.ARM.Collect$$rtentry$$00000009)
    __rt_entry_main                          0x0800042f   Thumb Code     0  __rtentry2.o(.ARM.Collect$$rtentry$$0000000D)
    __rt_entry_postli_1                      0x0800042f   Thumb Code     0  __rtentry2.o(.ARM.Collect$$rtentry$$0000000C)
    __rt_exit                                0x08000437   Thumb Code     0  rtexit.o(.ARM.Collect$$rtexit$$00000000)
    __rt_exit_ls                             0x08000439   Thumb Code     0  rtexit2.o(.ARM.Collect$$rtexit$$00000003)
    __rt_exit_prels_1                        0x08000439   Thumb Code     0  rtexit2.o(.ARM.Collect$$rtexit$$00000002)
    __rt_exit_exit                           0x0800043d   Thumb Code     0  rtexit2.o(.ARM.Collect$$rtexit$$00000004)
    Reset_Handler                            0x08000445   Thumb Code     8  startup_stm32h723xx.o(.text)
    ADC3_IRQHandler                          0x0800045f   Thumb Code     0  startup_stm32h723xx.o(.text)
    ADC_IRQHandler                           0x0800045f   Thumb Code     0  startup_stm32h723xx.o(.text)
    BDMA_Channel0_IRQHandler                 0x0800045f   Thumb Code     0  startup_stm32h723xx.o(.text)
    BDMA_Channel1_IRQHandler                 0x0800045f   Thumb Code     0  startup_stm32h723xx.o(.text)
    BDMA_Channel2_IRQHandler                 0x0800045f   Thumb Code     0  startup_stm32h723xx.o(.text)
    BDMA_Channel3_IRQHandler                 0x0800045f   Thumb Code     0  startup_stm32h723xx.o(.text)
    BDMA_Channel4_IRQHandler                 0x0800045f   Thumb Code     0  startup_stm32h723xx.o(.text)
    BDMA_Channel5_IRQHandler                 0x0800045f   Thumb Code     0  startup_stm32h723xx.o(.text)
    BDMA_Channel6_IRQHandler                 0x0800045f   Thumb Code     0  startup_stm32h723xx.o(.text)
    BDMA_Channel7_IRQHandler                 0x0800045f   Thumb Code     0  startup_stm32h723xx.o(.text)
    CEC_IRQHandler                           0x0800045f   Thumb Code     0  startup_stm32h723xx.o(.text)
    COMP1_IRQHandler                         0x0800045f   Thumb Code     0  startup_stm32h723xx.o(.text)
    CORDIC_IRQHandler                        0x0800045f   Thumb Code     0  startup_stm32h723xx.o(.text)
    CRS_IRQHandler                           0x0800045f   Thumb Code     0  startup_stm32h723xx.o(.text)
    DCMI_PSSI_IRQHandler                     0x0800045f   Thumb Code     0  startup_stm32h723xx.o(.text)
    DFSDM1_FLT0_IRQHandler                   0x0800045f   Thumb Code     0  startup_stm32h723xx.o(.text)
    DFSDM1_FLT1_IRQHandler                   0x0800045f   Thumb Code     0  startup_stm32h723xx.o(.text)
    DFSDM1_FLT2_IRQHandler                   0x0800045f   Thumb Code     0  startup_stm32h723xx.o(.text)
    DFSDM1_FLT3_IRQHandler                   0x0800045f   Thumb Code     0  startup_stm32h723xx.o(.text)
    DMA1_Stream0_IRQHandler                  0x0800045f   Thumb Code     0  startup_stm32h723xx.o(.text)
    DMA1_Stream1_IRQHandler                  0x0800045f   Thumb Code     0  startup_stm32h723xx.o(.text)
    DMA1_Stream2_IRQHandler                  0x0800045f   Thumb Code     0  startup_stm32h723xx.o(.text)
    DMA1_Stream3_IRQHandler                  0x0800045f   Thumb Code     0  startup_stm32h723xx.o(.text)
    DMA1_Stream4_IRQHandler                  0x0800045f   Thumb Code     0  startup_stm32h723xx.o(.text)
    DMA1_Stream5_IRQHandler                  0x0800045f   Thumb Code     0  startup_stm32h723xx.o(.text)
    DMA1_Stream6_IRQHandler                  0x0800045f   Thumb Code     0  startup_stm32h723xx.o(.text)
    DMA1_Stream7_IRQHandler                  0x0800045f   Thumb Code     0  startup_stm32h723xx.o(.text)
    DMA2D_IRQHandler                         0x0800045f   Thumb Code     0  startup_stm32h723xx.o(.text)
    DMA2_Stream0_IRQHandler                  0x0800045f   Thumb Code     0  startup_stm32h723xx.o(.text)
    DMA2_Stream1_IRQHandler                  0x0800045f   Thumb Code     0  startup_stm32h723xx.o(.text)
    DMA2_Stream2_IRQHandler                  0x0800045f   Thumb Code     0  startup_stm32h723xx.o(.text)
    DMA2_Stream3_IRQHandler                  0x0800045f   Thumb Code     0  startup_stm32h723xx.o(.text)
    DMA2_Stream4_IRQHandler                  0x0800045f   Thumb Code     0  startup_stm32h723xx.o(.text)
    DMA2_Stream5_IRQHandler                  0x0800045f   Thumb Code     0  startup_stm32h723xx.o(.text)
    DMA2_Stream6_IRQHandler                  0x0800045f   Thumb Code     0  startup_stm32h723xx.o(.text)
    DMA2_Stream7_IRQHandler                  0x0800045f   Thumb Code     0  startup_stm32h723xx.o(.text)
    DMAMUX1_OVR_IRQHandler                   0x0800045f   Thumb Code     0  startup_stm32h723xx.o(.text)
    DMAMUX2_OVR_IRQHandler                   0x0800045f   Thumb Code     0  startup_stm32h723xx.o(.text)
    DTS_IRQHandler                           0x0800045f   Thumb Code     0  startup_stm32h723xx.o(.text)
    ECC_IRQHandler                           0x0800045f   Thumb Code     0  startup_stm32h723xx.o(.text)
    ETH_IRQHandler                           0x0800045f   Thumb Code     0  startup_stm32h723xx.o(.text)
    ETH_WKUP_IRQHandler                      0x0800045f   Thumb Code     0  startup_stm32h723xx.o(.text)
    EXTI0_IRQHandler                         0x0800045f   Thumb Code     0  startup_stm32h723xx.o(.text)
    EXTI15_10_IRQHandler                     0x0800045f   Thumb Code     0  startup_stm32h723xx.o(.text)
    EXTI1_IRQHandler                         0x0800045f   Thumb Code     0  startup_stm32h723xx.o(.text)
    EXTI2_IRQHandler                         0x0800045f   Thumb Code     0  startup_stm32h723xx.o(.text)
    EXTI3_IRQHandler                         0x0800045f   Thumb Code     0  startup_stm32h723xx.o(.text)
    EXTI4_IRQHandler                         0x0800045f   Thumb Code     0  startup_stm32h723xx.o(.text)
    EXTI9_5_IRQHandler                       0x0800045f   Thumb Code     0  startup_stm32h723xx.o(.text)
    FDCAN1_IT0_IRQHandler                    0x0800045f   Thumb Code     0  startup_stm32h723xx.o(.text)
    FDCAN1_IT1_IRQHandler                    0x0800045f   Thumb Code     0  startup_stm32h723xx.o(.text)
    FDCAN2_IT0_IRQHandler                    0x0800045f   Thumb Code     0  startup_stm32h723xx.o(.text)
    FDCAN2_IT1_IRQHandler                    0x0800045f   Thumb Code     0  startup_stm32h723xx.o(.text)
    FDCAN3_IT0_IRQHandler                    0x0800045f   Thumb Code     0  startup_stm32h723xx.o(.text)
    FDCAN3_IT1_IRQHandler                    0x0800045f   Thumb Code     0  startup_stm32h723xx.o(.text)
    FDCAN_CAL_IRQHandler                     0x0800045f   Thumb Code     0  startup_stm32h723xx.o(.text)
    FLASH_IRQHandler                         0x0800045f   Thumb Code     0  startup_stm32h723xx.o(.text)
    FMAC_IRQHandler                          0x0800045f   Thumb Code     0  startup_stm32h723xx.o(.text)
    FMC_IRQHandler                           0x0800045f   Thumb Code     0  startup_stm32h723xx.o(.text)
    FPU_IRQHandler                           0x0800045f   Thumb Code     0  startup_stm32h723xx.o(.text)
    HSEM1_IRQHandler                         0x0800045f   Thumb Code     0  startup_stm32h723xx.o(.text)
    I2C1_ER_IRQHandler                       0x0800045f   Thumb Code     0  startup_stm32h723xx.o(.text)
    I2C1_EV_IRQHandler                       0x0800045f   Thumb Code     0  startup_stm32h723xx.o(.text)
    I2C2_ER_IRQHandler                       0x0800045f   Thumb Code     0  startup_stm32h723xx.o(.text)
    I2C2_EV_IRQHandler                       0x0800045f   Thumb Code     0  startup_stm32h723xx.o(.text)
    I2C3_ER_IRQHandler                       0x0800045f   Thumb Code     0  startup_stm32h723xx.o(.text)
    I2C3_EV_IRQHandler                       0x0800045f   Thumb Code     0  startup_stm32h723xx.o(.text)
    I2C4_ER_IRQHandler                       0x0800045f   Thumb Code     0  startup_stm32h723xx.o(.text)
    I2C4_EV_IRQHandler                       0x0800045f   Thumb Code     0  startup_stm32h723xx.o(.text)
    I2C5_ER_IRQHandler                       0x0800045f   Thumb Code     0  startup_stm32h723xx.o(.text)
    I2C5_EV_IRQHandler                       0x0800045f   Thumb Code     0  startup_stm32h723xx.o(.text)
    LPTIM1_IRQHandler                        0x0800045f   Thumb Code     0  startup_stm32h723xx.o(.text)
    LPTIM2_IRQHandler                        0x0800045f   Thumb Code     0  startup_stm32h723xx.o(.text)
    LPTIM3_IRQHandler                        0x0800045f   Thumb Code     0  startup_stm32h723xx.o(.text)
    LPTIM4_IRQHandler                        0x0800045f   Thumb Code     0  startup_stm32h723xx.o(.text)
    LPTIM5_IRQHandler                        0x0800045f   Thumb Code     0  startup_stm32h723xx.o(.text)
    LPUART1_IRQHandler                       0x0800045f   Thumb Code     0  startup_stm32h723xx.o(.text)
    LTDC_ER_IRQHandler                       0x0800045f   Thumb Code     0  startup_stm32h723xx.o(.text)
    LTDC_IRQHandler                          0x0800045f   Thumb Code     0  startup_stm32h723xx.o(.text)
    MDIOS_IRQHandler                         0x0800045f   Thumb Code     0  startup_stm32h723xx.o(.text)
    MDIOS_WKUP_IRQHandler                    0x0800045f   Thumb Code     0  startup_stm32h723xx.o(.text)
    MDMA_IRQHandler                          0x0800045f   Thumb Code     0  startup_stm32h723xx.o(.text)
    OCTOSPI1_IRQHandler                      0x0800045f   Thumb Code     0  startup_stm32h723xx.o(.text)
    OCTOSPI2_IRQHandler                      0x0800045f   Thumb Code     0  startup_stm32h723xx.o(.text)
    OTG_HS_EP1_IN_IRQHandler                 0x0800045f   Thumb Code     0  startup_stm32h723xx.o(.text)
    OTG_HS_EP1_OUT_IRQHandler                0x0800045f   Thumb Code     0  startup_stm32h723xx.o(.text)
    OTG_HS_IRQHandler                        0x0800045f   Thumb Code     0  startup_stm32h723xx.o(.text)
    OTG_HS_WKUP_IRQHandler                   0x0800045f   Thumb Code     0  startup_stm32h723xx.o(.text)
    PVD_AVD_IRQHandler                       0x0800045f   Thumb Code     0  startup_stm32h723xx.o(.text)
    RCC_IRQHandler                           0x0800045f   Thumb Code     0  startup_stm32h723xx.o(.text)
    RNG_IRQHandler                           0x0800045f   Thumb Code     0  startup_stm32h723xx.o(.text)
    RTC_Alarm_IRQHandler                     0x0800045f   Thumb Code     0  startup_stm32h723xx.o(.text)
    RTC_WKUP_IRQHandler                      0x0800045f   Thumb Code     0  startup_stm32h723xx.o(.text)
    SAI1_IRQHandler                          0x0800045f   Thumb Code     0  startup_stm32h723xx.o(.text)
    SAI4_IRQHandler                          0x0800045f   Thumb Code     0  startup_stm32h723xx.o(.text)
    SDMMC1_IRQHandler                        0x0800045f   Thumb Code     0  startup_stm32h723xx.o(.text)
    SDMMC2_IRQHandler                        0x0800045f   Thumb Code     0  startup_stm32h723xx.o(.text)
    SPDIF_RX_IRQHandler                      0x0800045f   Thumb Code     0  startup_stm32h723xx.o(.text)
    SPI1_IRQHandler                          0x0800045f   Thumb Code     0  startup_stm32h723xx.o(.text)
    SPI2_IRQHandler                          0x0800045f   Thumb Code     0  startup_stm32h723xx.o(.text)
    SPI3_IRQHandler                          0x0800045f   Thumb Code     0  startup_stm32h723xx.o(.text)
    SPI4_IRQHandler                          0x0800045f   Thumb Code     0  startup_stm32h723xx.o(.text)
    SPI5_IRQHandler                          0x0800045f   Thumb Code     0  startup_stm32h723xx.o(.text)
    SPI6_IRQHandler                          0x0800045f   Thumb Code     0  startup_stm32h723xx.o(.text)
    SWPMI1_IRQHandler                        0x0800045f   Thumb Code     0  startup_stm32h723xx.o(.text)
    TAMP_STAMP_IRQHandler                    0x0800045f   Thumb Code     0  startup_stm32h723xx.o(.text)
    TIM15_IRQHandler                         0x0800045f   Thumb Code     0  startup_stm32h723xx.o(.text)
    TIM16_IRQHandler                         0x0800045f   Thumb Code     0  startup_stm32h723xx.o(.text)
    TIM17_IRQHandler                         0x0800045f   Thumb Code     0  startup_stm32h723xx.o(.text)
    TIM1_BRK_IRQHandler                      0x0800045f   Thumb Code     0  startup_stm32h723xx.o(.text)
    TIM1_CC_IRQHandler                       0x0800045f   Thumb Code     0  startup_stm32h723xx.o(.text)
    TIM1_TRG_COM_IRQHandler                  0x0800045f   Thumb Code     0  startup_stm32h723xx.o(.text)
    TIM1_UP_IRQHandler                       0x0800045f   Thumb Code     0  startup_stm32h723xx.o(.text)
    TIM23_IRQHandler                         0x0800045f   Thumb Code     0  startup_stm32h723xx.o(.text)
    TIM24_IRQHandler                         0x0800045f   Thumb Code     0  startup_stm32h723xx.o(.text)
    TIM2_IRQHandler                          0x0800045f   Thumb Code     0  startup_stm32h723xx.o(.text)
    TIM3_IRQHandler                          0x0800045f   Thumb Code     0  startup_stm32h723xx.o(.text)
    TIM4_IRQHandler                          0x0800045f   Thumb Code     0  startup_stm32h723xx.o(.text)
    TIM5_IRQHandler                          0x0800045f   Thumb Code     0  startup_stm32h723xx.o(.text)
    TIM6_DAC_IRQHandler                      0x0800045f   Thumb Code     0  startup_stm32h723xx.o(.text)
    TIM7_IRQHandler                          0x0800045f   Thumb Code     0  startup_stm32h723xx.o(.text)
    TIM8_BRK_TIM12_IRQHandler                0x0800045f   Thumb Code     0  startup_stm32h723xx.o(.text)
    TIM8_CC_IRQHandler                       0x0800045f   Thumb Code     0  startup_stm32h723xx.o(.text)
    TIM8_TRG_COM_TIM14_IRQHandler            0x0800045f   Thumb Code     0  startup_stm32h723xx.o(.text)
    TIM8_UP_TIM13_IRQHandler                 0x0800045f   Thumb Code     0  startup_stm32h723xx.o(.text)
    UART4_IRQHandler                         0x0800045f   Thumb Code     0  startup_stm32h723xx.o(.text)
    UART5_IRQHandler                         0x0800045f   Thumb Code     0  startup_stm32h723xx.o(.text)
    UART7_IRQHandler                         0x0800045f   Thumb Code     0  startup_stm32h723xx.o(.text)
    UART8_IRQHandler                         0x0800045f   Thumb Code     0  startup_stm32h723xx.o(.text)
    UART9_IRQHandler                         0x0800045f   Thumb Code     0  startup_stm32h723xx.o(.text)
    USART10_IRQHandler                       0x0800045f   Thumb Code     0  startup_stm32h723xx.o(.text)
    USART2_IRQHandler                        0x0800045f   Thumb Code     0  startup_stm32h723xx.o(.text)
    USART3_IRQHandler                        0x0800045f   Thumb Code     0  startup_stm32h723xx.o(.text)
    USART6_IRQHandler                        0x0800045f   Thumb Code     0  startup_stm32h723xx.o(.text)
    WAKEUP_PIN_IRQHandler                    0x0800045f   Thumb Code     0  startup_stm32h723xx.o(.text)
    WWDG_IRQHandler                          0x0800045f   Thumb Code     0  startup_stm32h723xx.o(.text)
    __user_initial_stackheap                 0x08000461   Thumb Code     0  startup_stm32h723xx.o(.text)
    __aeabi_uldivmod                         0x08000485   Thumb Code     0  lludivv7m.o(.text)
    _ll_udiv                                 0x08000485   Thumb Code   240  lludivv7m.o(.text)
    vsnprintf                                0x08000575   Thumb Code    56  vsnprintf.o(.text)
    __aeabi_memcpy                           0x080005b1   Thumb Code     0  rt_memcpy_v6.o(.text)
    __rt_memcpy                              0x080005b1   Thumb Code   138  rt_memcpy_v6.o(.text)
    _memcpy_lastbytes                        0x08000617   Thumb Code     0  rt_memcpy_v6.o(.text)
    __aeabi_memclr4                          0x0800063b   Thumb Code     0  rt_memclr_w.o(.text)
    __aeabi_memclr8                          0x0800063b   Thumb Code     0  rt_memclr_w.o(.text)
    __rt_memclr_w                            0x0800063b   Thumb Code     0  rt_memclr_w.o(.text)
    _memset_w                                0x0800063f   Thumb Code    74  rt_memclr_w.o(.text)
    __use_two_region_memory                  0x08000689   Thumb Code     2  heapauxi.o(.text)
    __rt_heap_escrow$2region                 0x0800068b   Thumb Code     2  heapauxi.o(.text)
    __rt_heap_expand$2region                 0x0800068d   Thumb Code     2  heapauxi.o(.text)
    _printf_pre_padding                      0x0800068f   Thumb Code    44  _printf_pad.o(.text)
    _printf_post_padding                     0x080006bb   Thumb Code    34  _printf_pad.o(.text)
    _printf_truncate_signed                  0x080006dd   Thumb Code    18  _printf_truncate.o(.text)
    _printf_truncate_unsigned                0x080006ef   Thumb Code    18  _printf_truncate.o(.text)
    _printf_str                              0x08000701   Thumb Code    82  _printf_str.o(.text)
    _printf_int_dec                          0x08000755   Thumb Code   104  _printf_dec.o(.text)
    _printf_charcount                        0x080007cd   Thumb Code    40  _printf_charcount.o(.text)
    _printf_char_common                      0x080007ff   Thumb Code    32  _printf_char_common.o(.text)
    _snputc                                  0x08000825   Thumb Code    16  _snputc.o(.text)
    _printf_wctomb                           0x08000835   Thumb Code   182  _printf_wctomb.o(.text)
    _printf_longlong_dec                     0x080008f1   Thumb Code   108  _printf_longlong_dec.o(.text)
    _printf_longlong_oct                     0x0800096d   Thumb Code    68  _printf_oct_int_ll.o(.text)
    _printf_int_oct                          0x080009b1   Thumb Code    24  _printf_oct_int_ll.o(.text)
    _printf_ll_oct                           0x080009c9   Thumb Code    12  _printf_oct_int_ll.o(.text)
    _printf_longlong_hex                     0x080009dd   Thumb Code    86  _printf_hex_int_ll_ptr.o(.text)
    _printf_int_hex                          0x08000a33   Thumb Code    28  _printf_hex_int_ll_ptr.o(.text)
    _printf_ll_hex                           0x08000a4f   Thumb Code    12  _printf_hex_int_ll_ptr.o(.text)
    _printf_hex_ptr                          0x08000a5b   Thumb Code    18  _printf_hex_int_ll_ptr.o(.text)
    __printf                                 0x08000a71   Thumb Code   388  __printf_flags_ss_wp.o(.text)
    __aeabi_memcpy4                          0x08000bf9   Thumb Code     0  rt_memcpy_w.o(.text)
    __aeabi_memcpy8                          0x08000bf9   Thumb Code     0  rt_memcpy_w.o(.text)
    __rt_memcpy_w                            0x08000bf9   Thumb Code   100  rt_memcpy_w.o(.text)
    _memcpy_lastbytes_aligned                0x08000c41   Thumb Code     0  rt_memcpy_w.o(.text)
    _ll_udiv10                               0x08000c5d   Thumb Code   138  lludiv10.o(.text)
    _printf_int_common                       0x08000ce7   Thumb Code   178  _printf_intcommon.o(.text)
    _printf_fp_dec_real                      0x08000f49   Thumb Code   620  _printf_fp_dec.o(.text)
    _printf_fp_hex_real                      0x080011b5   Thumb Code   756  _printf_fp_hex.o(.text)
    _printf_cs_common                        0x080014b1   Thumb Code    20  _printf_char.o(.text)
    _printf_char                             0x080014c5   Thumb Code    16  _printf_char.o(.text)
    _printf_string                           0x080014d5   Thumb Code     8  _printf_char.o(.text)
    _printf_lcs_common                       0x080014dd   Thumb Code    20  _printf_wchar.o(.text)
    _printf_wchar                            0x080014f1   Thumb Code    16  _printf_wchar.o(.text)
    _printf_wstring                          0x08001501   Thumb Code     8  _printf_wchar.o(.text)
    _c16rtomb                                0x08001509   Thumb Code    72  _c16rtomb.o(.text)
    _wcrtomb                                 0x08001509   Thumb Code     0  _c16rtomb.o(.text)
    __user_setup_stackheap                   0x08001551   Thumb Code    74  sys_stackheap_outer.o(.text)
    __rt_ctype_table                         0x0800159d   Thumb Code    16  rt_ctype_table.o(.text)
    __rt_locale                              0x080015ad   Thumb Code     8  rt_locale_intlibspace.o(.text)
    _printf_fp_infnan                        0x080015b5   Thumb Code   112  _printf_fp_infnan.o(.text)
    _btod_etento                             0x08001635   Thumb Code   224  bigflt0.o(.text)
    exit                                     0x08001719   Thumb Code    18  exit.o(.text)
    __user_libspace                          0x0800172d   Thumb Code     8  libspace.o(.text)
    __user_perproc_libspace                  0x0800172d   Thumb Code     0  libspace.o(.text)
    __user_perthread_libspace                0x0800172d   Thumb Code     0  libspace.o(.text)
    strcmp                                   0x08001739   Thumb Code   124  strcmpv7m_pel.o(.text)
    _sys_exit                                0x080017b5   Thumb Code     8  sys_exit.o(.text)
    __I$use$semihosting                      0x080017c1   Thumb Code     0  use_no_semi.o(.text)
    __use_no_semihosting_swi                 0x080017c1   Thumb Code     2  use_no_semi.o(.text)
    __semihosting_library_function           0x080017c3   Thumb Code     0  indicate_semi.o(.text)
    BusFault_Handler                         0x080017c9   Thumb Code     2  stm32h7xx_it.o(.text.BusFault_Handler)
    DebugMon_Handler                         0x080017d1   Thumb Code     2  stm32h7xx_it.o(.text.DebugMon_Handler)
    Error_Handler                            0x080017d9   Thumb Code    10  main.o(.text.Error_Handler)
    HAL_DMA_Abort                            0x080017e9   Thumb Code  1318  stm32h7xx_hal_dma.o(.text.HAL_DMA_Abort)
    HAL_DMA_Abort_IT                         0x08001d11   Thumb Code   694  stm32h7xx_hal_dma.o(.text.HAL_DMA_Abort_IT)
    HAL_GPIO_Init                            0x08001fc9   Thumb Code   422  stm32h7xx_hal_gpio.o(.text.HAL_GPIO_Init)
    HAL_GetTick                              0x08002171   Thumb Code    12  stm32h7xx_hal.o(.text.HAL_GetTick)
    HAL_IncTick                              0x08002181   Thumb Code    26  stm32h7xx_hal.o(.text.HAL_IncTick)
    HAL_Init                                 0x080021a1   Thumb Code   100  stm32h7xx_hal.o(.text.HAL_Init)
    HAL_InitTick                             0x08002209   Thumb Code    80  stm32h7xx_hal.o(.text.HAL_InitTick)
    HAL_MPU_ConfigRegion                     0x08002259   Thumb Code    94  stm32h7xx_hal_cortex.o(.text.HAL_MPU_ConfigRegion)
    HAL_MPU_Disable                          0x080022b9   Thumb Code    26  stm32h7xx_hal_cortex.o(.text.HAL_MPU_Disable)
    HAL_MPU_Enable                           0x080022d9   Thumb Code    32  stm32h7xx_hal_cortex.o(.text.HAL_MPU_Enable)
    HAL_MspInit                              0x080022f9   Thumb Code    32  stm32h7xx_hal_msp.o(.text.HAL_MspInit)
    HAL_NVIC_EnableIRQ                       0x08002319   Thumb Code    34  stm32h7xx_hal_cortex.o(.text.HAL_NVIC_EnableIRQ)
    HAL_NVIC_SetPriority                     0x08002341   Thumb Code    90  stm32h7xx_hal_cortex.o(.text.HAL_NVIC_SetPriority)
    HAL_NVIC_SetPriorityGrouping             0x080023a1   Thumb Code    32  stm32h7xx_hal_cortex.o(.text.HAL_NVIC_SetPriorityGrouping)
    HAL_PWREx_ConfigSupply                   0x080023c1   Thumb Code    76  stm32h7xx_hal_pwr_ex.o(.text.HAL_PWREx_ConfigSupply)
    HAL_RCCEx_GetD3PCLK1Freq                 0x08002411   Thumb Code    38  stm32h7xx_hal_rcc_ex.o(.text.HAL_RCCEx_GetD3PCLK1Freq)
    HAL_RCCEx_GetPLL2ClockFreq               0x08002439   Thumb Code   280  stm32h7xx_hal_rcc_ex.o(.text.HAL_RCCEx_GetPLL2ClockFreq)
    HAL_RCCEx_GetPLL3ClockFreq               0x08002561   Thumb Code   280  stm32h7xx_hal_rcc_ex.o(.text.HAL_RCCEx_GetPLL3ClockFreq)
    HAL_RCCEx_PeriphCLKConfig                0x08002689   Thumb Code  2688  stm32h7xx_hal_rcc_ex.o(.text.HAL_RCCEx_PeriphCLKConfig)
    HAL_RCC_ClockConfig                      0x08003109   Thumb Code   596  stm32h7xx_hal_rcc.o(.text.HAL_RCC_ClockConfig)
    HAL_RCC_GetHCLKFreq                      0x08003361   Thumb Code    76  stm32h7xx_hal_rcc.o(.text.HAL_RCC_GetHCLKFreq)
    HAL_RCC_GetPCLK1Freq                     0x080033b1   Thumb Code    96  stm32h7xx_hal_rcc.o(.text.HAL_RCC_GetPCLK1Freq)
    HAL_RCC_GetPCLK2Freq                     0x08003411   Thumb Code    96  stm32h7xx_hal_rcc.o(.text.HAL_RCC_GetPCLK2Freq)
    HAL_RCC_GetSysClockFreq                  0x08003471   Thumb Code   264  stm32h7xx_hal_rcc.o(.text.HAL_RCC_GetSysClockFreq)
    HAL_RCC_OscConfig                        0x08003591   Thumb Code  1324  stm32h7xx_hal_rcc.o(.text.HAL_RCC_OscConfig)
    HAL_SYSTICK_Config                       0x08003ac1   Thumb Code    46  stm32h7xx_hal_cortex.o(.text.HAL_SYSTICK_Config)
    HAL_UARTEx_DisableFifoMode               0x08003af1   Thumb Code    54  stm32h7xx_hal_uart_ex.o(.text.HAL_UARTEx_DisableFifoMode)
    HAL_UARTEx_RxEventCallback               0x08003b29   Thumb Code     2  stm32h7xx_hal_uart.o(.text.HAL_UARTEx_RxEventCallback)
    HAL_UARTEx_RxFifoFullCallback            0x08003b31   Thumb Code     2  stm32h7xx_hal_uart_ex.o(.text.HAL_UARTEx_RxFifoFullCallback)
    HAL_UARTEx_SetRxFifoThreshold            0x08003b39   Thumb Code   140  stm32h7xx_hal_uart_ex.o(.text.HAL_UARTEx_SetRxFifoThreshold)
    HAL_UARTEx_SetTxFifoThreshold            0x08003bc9   Thumb Code   140  stm32h7xx_hal_uart_ex.o(.text.HAL_UARTEx_SetTxFifoThreshold)
    HAL_UARTEx_TxFifoEmptyCallback           0x08003c59   Thumb Code     2  stm32h7xx_hal_uart_ex.o(.text.HAL_UARTEx_TxFifoEmptyCallback)
    HAL_UARTEx_WakeupCallback                0x08003c61   Thumb Code     2  stm32h7xx_hal_uart_ex.o(.text.HAL_UARTEx_WakeupCallback)
    HAL_UART_ErrorCallback                   0x08003c69   Thumb Code    62  usart.o(.text.HAL_UART_ErrorCallback)
    HAL_UART_IRQHandler                      0x08003ca9   Thumb Code  1650  stm32h7xx_hal_uart.o(.text.HAL_UART_IRQHandler)
    HAL_UART_Init                            0x08004321   Thumb Code   100  stm32h7xx_hal_uart.o(.text.HAL_UART_Init)
    HAL_UART_MspInit                         0x08004389   Thumb Code   162  usart.o(.text.HAL_UART_MspInit)
    HAL_UART_Receive_IT                      0x08004431   Thumb Code   172  stm32h7xx_hal_uart.o(.text.HAL_UART_Receive_IT)
    HAL_UART_RxCpltCallback                  0x080044e1   Thumb Code   118  usart.o(.text.HAL_UART_RxCpltCallback)
    HAL_UART_Transmit                        0x08004559   Thumb Code   426  stm32h7xx_hal_uart.o(.text.HAL_UART_Transmit)
    HAL_UART_TxCpltCallback                  0x08004709   Thumb Code     2  stm32h7xx_hal_uart.o(.text.HAL_UART_TxCpltCallback)
    HardFault_Handler                        0x08004711   Thumb Code     2  stm32h7xx_it.o(.text.HardFault_Handler)
    MX_GPIO_Init                             0x08004719   Thumb Code    50  gpio.o(.text.MX_GPIO_Init)
    MX_USART1_UART_Init                      0x08004751   Thumb Code   124  usart.o(.text.MX_USART1_UART_Init)
    MemManage_Handler                        0x080047d1   Thumb Code     2  stm32h7xx_it.o(.text.MemManage_Handler)
    NMI_Handler                              0x080047d9   Thumb Code     2  stm32h7xx_it.o(.text.NMI_Handler)
    PendSV_Handler                           0x080047e1   Thumb Code     2  stm32h7xx_it.o(.text.PendSV_Handler)
    RTT_LogInit                              0x08004a39   Thumb Code    18  rtt_log.o(.text.RTT_LogInit)
    RTT_LogPrintf                            0x08004a51   Thumb Code    64  rtt_log.o(.text.RTT_LogPrintf)
    SEGGER_RTT_Init                          0x08004a91   Thumb Code   112  segger_rtt.o(.text.SEGGER_RTT_Init)
    SEGGER_RTT_SetFlagsUpBuffer              0x08004b01   Thumb Code   170  segger_rtt.o(.text.SEGGER_RTT_SetFlagsUpBuffer)
    SEGGER_RTT_Write                         0x08004bb1   Thumb Code   164  segger_rtt.o(.text.SEGGER_RTT_Write)
    SEGGER_RTT_WriteNoLock                   0x08004c59   Thumb Code   336  segger_rtt.o(.text.SEGGER_RTT_WriteNoLock)
    SVC_Handler                              0x08004da9   Thumb Code     2  stm32h7xx_it.o(.text.SVC_Handler)
    SysTick_Handler                          0x08004db1   Thumb Code     4  stm32h7xx_it.o(.text.SysTick_Handler)
    SystemClock_Config                       0x08004db9   Thumb Code   204  main.o(.text.SystemClock_Config)
    SystemInit                               0x08004e89   Thumb Code   176  system_stm32h7xx.o(.text.SystemInit)
    UART_AdvFeatureConfig                    0x08004f39   Thumb Code   224  stm32h7xx_hal_uart.o(.text.UART_AdvFeatureConfig)
    UART_CheckIdleState                      0x08005019   Thumb Code   366  stm32h7xx_hal_uart.o(.text.UART_CheckIdleState)
    UART_SetConfig                           0x08005b91   Thumb Code  1176  stm32h7xx_hal_uart.o(.text.UART_SetConfig)
    UART_Start_Receive_IT                    0x08006031   Thumb Code   628  stm32h7xx_hal_uart.o(.text.UART_Start_Receive_IT)
    UART_WaitOnFlagUntilTimeout              0x080062a9   Thumb Code   856  stm32h7xx_hal_uart.o(.text.UART_WaitOnFlagUntilTimeout)
    USART1_CpuMonitorInit                    0x08006601   Thumb Code    54  usart.o(.text.USART1_CpuMonitorInit)
    USART1_CpuMonitorTask                    0x08006639   Thumb Code   284  usart.o(.text.USART1_CpuMonitorTask)
    USART1_IRQHandler                        0x08006759   Thumb Code    12  stm32h7xx_it.o(.text.USART1_IRQHandler)
    USART1_Process                           0x08006769   Thumb Code   184  usart.o(.text.USART1_Process)
    USART1_StartReceiveIT                    0x08006821   Thumb Code    22  usart.o(.text.USART1_StartReceiveIT)
    UsageFault_Handler                       0x08006839   Thumb Code     2  stm32h7xx_it.o(.text.UsageFault_Handler)
    main                                     0x08006841   Thumb Code    90  main.o(.text.main)
    _btod_d2e                                0x0800689b   Thumb Code    62  btod.o(CL$$btod_d2e)
    _d2e_denorm_low                          0x080068d9   Thumb Code    70  btod.o(CL$$btod_d2e_denorm_low)
    _d2e_norm_op1                            0x0800691f   Thumb Code    96  btod.o(CL$$btod_d2e_norm_op1)
    __btod_div_common                        0x08006981   Thumb Code   696  btod.o(CL$$btod_div_common)
    _e2e                                     0x08006cb9   Thumb Code   220  btod.o(CL$$btod_e2e)
    _btod_ediv                               0x08006d95   Thumb Code    42  btod.o(CL$$btod_ediv)
    _btod_emul                               0x08006dbf   Thumb Code    42  btod.o(CL$$btod_emul)
    __btod_mult_common                       0x08006de9   Thumb Code   580  btod.o(CL$$btod_mult_common)
    __ARM_fpclassify                         0x0800702d   Thumb Code    48  fpclassify.o(i.__ARM_fpclassify)
    _is_digit                                0x0800705d   Thumb Code    14  __printf_wp.o(i._is_digit)
    _get_lc_numeric                          0x0800706d   Thumb Code    44  lc_numeric_c.o(locale$$code)
    _get_lc_ctype                            0x08007099   Thumb Code    44  lc_ctype_c.o(locale$$code)
    _fp_init                                 0x080070c5   Thumb Code    26  fpinit.o(x$fpl$fpinit)
    __fplib_config_fpu_vfp                   0x080070dd   Thumb Code     0  fpinit.o(x$fpl$fpinit)
    __fplib_config_pureend_doubles           0x080070dd   Thumb Code     0  fpinit.o(x$fpl$fpinit)
    _printf_fp_dec                           0x080070df   Thumb Code     4  printf1.o(x$fpl$printf1)
    _printf_fp_hex                           0x080070e3   Thumb Code     4  printf2.o(x$fpl$printf2)
    __I$use$fp                               0x080070e6   Number         0  usenofp.o(x$fpl$usenofp)
    D1CorePrescTable                         0x080071f0   Data          16  system_stm32h7xx.o(.rodata.D1CorePrescTable)
    UARTPrescTable                           0x08007200   Data          24  stm32h7xx_hal_uart.o(.rodata.UARTPrescTable)
    Region$$Table$$Base                      0x080072b8   Number         0  anon$$obj.o(Region$$Table)
    Region$$Table$$Limit                     0x080072e8   Number         0  anon$$obj.o(Region$$Table)
    __ctype                                  0x08007311   Data           0  lc_ctype_c.o(locale$$data)
    uwTickFreq                               0x20000000   Data           1  stm32h7xx_hal.o(.data..L_MergedGlobals)
    uwTickPrio                               0x20000004   Data           4  stm32h7xx_hal.o(.data..L_MergedGlobals)
    SystemCoreClock                          0x20000008   Data           4  system_stm32h7xx.o(.data..L_MergedGlobals)
    SystemD2Clock                            0x2000000c   Data           4  system_stm32h7xx.o(.data..L_MergedGlobals)
    __libspace_start                         0x24000000   Data          96  libspace.o(.bss)
    __temporary_stack_top$libspace           0x24000060   Data           0  libspace.o(.bss)
    _SEGGER_RTT                              0x24000074   Data         168  segger_rtt.o(.bss._SEGGER_RTT)
    huart1                                   0x2400051c   Data         148  usart.o(.bss.huart1)
    uwTick                                   0x24000630   Data           4  stm32h7xx_hal.o(.bss.uwTick)



==============================================================================

Memory Map of the image

  Image Entry point : 0x080002cd

  Load Region LR_IROM1 (Base: 0x08000000, Size: 0x00007428, Max: 0x00100000, ABSOLUTE)

    Execution Region ER_IROM1 (Exec base: 0x08000000, Load base: 0x08000000, Size: 0x00007414, Max: 0x00100000, ABSOLUTE)

    Exec Addr    Load Addr    Size         Type   Attr      Idx    E Section Name        Object

    0x08000000   0x08000000   0x000002cc   Data   RO            3    RESET               startup_stm32h723xx.o
    0x080002cc   0x080002cc   0x00000008   Code   RO         1232  * !!!main             c_w.l(__main.o)
    0x080002d4   0x080002d4   0x0000005c   Code   RO         1581    !!!scatter          c_w.l(__scatter.o)
    0x08000330   0x08000330   0x0000001a   Code   RO         1585    !!handler_copy      c_w.l(__scatter_copy.o)
    0x0800034a   0x0800034a   0x00000002   PAD
    0x0800034c   0x0800034c   0x00000002   Code   RO         1582    !!handler_null      c_w.l(__scatter.o)
    0x0800034e   0x0800034e   0x00000002   PAD
    0x08000350   0x08000350   0x0000001c   Code   RO         1587    !!handler_zi        c_w.l(__scatter_zi.o)
    0x0800036c   0x0800036c   0x00000000   Code   RO         1320    .ARM.Collect$$_printf_percent$$00000000  c_w.l(_printf_percent.o)
    0x0800036c   0x0800036c   0x00000006   Code   RO         1309    .ARM.Collect$$_printf_percent$$00000001  c_w.l(_printf_n.o)
    0x08000372   0x08000372   0x00000006   Code   RO         1311    .ARM.Collect$$_printf_percent$$00000002  c_w.l(_printf_p.o)
    0x08000378   0x08000378   0x00000006   Code   RO         1316    .ARM.Collect$$_printf_percent$$00000003  c_w.l(_printf_f.o)
    0x0800037e   0x0800037e   0x00000006   Code   RO         1317    .ARM.Collect$$_printf_percent$$00000004  c_w.l(_printf_e.o)
    0x08000384   0x08000384   0x00000006   Code   RO         1318    .ARM.Collect$$_printf_percent$$00000005  c_w.l(_printf_g.o)
    0x0800038a   0x0800038a   0x00000006   Code   RO         1319    .ARM.Collect$$_printf_percent$$00000006  c_w.l(_printf_a.o)
    0x08000390   0x08000390   0x0000000a   Code   RO         1324    .ARM.Collect$$_printf_percent$$00000007  c_w.l(_printf_ll.o)
    0x0800039a   0x0800039a   0x00000006   Code   RO         1313    .ARM.Collect$$_printf_percent$$00000008  c_w.l(_printf_i.o)
    0x080003a0   0x080003a0   0x00000006   Code   RO         1314    .ARM.Collect$$_printf_percent$$00000009  c_w.l(_printf_d.o)
    0x080003a6   0x080003a6   0x00000006   Code   RO         1315    .ARM.Collect$$_printf_percent$$0000000A  c_w.l(_printf_u.o)
    0x080003ac   0x080003ac   0x00000006   Code   RO         1312    .ARM.Collect$$_printf_percent$$0000000B  c_w.l(_printf_o.o)
    0x080003b2   0x080003b2   0x00000006   Code   RO         1310    .ARM.Collect$$_printf_percent$$0000000C  c_w.l(_printf_x.o)
    0x080003b8   0x080003b8   0x00000006   Code   RO         1321    .ARM.Collect$$_printf_percent$$0000000D  c_w.l(_printf_lli.o)
    0x080003be   0x080003be   0x00000006   Code   RO         1322    .ARM.Collect$$_printf_percent$$0000000E  c_w.l(_printf_lld.o)
    0x080003c4   0x080003c4   0x00000006   Code   RO         1323    .ARM.Collect$$_printf_percent$$0000000F  c_w.l(_printf_llu.o)
    0x080003ca   0x080003ca   0x00000006   Code   RO         1328    .ARM.Collect$$_printf_percent$$00000010  c_w.l(_printf_llo.o)
    0x080003d0   0x080003d0   0x00000006   Code   RO         1329    .ARM.Collect$$_printf_percent$$00000011  c_w.l(_printf_llx.o)
    0x080003d6   0x080003d6   0x0000000a   Code   RO         1325    .ARM.Collect$$_printf_percent$$00000012  c_w.l(_printf_l.o)
    0x080003e0   0x080003e0   0x00000006   Code   RO         1307    .ARM.Collect$$_printf_percent$$00000013  c_w.l(_printf_c.o)
    0x080003e6   0x080003e6   0x00000006   Code   RO         1308    .ARM.Collect$$_printf_percent$$00000014  c_w.l(_printf_s.o)
    0x080003ec   0x080003ec   0x00000006   Code   RO         1326    .ARM.Collect$$_printf_percent$$00000015  c_w.l(_printf_lc.o)
    0x080003f2   0x080003f2   0x00000006   Code   RO         1327    .ARM.Collect$$_printf_percent$$00000016  c_w.l(_printf_ls.o)
    0x080003f8   0x080003f8   0x00000004   Code   RO         1374    .ARM.Collect$$_printf_percent$$00000017  c_w.l(_printf_percent_end.o)
    0x080003fc   0x080003fc   0x00000002   Code   RO         1429    .ARM.Collect$$libinit$$00000000  c_w.l(libinit.o)
    0x080003fe   0x080003fe   0x00000004   Code   RO         1453    .ARM.Collect$$libinit$$00000001  c_w.l(libinit2.o)
    0x08000402   0x08000402   0x00000000   Code   RO         1456    .ARM.Collect$$libinit$$00000004  c_w.l(libinit2.o)
    0x08000402   0x08000402   0x00000000   Code   RO         1458    .ARM.Collect$$libinit$$00000006  c_w.l(libinit2.o)
    0x08000402   0x08000402   0x00000000   Code   RO         1461    .ARM.Collect$$libinit$$0000000C  c_w.l(libinit2.o)
    0x08000402   0x08000402   0x00000000   Code   RO         1463    .ARM.Collect$$libinit$$0000000E  c_w.l(libinit2.o)
    0x08000402   0x08000402   0x00000000   Code   RO         1465    .ARM.Collect$$libinit$$00000010  c_w.l(libinit2.o)
    0x08000402   0x08000402   0x00000006   Code   RO         1466    .ARM.Collect$$libinit$$00000011  c_w.l(libinit2.o)
    0x08000408   0x08000408   0x00000000   Code   RO         1468    .ARM.Collect$$libinit$$00000013  c_w.l(libinit2.o)
    0x08000408   0x08000408   0x0000000c   Code   RO         1469    .ARM.Collect$$libinit$$00000014  c_w.l(libinit2.o)
    0x08000414   0x08000414   0x00000000   Code   RO         1470    .ARM.Collect$$libinit$$00000015  c_w.l(libinit2.o)
    0x08000414   0x08000414   0x00000000   Code   RO         1472    .ARM.Collect$$libinit$$00000017  c_w.l(libinit2.o)
    0x08000414   0x08000414   0x0000000a   Code   RO         1473    .ARM.Collect$$libinit$$00000018  c_w.l(libinit2.o)
    0x0800041e   0x0800041e   0x00000000   Code   RO         1474    .ARM.Collect$$libinit$$00000019  c_w.l(libinit2.o)
    0x0800041e   0x0800041e   0x00000000   Code   RO         1476    .ARM.Collect$$libinit$$0000001B  c_w.l(libinit2.o)
    0x0800041e   0x0800041e   0x00000000   Code   RO         1478    .ARM.Collect$$libinit$$0000001D  c_w.l(libinit2.o)
    0x0800041e   0x0800041e   0x00000000   Code   RO         1480    .ARM.Collect$$libinit$$0000001F  c_w.l(libinit2.o)
    0x0800041e   0x0800041e   0x00000000   Code   RO         1482    .ARM.Collect$$libinit$$00000021  c_w.l(libinit2.o)
    0x0800041e   0x0800041e   0x00000000   Code   RO         1484    .ARM.Collect$$libinit$$00000023  c_w.l(libinit2.o)
    0x0800041e   0x0800041e   0x00000000   Code   RO         1486    .ARM.Collect$$libinit$$00000025  c_w.l(libinit2.o)
    0x0800041e   0x0800041e   0x00000000   Code   RO         1488    .ARM.Collect$$libinit$$00000027  c_w.l(libinit2.o)
    0x0800041e   0x0800041e   0x00000000   Code   RO         1492    .ARM.Collect$$libinit$$0000002E  c_w.l(libinit2.o)
    0x0800041e   0x0800041e   0x00000000   Code   RO         1494    .ARM.Collect$$libinit$$00000030  c_w.l(libinit2.o)
    0x0800041e   0x0800041e   0x00000000   Code   RO         1496    .ARM.Collect$$libinit$$00000032  c_w.l(libinit2.o)
    0x0800041e   0x0800041e   0x00000000   Code   RO         1498    .ARM.Collect$$libinit$$00000034  c_w.l(libinit2.o)
    0x0800041e   0x0800041e   0x00000002   Code   RO         1499    .ARM.Collect$$libinit$$00000035  c_w.l(libinit2.o)
    0x08000420   0x08000420   0x00000002   Code   RO         1536    .ARM.Collect$$libshutdown$$00000000  c_w.l(libshutdown.o)
    0x08000422   0x08000422   0x00000000   Code   RO         1564    .ARM.Collect$$libshutdown$$00000002  c_w.l(libshutdown2.o)
    0x08000422   0x08000422   0x00000000   Code   RO         1566    .ARM.Collect$$libshutdown$$00000004  c_w.l(libshutdown2.o)
    0x08000422   0x08000422   0x00000000   Code   RO         1569    .ARM.Collect$$libshutdown$$00000007  c_w.l(libshutdown2.o)
    0x08000422   0x08000422   0x00000000   Code   RO         1572    .ARM.Collect$$libshutdown$$0000000A  c_w.l(libshutdown2.o)
    0x08000422   0x08000422   0x00000000   Code   RO         1574    .ARM.Collect$$libshutdown$$0000000C  c_w.l(libshutdown2.o)
    0x08000422   0x08000422   0x00000000   Code   RO         1577    .ARM.Collect$$libshutdown$$0000000F  c_w.l(libshutdown2.o)
    0x08000422   0x08000422   0x00000002   Code   RO         1578    .ARM.Collect$$libshutdown$$00000010  c_w.l(libshutdown2.o)
    0x08000424   0x08000424   0x00000000   Code   RO         1234    .ARM.Collect$$rtentry$$00000000  c_w.l(__rtentry.o)
    0x08000424   0x08000424   0x00000000   Code   RO         1341    .ARM.Collect$$rtentry$$00000002  c_w.l(__rtentry2.o)
    0x08000424   0x08000424   0x00000006   Code   RO         1353    .ARM.Collect$$rtentry$$00000004  c_w.l(__rtentry4.o)
    0x0800042a   0x0800042a   0x00000000   Code   RO         1343    .ARM.Collect$$rtentry$$00000009  c_w.l(__rtentry2.o)
    0x0800042a   0x0800042a   0x00000004   Code   RO         1344    .ARM.Collect$$rtentry$$0000000A  c_w.l(__rtentry2.o)
    0x0800042e   0x0800042e   0x00000000   Code   RO         1346    .ARM.Collect$$rtentry$$0000000C  c_w.l(__rtentry2.o)
    0x0800042e   0x0800042e   0x00000008   Code   RO         1347    .ARM.Collect$$rtentry$$0000000D  c_w.l(__rtentry2.o)
    0x08000436   0x08000436   0x00000002   Code   RO         1438    .ARM.Collect$$rtexit$$00000000  c_w.l(rtexit.o)
    0x08000438   0x08000438   0x00000000   Code   RO         1505    .ARM.Collect$$rtexit$$00000002  c_w.l(rtexit2.o)
    0x08000438   0x08000438   0x00000004   Code   RO         1506    .ARM.Collect$$rtexit$$00000003  c_w.l(rtexit2.o)
    0x0800043c   0x0800043c   0x00000006   Code   RO         1507    .ARM.Collect$$rtexit$$00000004  c_w.l(rtexit2.o)
    0x08000442   0x08000442   0x00000002   PAD
    0x08000444   0x08000444   0x00000040   Code   RO            4    .text               startup_stm32h723xx.o
    0x08000484   0x08000484   0x000000f0   Code   RO         1220    .text               c_w.l(lludivv7m.o)
    0x08000574   0x08000574   0x0000003c   Code   RO         1222    .text               c_w.l(vsnprintf.o)
    0x080005b0   0x080005b0   0x0000008a   Code   RO         1226    .text               c_w.l(rt_memcpy_v6.o)
    0x0800063a   0x0800063a   0x0000004e   Code   RO         1228    .text               c_w.l(rt_memclr_w.o)
    0x08000688   0x08000688   0x00000006   Code   RO         1230    .text               c_w.l(heapauxi.o)
    0x0800068e   0x0800068e   0x0000004e   Code   RO         1241    .text               c_w.l(_printf_pad.o)
    0x080006dc   0x080006dc   0x00000024   Code   RO         1243    .text               c_w.l(_printf_truncate.o)
    0x08000700   0x08000700   0x00000052   Code   RO         1245    .text               c_w.l(_printf_str.o)
    0x08000752   0x08000752   0x00000002   PAD
    0x08000754   0x08000754   0x00000078   Code   RO         1247    .text               c_w.l(_printf_dec.o)
    0x080007cc   0x080007cc   0x00000028   Code   RO         1249    .text               c_w.l(_printf_charcount.o)
    0x080007f4   0x080007f4   0x00000030   Code   RO         1251    .text               c_w.l(_printf_char_common.o)
    0x08000824   0x08000824   0x00000010   Code   RO         1253    .text               c_w.l(_snputc.o)
    0x08000834   0x08000834   0x000000bc   Code   RO         1255    .text               c_w.l(_printf_wctomb.o)
    0x080008f0   0x080008f0   0x0000007c   Code   RO         1258    .text               c_w.l(_printf_longlong_dec.o)
    0x0800096c   0x0800096c   0x00000070   Code   RO         1264    .text               c_w.l(_printf_oct_int_ll.o)
    0x080009dc   0x080009dc   0x00000094   Code   RO         1284    .text               c_w.l(_printf_hex_int_ll_ptr.o)
    0x08000a70   0x08000a70   0x00000188   Code   RO         1304    .text               c_w.l(__printf_flags_ss_wp.o)
    0x08000bf8   0x08000bf8   0x00000064   Code   RO         1330    .text               c_w.l(rt_memcpy_w.o)
    0x08000c5c   0x08000c5c   0x0000008a   Code   RO         1357    .text               c_w.l(lludiv10.o)
    0x08000ce6   0x08000ce6   0x000000b2   Code   RO         1359    .text               c_w.l(_printf_intcommon.o)
    0x08000d98   0x08000d98   0x0000041c   Code   RO         1361    .text               c_w.l(_printf_fp_dec.o)
    0x080011b4   0x080011b4   0x000002fc   Code   RO         1365    .text               c_w.l(_printf_fp_hex.o)
    0x080014b0   0x080014b0   0x0000002c   Code   RO         1370    .text               c_w.l(_printf_char.o)
    0x080014dc   0x080014dc   0x0000002c   Code   RO         1372    .text               c_w.l(_printf_wchar.o)
    0x08001508   0x08001508   0x00000048   Code   RO         1375    .text               c_w.l(_c16rtomb.o)
    0x08001550   0x08001550   0x0000004a   Code   RO         1377    .text               c_w.l(sys_stackheap_outer.o)
    0x0800159a   0x0800159a   0x00000002   PAD
    0x0800159c   0x0800159c   0x00000010   Code   RO         1379    .text               c_w.l(rt_ctype_table.o)
    0x080015ac   0x080015ac   0x00000008   Code   RO         1384    .text               c_w.l(rt_locale_intlibspace.o)
    0x080015b4   0x080015b4   0x00000080   Code   RO         1386    .text               c_w.l(_printf_fp_infnan.o)
    0x08001634   0x08001634   0x000000e4   Code   RO         1388    .text               c_w.l(bigflt0.o)
    0x08001718   0x08001718   0x00000012   Code   RO         1418    .text               c_w.l(exit.o)
    0x0800172a   0x0800172a   0x00000002   PAD
    0x0800172c   0x0800172c   0x00000008   Code   RO         1435    .text               c_w.l(libspace.o)
    0x08001734   0x08001734   0x00000004   PAD
    0x08001738   0x08001738   0x0000007c   Code   RO         1451    .text               c_w.l(strcmpv7m_pel.o)
    0x080017b4   0x080017b4   0x0000000c   Code   RO         1500    .text               c_w.l(sys_exit.o)
    0x080017c0   0x080017c0   0x00000002   Code   RO         1525    .text               c_w.l(use_no_semi.o)
    0x080017c2   0x080017c2   0x00000000   Code   RO         1527    .text               c_w.l(indicate_semi.o)
    0x080017c2   0x080017c2   0x00000006   PAD
    0x080017c8   0x080017c8   0x00000002   Code   RO           74    .text.BusFault_Handler  stm32h7xx_it.o
    0x080017ca   0x080017ca   0x00000006   PAD
    0x080017d0   0x080017d0   0x00000002   Code   RO           80    .text.DebugMon_Handler  stm32h7xx_it.o
    0x080017d2   0x080017d2   0x00000006   PAD
    0x080017d8   0x080017d8   0x0000000a   Code   RO           15    .text.Error_Handler  main.o
    0x080017e2   0x080017e2   0x00000006   PAD
    0x080017e8   0x080017e8   0x00000526   Code   RO          398    .text.HAL_DMA_Abort  stm32h7xx_hal_dma.o
    0x08001d0e   0x08001d0e   0x00000002   PAD
    0x08001d10   0x08001d10   0x000002b6   Code   RO          400    .text.HAL_DMA_Abort_IT  stm32h7xx_hal_dma.o
    0x08001fc6   0x08001fc6   0x00000002   PAD
    0x08001fc8   0x08001fc8   0x000001a6   Code   RO          332    .text.HAL_GPIO_Init  stm32h7xx_hal_gpio.o
    0x0800216e   0x0800216e   0x00000002   PAD
    0x08002170   0x08002170   0x0000000c   Code   RO          632    .text.HAL_GetTick   stm32h7xx_hal.o
    0x0800217c   0x0800217c   0x00000004   PAD
    0x08002180   0x08002180   0x0000001a   Code   RO          630    .text.HAL_IncTick   stm32h7xx_hal.o
    0x0800219a   0x0800219a   0x00000006   PAD
    0x080021a0   0x080021a0   0x00000064   Code   RO          620    .text.HAL_Init      stm32h7xx_hal.o
    0x08002204   0x08002204   0x00000004   PAD
    0x08002208   0x08002208   0x00000050   Code   RO          622    .text.HAL_InitTick  stm32h7xx_hal.o
    0x08002258   0x08002258   0x0000005e   Code   RO          141    .text.HAL_MPU_ConfigRegion  stm32h7xx_hal_cortex.o
    0x080022b6   0x080022b6   0x00000002   PAD
    0x080022b8   0x080022b8   0x0000001a   Code   RO          133    .text.HAL_MPU_Disable  stm32h7xx_hal_cortex.o
    0x080022d2   0x080022d2   0x00000006   PAD
    0x080022d8   0x080022d8   0x00000020   Code   RO          135    .text.HAL_MPU_Enable  stm32h7xx_hal_cortex.o
    0x080022f8   0x080022f8   0x00000020   Code   RO           95    .text.HAL_MspInit   stm32h7xx_hal_msp.o
    0x08002318   0x08002318   0x00000022   Code   RO          123    .text.HAL_NVIC_EnableIRQ  stm32h7xx_hal_cortex.o
    0x0800233a   0x0800233a   0x00000006   PAD
    0x08002340   0x08002340   0x0000005a   Code   RO          121    .text.HAL_NVIC_SetPriority  stm32h7xx_hal_cortex.o
    0x0800239a   0x0800239a   0x00000006   PAD
    0x080023a0   0x080023a0   0x00000020   Code   RO          119    .text.HAL_NVIC_SetPriorityGrouping  stm32h7xx_hal_cortex.o
    0x080023c0   0x080023c0   0x0000004c   Code   RO          536    .text.HAL_PWREx_ConfigSupply  stm32h7xx_hal_pwr_ex.o
    0x0800240c   0x0800240c   0x00000004   PAD
    0x08002410   0x08002410   0x00000026   Code   RO          223    .text.HAL_RCCEx_GetD3PCLK1Freq  stm32h7xx_hal_rcc_ex.o
    0x08002436   0x08002436   0x00000002   PAD
    0x08002438   0x08002438   0x00000128   Code   RO          219    .text.HAL_RCCEx_GetPLL2ClockFreq  stm32h7xx_hal_rcc_ex.o
    0x08002560   0x08002560   0x00000128   Code   RO          221    .text.HAL_RCCEx_GetPLL3ClockFreq  stm32h7xx_hal_rcc_ex.o
    0x08002688   0x08002688   0x00000a80   Code   RO          207    .text.HAL_RCCEx_PeriphCLKConfig  stm32h7xx_hal_rcc_ex.o
    0x08003108   0x08003108   0x00000254   Code   RO          175    .text.HAL_RCC_ClockConfig  stm32h7xx_hal_rcc.o
    0x0800335c   0x0800335c   0x00000004   PAD
    0x08003360   0x08003360   0x0000004c   Code   RO          185    .text.HAL_RCC_GetHCLKFreq  stm32h7xx_hal_rcc.o
    0x080033ac   0x080033ac   0x00000004   PAD
    0x080033b0   0x080033b0   0x00000060   Code   RO          187    .text.HAL_RCC_GetPCLK1Freq  stm32h7xx_hal_rcc.o
    0x08003410   0x08003410   0x00000060   Code   RO          189    .text.HAL_RCC_GetPCLK2Freq  stm32h7xx_hal_rcc.o
    0x08003470   0x08003470   0x0000011c   Code   RO          177    .text.HAL_RCC_GetSysClockFreq  stm32h7xx_hal_rcc.o
    0x0800358c   0x0800358c   0x00000004   PAD
    0x08003590   0x08003590   0x0000052c   Code   RO          173    .text.HAL_RCC_OscConfig  stm32h7xx_hal_rcc.o
    0x08003abc   0x08003abc   0x00000004   PAD
    0x08003ac0   0x08003ac0   0x0000002e   Code   RO          131    .text.HAL_SYSTICK_Config  stm32h7xx_hal_cortex.o
    0x08003aee   0x08003aee   0x00000002   PAD
    0x08003af0   0x08003af0   0x00000036   Code   RO         1103    .text.HAL_UARTEx_DisableFifoMode  stm32h7xx_hal_uart_ex.o
    0x08003b26   0x08003b26   0x00000002   PAD
    0x08003b28   0x08003b28   0x00000002   Code   RO         1030    .text.HAL_UARTEx_RxEventCallback  stm32h7xx_hal_uart.o
    0x08003b2a   0x08003b2a   0x00000006   PAD
    0x08003b30   0x08003b30   0x00000002   Code   RO         1089    .text.HAL_UARTEx_RxFifoFullCallback  stm32h7xx_hal_uart_ex.o
    0x08003b32   0x08003b32   0x00000006   PAD
    0x08003b38   0x08003b38   0x0000008c   Code   RO         1107    .text.HAL_UARTEx_SetRxFifoThreshold  stm32h7xx_hal_uart_ex.o
    0x08003bc4   0x08003bc4   0x00000004   PAD
    0x08003bc8   0x08003bc8   0x0000008c   Code   RO         1105    .text.HAL_UARTEx_SetTxFifoThreshold  stm32h7xx_hal_uart_ex.o
    0x08003c54   0x08003c54   0x00000004   PAD
    0x08003c58   0x08003c58   0x00000002   Code   RO         1091    .text.HAL_UARTEx_TxFifoEmptyCallback  stm32h7xx_hal_uart_ex.o
    0x08003c5a   0x08003c5a   0x00000006   PAD
    0x08003c60   0x08003c60   0x00000002   Code   RO         1087    .text.HAL_UARTEx_WakeupCallback  stm32h7xx_hal_uart_ex.o
    0x08003c62   0x08003c62   0x00000006   PAD
    0x08003c68   0x08003c68   0x0000003e   Code   RO           53    .text.HAL_UART_ErrorCallback  usart.o
    0x08003ca6   0x08003ca6   0x00000002   PAD
    0x08003ca8   0x08003ca8   0x00000672   Code   RO         1024    .text.HAL_UART_IRQHandler  stm32h7xx_hal_uart.o
    0x0800431a   0x0800431a   0x00000006   PAD
    0x08004320   0x08004320   0x00000064   Code   RO          940    .text.HAL_UART_Init  stm32h7xx_hal_uart.o
    0x08004384   0x08004384   0x00000004   PAD
    0x08004388   0x08004388   0x000000a2   Code   RO           37    .text.HAL_UART_MspInit  usart.o
    0x0800442a   0x0800442a   0x00000006   PAD
    0x08004430   0x08004430   0x000000ac   Code   RO          976    .text.HAL_UART_Receive_IT  stm32h7xx_hal_uart.o
    0x080044dc   0x080044dc   0x00000004   PAD
    0x080044e0   0x080044e0   0x00000076   Code   RO           51    .text.HAL_UART_RxCpltCallback  usart.o
    0x08004556   0x08004556   0x00000002   PAD
    0x08004558   0x08004558   0x000001aa   Code   RO          960    .text.HAL_UART_Transmit  stm32h7xx_hal_uart.o
    0x08004702   0x08004702   0x00000006   PAD
    0x08004708   0x08004708   0x00000002   Code   RO         1032    .text.HAL_UART_TxCpltCallback  stm32h7xx_hal_uart.o
    0x0800470a   0x0800470a   0x00000006   PAD
    0x08004710   0x08004710   0x00000002   Code   RO           70    .text.HardFault_Handler  stm32h7xx_it.o
    0x08004712   0x08004712   0x00000006   PAD
    0x08004718   0x08004718   0x00000032   Code   RO           26    .text.MX_GPIO_Init  gpio.o
    0x0800474a   0x0800474a   0x00000006   PAD
    0x08004750   0x08004750   0x0000007c   Code   RO           35    .text.MX_USART1_UART_Init  usart.o
    0x080047cc   0x080047cc   0x00000004   PAD
    0x080047d0   0x080047d0   0x00000002   Code   RO           72    .text.MemManage_Handler  stm32h7xx_it.o
    0x080047d2   0x080047d2   0x00000006   PAD
    0x080047d8   0x080047d8   0x00000002   Code   RO           68    .text.NMI_Handler   stm32h7xx_it.o
    0x080047da   0x080047da   0x00000006   PAD
    0x080047e0   0x080047e0   0x00000002   Code   RO           82    .text.PendSV_Handler  stm32h7xx_it.o
    0x080047e2   0x080047e2   0x00000006   PAD
    0x080047e8   0x080047e8   0x00000122   Code   RO          209    .text.RCCEx_PLL2_Config  stm32h7xx_hal_rcc_ex.o
    0x0800490a   0x0800490a   0x00000006   PAD
    0x08004910   0x08004910   0x00000122   Code   RO          211    .text.RCCEx_PLL3_Config  stm32h7xx_hal_rcc_ex.o
    0x08004a32   0x08004a32   0x00000006   PAD
    0x08004a38   0x08004a38   0x00000012   Code   RO          103    .text.RTT_LogInit   rtt_log.o
    0x08004a4a   0x08004a4a   0x00000006   PAD
    0x08004a50   0x08004a50   0x00000040   Code   RO          107    .text.RTT_LogPrintf  rtt_log.o
    0x08004a90   0x08004a90   0x00000070   Code   RO         1186    .text.SEGGER_RTT_Init  segger_rtt.o
    0x08004b00   0x08004b00   0x000000aa   Code   RO         1182    .text.SEGGER_RTT_SetFlagsUpBuffer  segger_rtt.o
    0x08004baa   0x08004baa   0x00000006   PAD
    0x08004bb0   0x08004bb0   0x000000a4   Code   RO         1150    .text.SEGGER_RTT_Write  segger_rtt.o
    0x08004c54   0x08004c54   0x00000004   PAD
    0x08004c58   0x08004c58   0x00000150   Code   RO         1148    .text.SEGGER_RTT_WriteNoLock  segger_rtt.o
    0x08004da8   0x08004da8   0x00000002   Code   RO           78    .text.SVC_Handler   stm32h7xx_it.o
    0x08004daa   0x08004daa   0x00000006   PAD
    0x08004db0   0x08004db0   0x00000004   Code   RO           84    .text.SysTick_Handler  stm32h7xx_it.o
    0x08004db4   0x08004db4   0x00000004   PAD
    0x08004db8   0x08004db8   0x000000cc   Code   RO           13    .text.SystemClock_Config  main.o
    0x08004e84   0x08004e84   0x00000004   PAD
    0x08004e88   0x08004e88   0x000000b0   Code   RO         1126    .text.SystemInit    system_stm32h7xx.o
    0x08004f38   0x08004f38   0x000000e0   Code   RO          944    .text.UART_AdvFeatureConfig  stm32h7xx_hal_uart.o
    0x08005018   0x08005018   0x0000016e   Code   RO          948    .text.UART_CheckIdleState  stm32h7xx_hal_uart.o
    0x08005186   0x08005186   0x00000002   PAD
    0x08005188   0x08005188   0x00000010   Code   RO         1026    .text.UART_DMAAbortOnError  stm32h7xx_hal_uart.o
    0x08005198   0x08005198   0x000001c4   Code   RO         1066    .text.UART_RxISR_16BIT  stm32h7xx_hal_uart.o
    0x0800535c   0x0800535c   0x00000004   PAD
    0x08005360   0x08005360   0x00000330   Code   RO         1062    .text.UART_RxISR_16BIT_FIFOEN  stm32h7xx_hal_uart.o
    0x08005690   0x08005690   0x000001c8   Code   RO         1068    .text.UART_RxISR_8BIT  stm32h7xx_hal_uart.o
    0x08005858   0x08005858   0x00000334   Code   RO         1064    .text.UART_RxISR_8BIT_FIFOEN  stm32h7xx_hal_uart.o
    0x08005b8c   0x08005b8c   0x00000004   PAD
    0x08005b90   0x08005b90   0x000004a0   Code   RO          946    .text.UART_SetConfig  stm32h7xx_hal_uart.o
    0x08006030   0x08006030   0x00000274   Code   RO          978    .text.UART_Start_Receive_IT  stm32h7xx_hal_uart.o
    0x080062a4   0x080062a4   0x00000004   PAD
    0x080062a8   0x080062a8   0x00000358   Code   RO          962    .text.UART_WaitOnFlagUntilTimeout  stm32h7xx_hal_uart.o
    0x08006600   0x08006600   0x00000036   Code   RO           43    .text.USART1_CpuMonitorInit  usart.o
    0x08006636   0x08006636   0x00000002   PAD
    0x08006638   0x08006638   0x0000011c   Code   RO           49    .text.USART1_CpuMonitorTask  usart.o
    0x08006754   0x08006754   0x00000004   PAD
    0x08006758   0x08006758   0x0000000c   Code   RO           86    .text.USART1_IRQHandler  stm32h7xx_it.o
    0x08006764   0x08006764   0x00000004   PAD
    0x08006768   0x08006768   0x000000b8   Code   RO           45    .text.USART1_Process  usart.o
    0x08006820   0x08006820   0x00000016   Code   RO           41    .text.USART1_StartReceiveIT  usart.o
    0x08006836   0x08006836   0x00000002   PAD
    0x08006838   0x08006838   0x00000002   Code   RO           76    .text.UsageFault_Handler  stm32h7xx_it.o
    0x0800683a   0x0800683a   0x00000006   PAD
    0x08006840   0x08006840   0x0000005a   Code   RO           11    .text.main          main.o
    0x0800689a   0x0800689a   0x0000003e   Code   RO         1391    CL$$btod_d2e        c_w.l(btod.o)
    0x080068d8   0x080068d8   0x00000046   Code   RO         1393    CL$$btod_d2e_denorm_low  c_w.l(btod.o)
    0x0800691e   0x0800691e   0x00000060   Code   RO         1392    CL$$btod_d2e_norm_op1  c_w.l(btod.o)
    0x0800697e   0x0800697e   0x00000002   PAD
    0x08006980   0x08006980   0x00000338   Code   RO         1401    CL$$btod_div_common  c_w.l(btod.o)
    0x08006cb8   0x08006cb8   0x000000dc   Code   RO         1398    CL$$btod_e2e        c_w.l(btod.o)
    0x08006d94   0x08006d94   0x0000002a   Code   RO         1395    CL$$btod_ediv       c_w.l(btod.o)
    0x08006dbe   0x08006dbe   0x0000002a   Code   RO         1394    CL$$btod_emul       c_w.l(btod.o)
    0x08006de8   0x08006de8   0x00000244   Code   RO         1400    CL$$btod_mult_common  c_w.l(btod.o)
    0x0800702c   0x0800702c   0x00000030   Code   RO         1433    i.__ARM_fpclassify  m_wv.l(fpclassify.o)
    0x0800705c   0x0800705c   0x0000000e   Code   RO         1297    i._is_digit         c_w.l(__printf_wp.o)
    0x0800706a   0x0800706a   0x00000002   PAD
    0x0800706c   0x0800706c   0x0000002c   Code   RO         1416    locale$$code        c_w.l(lc_numeric_c.o)
    0x08007098   0x08007098   0x0000002c   Code   RO         1445    locale$$code        c_w.l(lc_ctype_c.o)
    0x080070c4   0x080070c4   0x0000001a   Code   RO         1519    x$fpl$fpinit        fz_wv.l(fpinit.o)
    0x080070de   0x080070de   0x00000004   Code   RO         1332    x$fpl$printf1       fz_wv.l(printf1.o)
    0x080070e2   0x080070e2   0x00000004   Code   RO         1334    x$fpl$printf2       fz_wv.l(printf2.o)
    0x080070e6   0x080070e6   0x00000000   Code   RO         1432    x$fpl$usenofp       fz_wv.l(usenofp.o)
    0x080070e6   0x080070e6   0x00000002   PAD
    0x080070e8   0x080070e8   0x00000008   Data   RO         1256    .constdata          c_w.l(_printf_wctomb.o)
    0x080070f0   0x080070f0   0x00000028   Data   RO         1285    .constdata          c_w.l(_printf_hex_int_ll_ptr.o)
    0x08007118   0x08007118   0x00000011   Data   RO         1305    .constdata          c_w.l(__printf_flags_ss_wp.o)
    0x08007129   0x08007129   0x00000026   Data   RO         1366    .constdata          c_w.l(_printf_fp_hex.o)
    0x0800714f   0x0800714f   0x00000001   PAD
    0x08007150   0x08007150   0x00000094   Data   RO         1389    .constdata          c_w.l(bigflt0.o)
    0x080071e4   0x080071e4   0x00000006   Data   RO         1075    .rodata..Lswitch.table.UART_SetConfig.7  stm32h7xx_hal_uart.o
    0x080071ea   0x080071ea   0x00000006   Data   RO         1076    .rodata..Lswitch.table.UART_SetConfig.9  stm32h7xx_hal_uart.o
    0x080071f0   0x080071f0   0x00000010   Data   RO         1130    .rodata.D1CorePrescTable  system_stm32h7xx.o
    0x08007200   0x08007200   0x00000018   Data   RO         1074    .rodata.UARTPrescTable  stm32h7xx_hal_uart.o
    0x08007218   0x08007218   0x00000020   Data   RO           56    .rodata.USART1_Process.overflow_msg  usart.o
    0x08007238   0x08007238   0x00000010   Data   RO         1117    .rodata.cst8        stm32h7xx_hal_uart_ex.o
    0x08007248   0x08007248   0x00000060   Data   RO           57    .rodata.str1.1      usart.o
    0x080072a8   0x080072a8   0x00000010   Data   RO         1194    .rodata.str1.1      segger_rtt.o
    0x080072b8   0x080072b8   0x00000030   Data   RO         1580    Region$$Table       anon$$obj.o
    0x080072e8   0x080072e8   0x0000001c   Data   RO         1415    locale$$data        c_w.l(lc_numeric_c.o)
    0x08007304   0x08007304   0x00000110   Data   RO         1444    locale$$data        c_w.l(lc_ctype_c.o)


    Execution Region RW_IRAM1 (Exec base: 0x20000000, Load base: 0x08007418, Size: 0x00000638, Max: 0x00020000, ABSOLUTE)

    Exec Addr    Load Addr    Size         Type   Attr      Idx    E Section Name        Object

    0x20000000   0x08007418   0x00000008   Data   RW          729    .data..L_MergedGlobals  stm32h7xx_hal.o
    0x20000008   0x08007420   0x00000008   Data   RW         1131    .data..L_MergedGlobals  system_stm32h7xx.o
    0x20000010        -       0x00000024   Zero   RW           59    .bss..L_MergedGlobals  usart.o
    0x20000034   0x08007428   0x00000004   PAD
    0x20000038        -       0x00000200   Zero   RW            2    HEAP                startup_stm32h723xx.o
    0x20000238        -       0x00000400   Zero   RW            1    STACK               startup_stm32h723xx.o


    Execution Region RW_IRAM2 (Exec base: 0x24000000, Load base: 0x08007428, Size: 0x00000634, Max: 0x00020000, ABSOLUTE)

    Exec Addr    Load Addr    Size         Type   Attr      Idx    E Section Name        Object

    0x24000000        -       0x00000060   Zero   RW         1436    .bss                c_w.l(libspace.o)
    0x24000060        -       0x00000011   Zero   RW         1196    .bss..L_MergedGlobals  segger_rtt.o
    0x24000071   0x08007428   0x00000003   PAD
    0x24000074        -       0x000000a8   Zero   RW         1192    .bss._SEGGER_RTT    segger_rtt.o
    0x2400011c        -       0x00000400   Zero   RW         1195    .bss._acUpBuffer    segger_rtt.o
    0x2400051c        -       0x00000094   Zero   RW           55    .bss.huart1         usart.o
    0x240005b0        -       0x00000080   Zero   RW           58    .bss.usart1_rx_buffer  usart.o
    0x24000630        -       0x00000004   Zero   RW          728    .bss.uwTick         stm32h7xx_hal.o


==============================================================================

Image component sizes


      Code (inc. data)   RO Data    RW Data    ZI Data      Debug   Object Name

        50          0          0          0          0       2214   gpio.o
       304          0          0          0          0       3173   main.o
        82          0          0          0          0       1822   rtt_log.o
       782          0         16          0       1209      24018   segger_rtt.o
        64         26        716          0       1536        832   startup_stm32h723xx.o
       218          0          0          8          4      15990   stm32h7xx_hal.o
       354          0          0          0          0      12403   stm32h7xx_hal_cortex.o
      2012          0          0          0          0      18205   stm32h7xx_hal_dma.o
       422          0          0          0          0       6983   stm32h7xx_hal_gpio.o
        32          0          0          0          0       2214   stm32h7xx_hal_msp.o
        76          0          0          0          0       9718   stm32h7xx_hal_pwr_ex.o
      2472         24          0          0          0      11659   stm32h7xx_hal_rcc.o
      3898        144          0          0          0      20036   stm32h7xx_hal_rcc_ex.o
      8170        332         36          0          0      43790   stm32h7xx_hal_uart.o
       340          0         16          0          0      11561   stm32h7xx_hal_uart_ex.o
        32          0          0          0          0       4766   stm32h7xx_it.o
       176          0         16          8          0       5256   system_stm32h7xx.o
      1010          0        128          0        312      17149   usart.o

    ----------------------------------------------------------------------
     20754        530        976         16       3068     211789   Object Totals
         0          0         48          0          0          0   (incl. Generated)
       260          4          0          0          7          0   (incl. Padding)

    ----------------------------------------------------------------------

      Code (inc. data)   RO Data    RW Data    ZI Data      Debug   Library Member Name

         8          0          0          0          0         68   __main.o
       392          4         17          0          0         92   __printf_flags_ss_wp.o
        14          0          0          0          0         68   __printf_wp.o
         0          0          0          0          0          0   __rtentry.o
        12          0          0          0          0          0   __rtentry2.o
         6          0          0          0          0          0   __rtentry4.o
        94          8          0          0          0          0   __scatter.o
        26          0          0          0          0          0   __scatter_copy.o
        28          0          0          0          0          0   __scatter_zi.o
        72          0          0          0          0         96   _c16rtomb.o
         6          0          0          0          0          0   _printf_a.o
         6          0          0          0          0          0   _printf_c.o
        44          0          0          0          0        108   _printf_char.o
        48          6          0          0          0         96   _printf_char_common.o
        40          0          0          0          0         68   _printf_charcount.o
         6          0          0          0          0          0   _printf_d.o
       120         16          0          0          0         92   _printf_dec.o
         6          0          0          0          0          0   _printf_e.o
         6          0          0          0          0          0   _printf_f.o
      1052          0          0          0          0        148   _printf_fp_dec.o
       764          8         38          0          0        100   _printf_fp_hex.o
       128         16          0          0          0         84   _printf_fp_infnan.o
         6          0          0          0          0          0   _printf_g.o
       148          4         40          0          0        160   _printf_hex_int_ll_ptr.o
         6          0          0          0          0          0   _printf_i.o
       178          0          0          0          0         88   _printf_intcommon.o
        10          0          0          0          0          0   _printf_l.o
         6          0          0          0          0          0   _printf_lc.o
        10          0          0          0          0          0   _printf_ll.o
         6          0          0          0          0          0   _printf_lld.o
         6          0          0          0          0          0   _printf_lli.o
         6          0          0          0          0          0   _printf_llo.o
         6          0          0          0          0          0   _printf_llu.o
         6          0          0          0          0          0   _printf_llx.o
       124         16          0          0          0         92   _printf_longlong_dec.o
         6          0          0          0          0          0   _printf_ls.o
         6          0          0          0          0          0   _printf_n.o
         6          0          0          0          0          0   _printf_o.o
       112          8          0          0          0        124   _printf_oct_int_ll.o
         6          0          0          0          0          0   _printf_p.o
        78          0          0          0          0        108   _printf_pad.o
         0          0          0          0          0          0   _printf_percent.o
         4          0          0          0          0          0   _printf_percent_end.o
         6          0          0          0          0          0   _printf_s.o
        82          0          0          0          0         80   _printf_str.o
        36          0          0          0          0         84   _printf_truncate.o
         6          0          0          0          0          0   _printf_u.o
        44          0          0          0          0        108   _printf_wchar.o
       188          6          8          0          0         92   _printf_wctomb.o
         6          0          0          0          0          0   _printf_x.o
        16          0          0          0          0         68   _snputc.o
       228          4        148          0          0         96   bigflt0.o
      1936        128          0          0          0        668   btod.o
        18          0          0          0          0         80   exit.o
         6          0          0          0          0        152   heapauxi.o
         0          0          0          0          0          0   indicate_semi.o
        44         10        272          0          0         76   lc_ctype_c.o
        44         10         28          0          0         76   lc_numeric_c.o
         2          0          0          0          0          0   libinit.o
        34          0          0          0          0          0   libinit2.o
         2          0          0          0          0          0   libshutdown.o
         2          0          0          0          0          0   libshutdown2.o
         8          4          0          0         96         68   libspace.o
       138          0          0          0          0         80   lludiv10.o
       240          0          0          0          0        100   lludivv7m.o
        16          4          0          0          0         76   rt_ctype_table.o
         8          4          0          0          0         68   rt_locale_intlibspace.o
        78          0          0          0          0         80   rt_memclr_w.o
       138          0          0          0          0         68   rt_memcpy_v6.o
       100          0          0          0          0         80   rt_memcpy_w.o
         2          0          0          0          0          0   rtexit.o
        10          0          0          0          0          0   rtexit2.o
       124          0          0          0          0         88   strcmpv7m_pel.o
        12          4          0          0          0         68   sys_exit.o
        74          0          0          0          0         80   sys_stackheap_outer.o
         2          0          0          0          0         68   use_no_semi.o
        60          4          0          0          0         80   vsnprintf.o
        26          0          0          0          0        116   fpinit.o
         4          0          0          0          0        116   printf1.o
         4          0          0          0          0        116   printf2.o
         0          0          0          0          0          0   usenofp.o
        48          0          0          0          0        124   fpclassify.o

    ----------------------------------------------------------------------
      7434        268        552          0         96       4648   Library Totals
        28          4          1          0          0          0   (incl. Padding)

    ----------------------------------------------------------------------

      Code (inc. data)   RO Data    RW Data    ZI Data      Debug   Library Name

      7324        264        551          0         96       4176   c_w.l
        34          0          0          0          0        348   fz_wv.l
        48          0          0          0          0        124   m_wv.l

    ----------------------------------------------------------------------
      7434        268        552          0         96       4648   Library Totals

    ----------------------------------------------------------------------

==============================================================================


      Code (inc. data)   RO Data    RW Data    ZI Data      Debug   

     28188        798       1528         16       3164     213749   Grand Totals
     28188        798       1528         16       3164     213749   ELF Image Totals
     28188        798       1528         16          0          0   ROM Totals

==============================================================================

    Total RO  Size (Code + RO Data)                29716 (  29.02kB)
    Total RW  Size (RW Data + ZI Data)              3180 (   3.11kB)
    Total ROM Size (Code + RO Data + RW Data)      29732 (  29.04kB)

==============================================================================

