Component: Arm Compiler for Embedded 6.23 Tool: armlink [5f102400]

==============================================================================

Section Cross References

    startup_stm32h723xx.o(STACK) refers (Special) to heapauxi.o(.text) for __use_two_region_memory
    startup_stm32h723xx.o(HEAP) refers (Special) to heapauxi.o(.text) for __use_two_region_memory
    startup_stm32h723xx.o(RESET) refers (Special) to heapauxi.o(.text) for __use_two_region_memory
    startup_stm32h723xx.o(RESET) refers to startup_stm32h723xx.o(STACK) for __initial_sp
    startup_stm32h723xx.o(RESET) refers to startup_stm32h723xx.o(.text) for Reset_Handler
    startup_stm32h723xx.o(RESET) refers to stm32h7xx_it.o(.text.NMI_Handler) for NMI_Handler
    startup_stm32h723xx.o(RESET) refers to stm32h7xx_it.o(.text.HardFault_Handler) for HardFault_Handler
    startup_stm32h723xx.o(RESET) refers to stm32h7xx_it.o(.text.MemManage_Handler) for MemManage_Handler
    startup_stm32h723xx.o(RESET) refers to stm32h7xx_it.o(.text.BusFault_Handler) for BusFault_Handler
    startup_stm32h723xx.o(RESET) refers to stm32h7xx_it.o(.text.UsageFault_Handler) for UsageFault_Handler
    startup_stm32h723xx.o(RESET) refers to port.o(.text.SVC_Handler) for SVC_Handler
    startup_stm32h723xx.o(RESET) refers to stm32h7xx_it.o(.text.DebugMon_Handler) for DebugMon_Handler
    startup_stm32h723xx.o(RESET) refers to port.o(.text.PendSV_Handler) for PendSV_Handler
    startup_stm32h723xx.o(RESET) refers to port.o(.text.SysTick_Handler) for SysTick_Handler
    startup_stm32h723xx.o(RESET) refers to stm32h7xx_it.o(.text.DMA1_Stream0_IRQHandler) for DMA1_Stream0_IRQHandler
    startup_stm32h723xx.o(RESET) refers to stm32h7xx_it.o(.text.DMA1_Stream1_IRQHandler) for DMA1_Stream1_IRQHandler
    startup_stm32h723xx.o(RESET) refers to stm32h7xx_it.o(.text.TIM1_UP_IRQHandler) for TIM1_UP_IRQHandler
    startup_stm32h723xx.o(RESET) refers to stm32h7xx_it.o(.text.USART1_IRQHandler) for USART1_IRQHandler
    startup_stm32h723xx.o(.text) refers (Special) to heapauxi.o(.text) for __use_two_region_memory
    startup_stm32h723xx.o(.text) refers to system_stm32h7xx.o(.text.SystemInit) for SystemInit
    startup_stm32h723xx.o(.text) refers to __main.o(!!!main) for __main
    startup_stm32h723xx.o(.text) refers to startup_stm32h723xx.o(HEAP) for Heap_Mem
    startup_stm32h723xx.o(.text) refers to startup_stm32h723xx.o(STACK) for Stack_Mem
    rtt_log.o(.text.RTT_LogInit) refers to segger_rtt.o(.text.SEGGER_RTT_Init) for SEGGER_RTT_Init
    rtt_log.o(.text.RTT_LogInit) refers to segger_rtt.o(.text.SEGGER_RTT_SetFlagsUpBuffer) for SEGGER_RTT_SetFlagsUpBuffer
    rtt_log.o(.ARM.exidx.text.RTT_LogInit) refers to rtt_log.o(.text.RTT_LogInit) for [Anonymous Symbol]
    rtt_log.o(.text.RTT_LogWrite) refers to segger_rtt.o(.text.SEGGER_RTT_WriteString) for SEGGER_RTT_WriteString
    rtt_log.o(.ARM.exidx.text.RTT_LogWrite) refers to rtt_log.o(.text.RTT_LogWrite) for [Anonymous Symbol]
    rtt_log.o(.text.RTT_LogPrintf) refers to vsnprintf.o(.text) for vsnprintf
    rtt_log.o(.text.RTT_LogPrintf) refers to segger_rtt.o(.text.SEGGER_RTT_Write) for SEGGER_RTT_Write
    rtt_log.o(.ARM.exidx.text.RTT_LogPrintf) refers to rtt_log.o(.text.RTT_LogPrintf) for [Anonymous Symbol]
    rtt_log.o(.text.fputc) refers to segger_rtt.o(.text.SEGGER_RTT_PutChar) for SEGGER_RTT_PutChar
    rtt_log.o(.ARM.exidx.text.fputc) refers to rtt_log.o(.text.fputc) for [Anonymous Symbol]
    main.o(.text.main) refers to stm32h7xx_hal_cortex.o(.text.HAL_MPU_Disable) for HAL_MPU_Disable
    main.o(.text.main) refers to stm32h7xx_hal_cortex.o(.text.HAL_MPU_ConfigRegion) for HAL_MPU_ConfigRegion
    main.o(.text.main) refers to stm32h7xx_hal_cortex.o(.text.HAL_MPU_Enable) for HAL_MPU_Enable
    main.o(.text.main) refers to stm32h7xx_hal.o(.text.HAL_Init) for HAL_Init
    main.o(.text.main) refers to main.o(.text.SystemClock_Config) for SystemClock_Config
    main.o(.text.main) refers to rtt_log.o(.text.RTT_LogInit) for RTT_LogInit
    main.o(.text.main) refers to gpio.o(.text.MX_GPIO_Init) for MX_GPIO_Init
    main.o(.text.main) refers to dma.o(.text.MX_DMA_Init) for MX_DMA_Init
    main.o(.text.main) refers to usart.o(.text.MX_USART1_UART_Init) for MX_USART1_UART_Init
    main.o(.text.main) refers to usart.o(.text.comInit) for comInit
    main.o(.text.main) refers to freertos.o(.text.MX_FREERTOS_Init) for MX_FREERTOS_Init
    main.o(.text.main) refers to cmsis_os.o(.text.osKernelStart) for osKernelStart
    main.o(.ARM.exidx.text.main) refers to main.o(.text.main) for [Anonymous Symbol]
    main.o(.text.SystemClock_Config) refers to rt_memclr_w.o(.text) for __aeabi_memclr4
    main.o(.text.SystemClock_Config) refers to stm32h7xx_hal_pwr_ex.o(.text.HAL_PWREx_ConfigSupply) for HAL_PWREx_ConfigSupply
    main.o(.text.SystemClock_Config) refers to stm32h7xx_hal_rcc.o(.text.HAL_RCC_OscConfig) for HAL_RCC_OscConfig
[...]
    __rt_lib_init_lc_monetary_1              0x08000415   Thumb Code     0  libinit2.o(.ARM.Collect$$libinit$$00000017)
    __rt_lib_init_lc_numeric_2               0x08000415   Thumb Code     0  libinit2.o(.ARM.Collect$$libinit$$00000018)
    __rt_lib_init_alloca_1                   0x0800041f   Thumb Code     0  libinit2.o(.ARM.Collect$$libinit$$00000030)
    __rt_lib_init_argv_1                     0x0800041f   Thumb Code     0  libinit2.o(.ARM.Collect$$libinit$$0000002E)
    __rt_lib_init_atexit_1                   0x0800041f   Thumb Code     0  libinit2.o(.ARM.Collect$$libinit$$0000001D)
    __rt_lib_init_clock_1                    0x0800041f   Thumb Code     0  libinit2.o(.ARM.Collect$$libinit$$00000023)
    __rt_lib_init_cpp_1                      0x0800041f   Thumb Code     0  libinit2.o(.ARM.Collect$$libinit$$00000034)
    __rt_lib_init_exceptions_1               0x0800041f   Thumb Code     0  libinit2.o(.ARM.Collect$$libinit$$00000032)
    __rt_lib_init_fp_trap_1                  0x0800041f   Thumb Code     0  libinit2.o(.ARM.Collect$$libinit$$00000021)
    __rt_lib_init_getenv_1                   0x0800041f   Thumb Code     0  libinit2.o(.ARM.Collect$$libinit$$00000025)
    __rt_lib_init_lc_numeric_1               0x0800041f   Thumb Code     0  libinit2.o(.ARM.Collect$$libinit$$00000019)
    __rt_lib_init_lc_time_1                  0x0800041f   Thumb Code     0  libinit2.o(.ARM.Collect$$libinit$$0000001B)
    __rt_lib_init_return                     0x0800041f   Thumb Code     0  libinit2.o(.ARM.Collect$$libinit$$00000035)
    __rt_lib_init_signal_1                   0x0800041f   Thumb Code     0  libinit2.o(.ARM.Collect$$libinit$$0000001F)
    __rt_lib_init_stdio_1                    0x0800041f   Thumb Code     0  libinit2.o(.ARM.Collect$$libinit$$00000027)
    __rt_lib_shutdown                        0x08000421   Thumb Code     0  libshutdown.o(.ARM.Collect$$libshutdown$$00000000)
    __rt_lib_shutdown_cpp_1                  0x08000423   Thumb Code     0  libshutdown2.o(.ARM.Collect$$libshutdown$$00000002)
    __rt_lib_shutdown_fp_trap_1              0x08000423   Thumb Code     0  libshutdown2.o(.ARM.Collect$$libshutdown$$00000007)
    __rt_lib_shutdown_heap_1                 0x08000423   Thumb Code     0  libshutdown2.o(.ARM.Collect$$libshutdown$$0000000F)
    __rt_lib_shutdown_return                 0x08000423   Thumb Code     0  libshutdown2.o(.ARM.Collect$$libshutdown$$00000010)
    __rt_lib_shutdown_signal_1               0x08000423   Thumb Code     0  libshutdown2.o(.ARM.Collect$$libshutdown$$0000000A)
    __rt_lib_shutdown_stdio_1                0x08000423   Thumb Code     0  libshutdown2.o(.ARM.Collect$$libshutdown$$00000004)
    __rt_lib_shutdown_user_alloc_1           0x08000423   Thumb Code     0  libshutdown2.o(.ARM.Collect$$libshutdown$$0000000C)
    __rt_entry                               0x08000425   Thumb Code     0  __rtentry.o(.ARM.Collect$$rtentry$$00000000)
    __rt_entry_presh_1                       0x08000425   Thumb Code     0  __rtentry2.o(.ARM.Collect$$rtentry$$00000002)
    __rt_entry_sh                            0x08000425   Thumb Code     0  __rtentry4.o(.ARM.Collect$$rtentry$$00000004)
    __rt_entry_li                            0x0800042b   Thumb Code     0  __rtentry2.o(.ARM.Collect$$rtentry$$0000000A)
    __rt_entry_postsh_1                      0x0800042b   Thumb Code     0  __rtentry2.o(.ARM.Collect$$rtentry$$00000009)
    __rt_entry_main                          0x0800042f   Thumb Code     0  __rtentry2.o(.ARM.Collect$$rtentry$$0000000D)
    __rt_entry_postli_1                      0x0800042f   Thumb Code     0  __rtentry2.o(.ARM.Collect$$rtentry$$0000000C)
    __rt_exit                                0x08000437   Thumb Code     0  rtexit.o(.ARM.Collect$$rtexit$$00000000)
    __rt_exit_ls                             0x08000439   Thumb Code     0  rtexit2.o(.ARM.Collect$$rtexit$$00000003)
    __rt_exit_prels_1                        0x08000439   Thumb Code     0  rtexit2.o(.ARM.Collect$$rtexit$$00000002)
    __rt_exit_exit                           0x0800043d   Thumb Code     0  rtexit2.o(.ARM.Collect$$rtexit$$00000004)
    Reset_Handler                            0x08000445   Thumb Code     8  startup_stm32h723xx.o(.text)
    ADC3_IRQHandler                          0x0800045f   Thumb Code     0  startup_stm32h723xx.o(.text)
    ADC_IRQHandler                           0x0800045f   Thumb Code     0  startup_stm32h723xx.o(.text)
    BDMA_Channel0_IRQHandler                 0x0800045f   Thumb Code     0  startup_stm32h723xx.o(.text)
    BDMA_Channel1_IRQHandler                 0x0800045f   Thumb Code     0  startup_stm32h723xx.o(.text)
    BDMA_Channel2_IRQHandler                 0x0800045f   Thumb Code     0  startup_stm32h723xx.o(.text)
    BDMA_Channel3_IRQHandler                 0x0800045f   Thumb Code     0  startup_stm32h723xx.o(.text)
    BDMA_Channel4_IRQHandler                 0x0800045f   Thumb Code     0  startup_stm32h723xx.o(.text)
    BDMA_Channel5_IRQHandler                 0x0800045f   Thumb Code     0  startup_stm32h723xx.o(.text)
    BDMA_Channel6_IRQHandler                 0x0800045f   Thumb Code     0  startup_stm32h723xx.o(.text)
    BDMA_Channel7_IRQHandler                 0x0800045f   Thumb Code     0  startup_stm32h723xx.o(.text)
    CEC_IRQHandler                           0x0800045f   Thumb Code     0  startup_stm32h723xx.o(.text)
    COMP1_IRQHandler                         0x0800045f   Thumb Code     0  startup_stm32h723xx.o(.text)
    CORDIC_IRQHandler                        0x0800045f   Thumb Code     0  startup_stm32h723xx.o(.text)
    CRS_IRQHandler                           0x0800045f   Thumb Code     0  startup_stm32h723xx.o(.text)
    DCMI_PSSI_IRQHandler                     0x0800045f   Thumb Code     0  startup_stm32h723xx.o(.text)
    DFSDM1_FLT0_IRQHandler                   0x0800045f   Thumb Code     0  startup_stm32h723xx.o(.text)
    DFSDM1_FLT1_IRQHandler                   0x0800045f   Thumb Code     0  startup_stm32h723xx.o(.text)
    DFSDM1_FLT2_IRQHandler                   0x0800045f   Thumb Code     0  startup_stm32h723xx.o(.text)
    DFSDM1_FLT3_IRQHandler                   0x0800045f   Thumb Code     0  startup_stm32h723xx.o(.text)
    DMA1_Stream2_IRQHandler                  0x0800045f   Thumb Code     0  startup_stm32h723xx.o(.text)
    DMA1_Stream3_IRQHandler                  0x0800045f   Thumb Code     0  startup_stm32h723xx.o(.text)
    DMA1_Stream4_IRQHandler                  0x0800045f   Thumb Code     0  startup_stm32h723xx.o(.text)
    DMA1_Stream5_IRQHandler                  0x0800045f   Thumb Code     0  startup_stm32h723xx.o(.text)
    DMA1_Stream6_IRQHandler                  0x0800045f   Thumb Code     0  startup_stm32h723xx.o(.text)
    DMA1_Stream7_IRQHandler                  0x0800045f   Thumb Code     0  startup_stm32h723xx.o(.text)
    DMA2D_IRQHandler                         0x0800045f   Thumb Code     0  startup_stm32h723xx.o(.text)
    DMA2_Stream0_IRQHandler                  0x0800045f   Thumb Code     0  startup_stm32h723xx.o(.text)
    DMA2_Stream1_IRQHandler                  0x0800045f   Thumb Code     0  startup_stm32h723xx.o(.text)
    DMA2_Stream2_IRQHandler                  0x0800045f   Thumb Code     0  startup_stm32h723xx.o(.text)
    DMA2_Stream3_IRQHandler                  0x0800045f   Thumb Code     0  startup_stm32h723xx.o(.text)
    DMA2_Stream4_IRQHandler                  0x0800045f   Thumb Code     0  startup_stm32h723xx.o(.text)
    DMA2_Stream5_IRQHandler                  0x0800045f   Thumb Code     0  startup_stm32h723xx.o(.text)
    DMA2_Stream6_IRQHandler                  0x0800045f   Thumb Code     0  startup_stm32h723xx.o(.text)
    DMA2_Stream7_IRQHandler                  0x0800045f   Thumb Code     0  startup_stm32h723xx.o(.text)
    DMAMUX1_OVR_IRQHandler                   0x0800045f   Thumb Code     0  startup_stm32h723xx.o(.text)
    DMAMUX2_OVR_IRQHandler                   0x0800045f   Thumb Code     0  startup_stm32h723xx.o(.text)
    DTS_IRQHandler                           0x0800045f   Thumb Code     0  startup_stm32h723xx.o(.text)
    ECC_IRQHandler                           0x0800045f   Thumb Code     0  startup_stm32h723xx.o(.text)
    ETH_IRQHandler                           0x0800045f   Thumb Code     0  startup_stm32h723xx.o(.text)
    ETH_WKUP_IRQHandler                      0x0800045f   Thumb Code     0  startup_stm32h723xx.o(.text)
    EXTI0_IRQHandler                         0x0800045f   Thumb Code     0  startup_stm32h723xx.o(.text)
    EXTI15_10_IRQHandler                     0x0800045f   Thumb Code     0  startup_stm32h723xx.o(.text)
    EXTI1_IRQHandler                         0x0800045f   Thumb Code     0  startup_stm32h723xx.o(.text)
    EXTI2_IRQHandler                         0x0800045f   Thumb Code     0  startup_stm32h723xx.o(.text)
    EXTI3_IRQHandler                         0x0800045f   Thumb Code     0  startup_stm32h723xx.o(.text)
    EXTI4_IRQHandler                         0x0800045f   Thumb Code     0  startup_stm32h723xx.o(.text)
    EXTI9_5_IRQHandler                       0x0800045f   Thumb Code     0  startup_stm32h723xx.o(.text)
    FDCAN1_IT0_IRQHandler                    0x0800045f   Thumb Code     0  startup_stm32h723xx.o(.text)
    FDCAN1_IT1_IRQHandler                    0x0800045f   Thumb Code     0  startup_stm32h723xx.o(.text)
    FDCAN2_IT0_IRQHandler                    0x0800045f   Thumb Code     0  startup_stm32h723xx.o(.text)
    FDCAN2_IT1_IRQHandler                    0x0800045f   Thumb Code     0  startup_stm32h723xx.o(.text)
    FDCAN3_IT0_IRQHandler                    0x0800045f   Thumb Code     0  startup_stm32h723xx.o(.text)
    FDCAN3_IT1_IRQHandler                    0x0800045f   Thumb Code     0  startup_stm32h723xx.o(.text)
    FDCAN_CAL_IRQHandler                     0x0800045f   Thumb Code     0  startup_stm32h723xx.o(.text)
    FLASH_IRQHandler                         0x0800045f   Thumb Code     0  startup_stm32h723xx.o(.text)
    FMAC_IRQHandler                          0x0800045f   Thumb Code     0  startup_stm32h723xx.o(.text)
    FMC_IRQHandler                           0x0800045f   Thumb Code     0  startup_stm32h723xx.o(.text)
    FPU_IRQHandler                           0x0800045f   Thumb Code     0  startup_stm32h723xx.o(.text)
    HSEM1_IRQHandler                         0x0800045f   Thumb Code     0  startup_stm32h723xx.o(.text)
    I2C1_ER_IRQHandler                       0x0800045f   Thumb Code     0  startup_stm32h723xx.o(.text)
    I2C1_EV_IRQHandler                       0x0800045f   Thumb Code     0  startup_stm32h723xx.o(.text)
    I2C2_ER_IRQHandler                       0x0800045f   Thumb Code     0  startup_stm32h723xx.o(.text)
    I2C2_EV_IRQHandler                       0x0800045f   Thumb Code     0  startup_stm32h723xx.o(.text)
    I2C3_ER_IRQHandler                       0x0800045f   Thumb Code     0  startup_stm32h723xx.o(.text)
    I2C3_EV_IRQHandler                       0x0800045f   Thumb Code     0  startup_stm32h723xx.o(.text)
    I2C4_ER_IRQHandler                       0x0800045f   Thumb Code     0  startup_stm32h723xx.o(.text)
    I2C4_EV_IRQHandler                       0x0800045f   Thumb Code     0  startup_stm32h723xx.o(.text)
    I2C5_ER_IRQHandler                       0x0800045f   Thumb Code     0  startup_stm32h723xx.o(.text)
    I2C5_EV_IRQHandler                       0x0800045f   Thumb Code     0  startup_stm32h723xx.o(.text)
    LPTIM1_IRQHandler                        0x0800045f   Thumb Code     0  startup_stm32h723xx.o(.text)
    LPTIM2_IRQHandler                        0x0800045f   Thumb Code     0  startup_stm32h723xx.o(.text)
    LPTIM3_IRQHandler                        0x0800045f   Thumb Code     0  startup_stm32h723xx.o(.text)
    LPTIM4_IRQHandler                        0x0800045f   Thumb Code     0  startup_stm32h723xx.o(.text)
    LPTIM5_IRQHandler                        0x0800045f   Thumb Code     0  startup_stm32h723xx.o(.text)
    LPUART1_IRQHandler                       0x0800045f   Thumb Code     0  startup_stm32h723xx.o(.text)
    LTDC_ER_IRQHandler                       0x0800045f   Thumb Code     0  startup_stm32h723xx.o(.text)
    LTDC_IRQHandler                          0x0800045f   Thumb Code     0  startup_stm32h723xx.o(.text)
    MDIOS_IRQHandler                         0x0800045f   Thumb Code     0  startup_stm32h723xx.o(.text)
    MDIOS_WKUP_IRQHandler                    0x0800045f   Thumb Code     0  startup_stm32h723xx.o(.text)
    MDMA_IRQHandler                          0x0800045f   Thumb Code     0  startup_stm32h723xx.o(.text)
    OCTOSPI1_IRQHandler                      0x0800045f   Thumb Code     0  startup_stm32h723xx.o(.text)
    OCTOSPI2_IRQHandler                      0x0800045f   Thumb Code     0  startup_stm32h723xx.o(.text)
    OTG_HS_EP1_IN_IRQHandler                 0x0800045f   Thumb Code     0  startup_stm32h723xx.o(.text)
    OTG_HS_EP1_OUT_IRQHandler                0x0800045f   Thumb Code     0  startup_stm32h723xx.o(.text)
    OTG_HS_IRQHandler                        0x0800045f   Thumb Code     0  startup_stm32h723xx.o(.text)
    OTG_HS_WKUP_IRQHandler                   0x0800045f   Thumb Code     0  startup_stm32h723xx.o(.text)
    PVD_AVD_IRQHandler                       0x0800045f   Thumb Code     0  startup_stm32h723xx.o(.text)
    RCC_IRQHandler                           0x0800045f   Thumb Code     0  startup_stm32h723xx.o(.text)
    RNG_IRQHandler                           0x0800045f   Thumb Code     0  startup_stm32h723xx.o(.text)
    RTC_Alarm_IRQHandler                     0x0800045f   Thumb Code     0  startup_stm32h723xx.o(.text)
    RTC_WKUP_IRQHandler                      0x0800045f   Thumb Code     0  startup_stm32h723xx.o(.text)
    SAI1_IRQHandler                          0x0800045f   Thumb Code     0  startup_stm32h723xx.o(.text)
    SAI4_IRQHandler                          0x0800045f   Thumb Code     0  startup_stm32h723xx.o(.text)
    SDMMC1_IRQHandler                        0x0800045f   Thumb Code     0  startup_stm32h723xx.o(.text)
    SDMMC2_IRQHandler                        0x0800045f   Thumb Code     0  startup_stm32h723xx.o(.text)
    SPDIF_RX_IRQHandler                      0x0800045f   Thumb Code     0  startup_stm32h723xx.o(.text)
    SPI1_IRQHandler                          0x0800045f   Thumb Code     0  startup_stm32h723xx.o(.text)
    SPI2_IRQHandler                          0x0800045f   Thumb Code     0  startup_stm32h723xx.o(.text)
    SPI3_IRQHandler                          0x0800045f   Thumb Code     0  startup_stm32h723xx.o(.text)
    SPI4_IRQHandler                          0x0800045f   Thumb Code     0  startup_stm32h723xx.o(.text)
    SPI5_IRQHandler                          0x0800045f   Thumb Code     0  startup_stm32h723xx.o(.text)
    SPI6_IRQHandler                          0x0800045f   Thumb Code     0  startup_stm32h723xx.o(.text)
    SWPMI1_IRQHandler                        0x0800045f   Thumb Code     0  startup_stm32h723xx.o(.text)
    TAMP_STAMP_IRQHandler                    0x0800045f   Thumb Code     0  startup_stm32h723xx.o(.text)
    TIM15_IRQHandler                         0x0800045f   Thumb Code     0  startup_stm32h723xx.o(.text)
    TIM16_IRQHandler                         0x0800045f   Thumb Code     0  startup_stm32h723xx.o(.text)
    TIM17_IRQHandler                         0x0800045f   Thumb Code     0  startup_stm32h723xx.o(.text)
    TIM1_BRK_IRQHandler                      0x0800045f   Thumb Code     0  startup_stm32h723xx.o(.text)
    TIM1_CC_IRQHandler                       0x0800045f   Thumb Code     0  startup_stm32h723xx.o(.text)
    TIM1_TRG_COM_IRQHandler                  0x0800045f   Thumb Code     0  startup_stm32h723xx.o(.text)
    TIM23_IRQHandler                         0x0800045f   Thumb Code     0  startup_stm32h723xx.o(.text)
    TIM24_IRQHandler                         0x0800045f   Thumb Code     0  startup_stm32h723xx.o(.text)
    TIM2_IRQHandler                          0x0800045f   Thumb Code     0  startup_stm32h723xx.o(.text)
    TIM3_IRQHandler                          0x0800045f   Thumb Code     0  startup_stm32h723xx.o(.text)
    TIM4_IRQHandler                          0x0800045f   Thumb Code     0  startup_stm32h723xx.o(.text)
    TIM5_IRQHandler                          0x0800045f   Thumb Code     0  startup_stm32h723xx.o(.text)
    TIM6_DAC_IRQHandler                      0x0800045f   Thumb Code     0  startup_stm32h723xx.o(.text)
    TIM7_IRQHandler                          0x0800045f   Thumb Code     0  startup_stm32h723xx.o(.text)
    TIM8_BRK_TIM12_IRQHandler                0x0800045f   Thumb Code     0  startup_stm32h723xx.o(.text)
    TIM8_CC_IRQHandler                       0x0800045f   Thumb Code     0  startup_stm32h723xx.o(.text)
    TIM8_TRG_COM_TIM14_IRQHandler            0x0800045f   Thumb Code     0  startup_stm32h723xx.o(.text)
    TIM8_UP_TIM13_IRQHandler                 0x0800045f   Thumb Code     0  startup_stm32h723xx.o(.text)
    UART4_IRQHandler                         0x0800045f   Thumb Code     0  startup_stm32h723xx.o(.text)
    UART5_IRQHandler                         0x0800045f   Thumb Code     0  startup_stm32h723xx.o(.text)
    UART7_IRQHandler                         0x0800045f   Thumb Code     0  startup_stm32h723xx.o(.text)
    UART8_IRQHandler                         0x0800045f   Thumb Code     0  startup_stm32h723xx.o(.text)
    UART9_IRQHandler                         0x0800045f   Thumb Code     0  startup_stm32h723xx.o(.text)
    USART10_IRQHandler                       0x0800045f   Thumb Code     0  startup_stm32h723xx.o(.text)
    USART2_IRQHandler                        0x0800045f   Thumb Code     0  startup_stm32h723xx.o(.text)
    USART3_IRQHandler                        0x0800045f   Thumb Code     0  startup_stm32h723xx.o(.text)
    USART6_IRQHandler                        0x0800045f   Thumb Code     0  startup_stm32h723xx.o(.text)
    WAKEUP_PIN_IRQHandler                    0x0800045f   Thumb Code     0  startup_stm32h723xx.o(.text)
    WWDG_IRQHandler                          0x0800045f   Thumb Code     0  startup_stm32h723xx.o(.text)
    __user_initial_stackheap                 0x08000461   Thumb Code     0  startup_stm32h723xx.o(.text)
    __aeabi_uldivmod                         0x08000485   Thumb Code     0  lludivv7m.o(.text)
    _ll_udiv                                 0x08000485   Thumb Code   240  lludivv7m.o(.text)
    vsnprintf                                0x08000575   Thumb Code    56  vsnprintf.o(.text)
    __aeabi_memcpy                           0x080005b1   Thumb Code     0  rt_memcpy_v6.o(.text)
    __rt_memcpy                              0x080005b1   Thumb Code   138  rt_memcpy_v6.o(.text)
    _memcpy_lastbytes                        0x08000617   Thumb Code     0  rt_memcpy_v6.o(.text)
    __aeabi_memclr4                          0x0800063b   Thumb Code     0  rt_memclr_w.o(.text)
    __aeabi_memclr8                          0x0800063b   Thumb Code     0  rt_memclr_w.o(.text)
    __rt_memclr_w                            0x0800063b   Thumb Code     0  rt_memclr_w.o(.text)
    _memset_w                                0x0800063f   Thumb Code    74  rt_memclr_w.o(.text)
    __use_two_region_memory                  0x08000689   Thumb Code     2  heapauxi.o(.text)
    __rt_heap_escrow$2region                 0x0800068b   Thumb Code     2  heapauxi.o(.text)
    __rt_heap_expand$2region                 0x0800068d   Thumb Code     2  heapauxi.o(.text)
    _printf_pre_padding                      0x0800068f   Thumb Code    44  _printf_pad.o(.text)
    _printf_post_padding                     0x080006bb   Thumb Code    34  _printf_pad.o(.text)
    _printf_truncate_signed                  0x080006dd   Thumb Code    18  _printf_truncate.o(.text)
    _printf_truncate_unsigned                0x080006ef   Thumb Code    18  _printf_truncate.o(.text)
    _printf_str                              0x08000701   Thumb Code    82  _printf_str.o(.text)
    _printf_int_dec                          0x08000755   Thumb Code   104  _printf_dec.o(.text)
    _printf_charcount                        0x080007cd   Thumb Code    40  _printf_charcount.o(.text)
    _printf_char_common                      0x080007ff   Thumb Code    32  _printf_char_common.o(.text)
    _snputc                                  0x08000825   Thumb Code    16  _snputc.o(.text)
    _printf_wctomb                           0x08000835   Thumb Code   182  _printf_wctomb.o(.text)
    _printf_longlong_dec                     0x080008f1   Thumb Code   108  _printf_longlong_dec.o(.text)
    _printf_longlong_oct                     0x0800096d   Thumb Code    68  _printf_oct_int_ll.o(.text)
    _printf_int_oct                          0x080009b1   Thumb Code    24  _printf_oct_int_ll.o(.text)
    _printf_ll_oct                           0x080009c9   Thumb Code    12  _printf_oct_int_ll.o(.text)
    _printf_longlong_hex                     0x080009dd   Thumb Code    86  _printf_hex_int_ll_ptr.o(.text)
    _printf_int_hex                          0x08000a33   Thumb Code    28  _printf_hex_int_ll_ptr.o(.text)
    _printf_ll_hex                           0x08000a4f   Thumb Code    12  _printf_hex_int_ll_ptr.o(.text)
    _printf_hex_ptr                          0x08000a5b   Thumb Code    18  _printf_hex_int_ll_ptr.o(.text)
    __printf                                 0x08000a71   Thumb Code   388  __printf_flags_ss_wp.o(.text)
    __aeabi_memcpy4                          0x08000bf9   Thumb Code     0  rt_memcpy_w.o(.text)
    __aeabi_memcpy8                          0x08000bf9   Thumb Code     0  rt_memcpy_w.o(.text)
    __rt_memcpy_w                            0x08000bf9   Thumb Code   100  rt_memcpy_w.o(.text)
    _memcpy_lastbytes_aligned                0x08000c41   Thumb Code     0  rt_memcpy_w.o(.text)
    _ll_udiv10                               0x08000c5d   Thumb Code   138  lludiv10.o(.text)
    _printf_int_common                       0x08000ce7   Thumb Code   178  _printf_intcommon.o(.text)
    _printf_fp_dec_real                      0x08000f49   Thumb Code   620  _printf_fp_dec.o(.text)
    _printf_fp_hex_real                      0x080011b5   Thumb Code   756  _printf_fp_hex.o(.text)
    _printf_cs_common                        0x080014b1   Thumb Code    20  _printf_char.o(.text)
    _printf_char                             0x080014c5   Thumb Code    16  _printf_char.o(.text)
    _printf_string                           0x080014d5   Thumb Code     8  _printf_char.o(.text)
    _printf_lcs_common                       0x080014dd   Thumb Code    20  _printf_wchar.o(.text)
    _printf_wchar                            0x080014f1   Thumb Code    16  _printf_wchar.o(.text)
    _printf_wstring                          0x08001501   Thumb Code     8  _printf_wchar.o(.text)
    _c16rtomb                                0x08001509   Thumb Code    72  _c16rtomb.o(.text)
    _wcrtomb                                 0x08001509   Thumb Code     0  _c16rtomb.o(.text)
    __user_setup_stackheap                   0x08001551   Thumb Code    74  sys_stackheap_outer.o(.text)
    __rt_ctype_table                         0x0800159d   Thumb Code    16  rt_ctype_table.o(.text)
    __rt_locale                              0x080015ad   Thumb Code     8  rt_locale_intlibspace.o(.text)
    _printf_fp_infnan                        0x080015b5   Thumb Code   112  _printf_fp_infnan.o(.text)
    _btod_etento                             0x08001635   Thumb Code   224  bigflt0.o(.text)
    exit                                     0x08001719   Thumb Code    18  exit.o(.text)
    __user_libspace                          0x0800172d   Thumb Code     8  libspace.o(.text)
    __user_perproc_libspace                  0x0800172d   Thumb Code     0  libspace.o(.text)
    __user_perthread_libspace                0x0800172d   Thumb Code     0  libspace.o(.text)
    strcmp                                   0x08001739   Thumb Code   124  strcmpv7m_pel.o(.text)
    _sys_exit                                0x080017b5   Thumb Code     8  sys_exit.o(.text)
    __I$use$semihosting                      0x080017c1   Thumb Code     0  use_no_semi.o(.text)
    __use_no_semihosting_swi                 0x080017c1   Thumb Code     2  use_no_semi.o(.text)
    __semihosting_library_function           0x080017c3   Thumb Code     0  indicate_semi.o(.text)
    BusFault_Handler                         0x080017c9   Thumb Code     2  stm32h7xx_it.o(.text.BusFault_Handler)
    DMA1_Stream0_IRQHandler                  0x080017d1   Thumb Code    12  stm32h7xx_it.o(.text.DMA1_Stream0_IRQHandler)
    DMA1_Stream1_IRQHandler                  0x080017e1   Thumb Code    12  stm32h7xx_it.o(.text.DMA1_Stream1_IRQHandler)
    DebugMon_Handler                         0x08001919   Thumb Code     2  stm32h7xx_it.o(.text.DebugMon_Handler)
    Error_Handler                            0x08001921   Thumb Code    10  main.o(.text.Error_Handler)
    HAL_DMA_Abort                            0x08001931   Thumb Code  1318  stm32h7xx_hal_dma.o(.text.HAL_DMA_Abort)
    HAL_DMA_Abort_IT                         0x08001e59   Thumb Code   694  stm32h7xx_hal_dma.o(.text.HAL_DMA_Abort_IT)
    HAL_DMA_IRQHandler                       0x08002111   Thumb Code  2072  stm32h7xx_hal_dma.o(.text.HAL_DMA_IRQHandler)
    HAL_DMA_Init                             0x08002929   Thumb Code  1690  stm32h7xx_hal_dma.o(.text.HAL_DMA_Init)
    HAL_GPIO_Init                            0x08002fc9   Thumb Code   422  stm32h7xx_hal_gpio.o(.text.HAL_GPIO_Init)
    HAL_GetTick                              0x08003171   Thumb Code    12  stm32h7xx_hal.o(.text.HAL_GetTick)
    HAL_IncTick                              0x08003181   Thumb Code    26  stm32h7xx_hal.o(.text.HAL_IncTick)
    HAL_Init                                 0x080031a1   Thumb Code   100  stm32h7xx_hal.o(.text.HAL_Init)
    HAL_InitTick                             0x08003209   Thumb Code   160  stm32h7xx_hal_timebase_tim.o(.text.HAL_InitTick)
    HAL_MPU_ConfigRegion                     0x080032a9   Thumb Code    94  stm32h7xx_hal_cortex.o(.text.HAL_MPU_ConfigRegion)
    HAL_MPU_Disable                          0x08003309   Thumb Code    26  stm32h7xx_hal_cortex.o(.text.HAL_MPU_Disable)
    HAL_MPU_Enable                           0x08003329   Thumb Code    32  stm32h7xx_hal_cortex.o(.text.HAL_MPU_Enable)
    HAL_MspInit                              0x08003349   Thumb Code    42  stm32h7xx_hal_msp.o(.text.HAL_MspInit)
    HAL_NVIC_EnableIRQ                       0x08003379   Thumb Code    34  stm32h7xx_hal_cortex.o(.text.HAL_NVIC_EnableIRQ)
    HAL_NVIC_SetPriority                     0x080033a1   Thumb Code    90  stm32h7xx_hal_cortex.o(.text.HAL_NVIC_SetPriority)
    HAL_NVIC_SetPriorityGrouping             0x08003401   Thumb Code    32  stm32h7xx_hal_cortex.o(.text.HAL_NVIC_SetPriorityGrouping)
    HAL_PWREx_ConfigSupply                   0x08003421   Thumb Code    76  stm32h7xx_hal_pwr_ex.o(.text.HAL_PWREx_ConfigSupply)
    HAL_RCCEx_GetD3PCLK1Freq                 0x08003471   Thumb Code    38  stm32h7xx_hal_rcc_ex.o(.text.HAL_RCCEx_GetD3PCLK1Freq)
    HAL_RCCEx_GetPLL2ClockFreq               0x08003499   Thumb Code   280  stm32h7xx_hal_rcc_ex.o(.text.HAL_RCCEx_GetPLL2ClockFreq)
    HAL_RCCEx_GetPLL3ClockFreq               0x080035c1   Thumb Code   280  stm32h7xx_hal_rcc_ex.o(.text.HAL_RCCEx_GetPLL3ClockFreq)
    HAL_RCCEx_PeriphCLKConfig                0x080036e9   Thumb Code  2688  stm32h7xx_hal_rcc_ex.o(.text.HAL_RCCEx_PeriphCLKConfig)
    HAL_RCC_ClockConfig                      0x08004169   Thumb Code   596  stm32h7xx_hal_rcc.o(.text.HAL_RCC_ClockConfig)
    HAL_RCC_GetClockConfig                   0x080043c1   Thumb Code    88  stm32h7xx_hal_rcc.o(.text.HAL_RCC_GetClockConfig)
    HAL_RCC_GetHCLKFreq                      0x08004419   Thumb Code    76  stm32h7xx_hal_rcc.o(.text.HAL_RCC_GetHCLKFreq)
    HAL_RCC_GetPCLK1Freq                     0x08004469   Thumb Code    96  stm32h7xx_hal_rcc.o(.text.HAL_RCC_GetPCLK1Freq)
    HAL_RCC_GetPCLK2Freq                     0x080044c9   Thumb Code    96  stm32h7xx_hal_rcc.o(.text.HAL_RCC_GetPCLK2Freq)
    HAL_RCC_GetSysClockFreq                  0x08004529   Thumb Code   264  stm32h7xx_hal_rcc.o(.text.HAL_RCC_GetSysClockFreq)
    HAL_RCC_OscConfig                        0x08004649   Thumb Code  1324  stm32h7xx_hal_rcc.o(.text.HAL_RCC_OscConfig)
    HAL_TIMEx_Break2Callback                 0x08004b79   Thumb Code     2  stm32h7xx_hal_tim_ex.o(.text.HAL_TIMEx_Break2Callback)
    HAL_TIMEx_BreakCallback                  0x08004b81   Thumb Code     2  stm32h7xx_hal_tim_ex.o(.text.HAL_TIMEx_BreakCallback)
    HAL_TIMEx_CommutCallback                 0x08004b89   Thumb Code     2  stm32h7xx_hal_tim_ex.o(.text.HAL_TIMEx_CommutCallback)
    HAL_TIM_Base_Init                        0x08004b91   Thumb Code    96  stm32h7xx_hal_tim.o(.text.HAL_TIM_Base_Init)
    HAL_TIM_Base_MspInit                     0x08004bf1   Thumb Code     2  stm32h7xx_hal_tim.o(.text.HAL_TIM_Base_MspInit)
    HAL_TIM_Base_Start_IT                    0x08004bf9   Thumb Code   220  stm32h7xx_hal_tim.o(.text.HAL_TIM_Base_Start_IT)
    HAL_TIM_IC_CaptureCallback               0x08004cd9   Thumb Code     2  stm32h7xx_hal_tim.o(.text.HAL_TIM_IC_CaptureCallback)
    HAL_TIM_IRQHandler                       0x08004ce1   Thumb Code   364  stm32h7xx_hal_tim.o(.text.HAL_TIM_IRQHandler)
    HAL_TIM_OC_DelayElapsedCallback          0x08004e51   Thumb Code     2  stm32h7xx_hal_tim.o(.text.HAL_TIM_OC_DelayElapsedCallback)
    HAL_TIM_PWM_PulseFinishedCallback        0x08004e59   Thumb Code     2  stm32h7xx_hal_tim.o(.text.HAL_TIM_PWM_PulseFinishedCallback)
    HAL_TIM_PeriodElapsedCallback            0x08004e61   Thumb Code    18  main.o(.text.HAL_TIM_PeriodElapsedCallback)
    HAL_TIM_TriggerCallback                  0x08004e79   Thumb Code     2  stm32h7xx_hal_tim.o(.text.HAL_TIM_TriggerCallback)
    HAL_UARTEx_DisableFifoMode               0x08004e81   Thumb Code    54  stm32h7xx_hal_uart_ex.o(.text.HAL_UARTEx_DisableFifoMode)
    HAL_UARTEx_RxEventCallback               0x08004eb9   Thumb Code     2  stm32h7xx_hal_uart.o(.text.HAL_UARTEx_RxEventCallback)
    HAL_UARTEx_RxFifoFullCallback            0x08004ec1   Thumb Code     2  stm32h7xx_hal_uart_ex.o(.text.HAL_UARTEx_RxFifoFullCallback)
    HAL_UARTEx_SetRxFifoThreshold            0x08004ec9   Thumb Code   140  stm32h7xx_hal_uart_ex.o(.text.HAL_UARTEx_SetRxFifoThreshold)
    HAL_UARTEx_SetTxFifoThreshold            0x08004f59   Thumb Code   140  stm32h7xx_hal_uart_ex.o(.text.HAL_UARTEx_SetTxFifoThreshold)
    HAL_UARTEx_TxFifoEmptyCallback           0x08004fe9   Thumb Code     2  stm32h7xx_hal_uart_ex.o(.text.HAL_UARTEx_TxFifoEmptyCallback)
    HAL_UARTEx_WakeupCallback                0x08004ff1   Thumb Code     2  stm32h7xx_hal_uart_ex.o(.text.HAL_UARTEx_WakeupCallback)
    HAL_UART_ErrorCallback                   0x08004ff9   Thumb Code    62  usart.o(.text.HAL_UART_ErrorCallback)
    HAL_UART_IRQHandler                      0x08005039   Thumb Code  1650  stm32h7xx_hal_uart.o(.text.HAL_UART_IRQHandler)
    HAL_UART_Init                            0x080056b1   Thumb Code   100  stm32h7xx_hal_uart.o(.text.HAL_UART_Init)
    HAL_UART_MspInit                         0x08005719   Thumb Code   292  usart.o(.text.HAL_UART_MspInit)
    HAL_UART_Receive_IT                      0x08005841   Thumb Code   172  stm32h7xx_hal_uart.o(.text.HAL_UART_Receive_IT)
    HAL_UART_RxCpltCallback                  0x080058f1   Thumb Code   118  usart.o(.text.HAL_UART_RxCpltCallback)
    HAL_UART_Transmit_IT                     0x08005969   Thumb Code   298  stm32h7xx_hal_uart.o(.text.HAL_UART_Transmit_IT)
    HAL_UART_TxCpltCallback                  0x08005a99   Thumb Code   152  usart.o(.text.HAL_UART_TxCpltCallback)
    HardFault_Handler                        0x08005b31   Thumb Code     2  stm32h7xx_it.o(.text.HardFault_Handler)
    MX_DMA_Init                              0x08005b39   Thumb Code    68  dma.o(.text.MX_DMA_Init)
    MX_FREERTOS_Init                         0x08005b81   Thumb Code    96  freertos.o(.text.MX_FREERTOS_Init)
    MX_GPIO_Init                             0x08005c19   Thumb Code    50  gpio.o(.text.MX_GPIO_Init)
    MX_USART1_UART_Init                      0x08005c51   Thumb Code   124  usart.o(.text.MX_USART1_UART_Init)
    MemManage_Handler                        0x08005cd1   Thumb Code     2  stm32h7xx_it.o(.text.MemManage_Handler)
    NMI_Handler                              0x08005cd9   Thumb Code     2  stm32h7xx_it.o(.text.NMI_Handler)
    PendSV_Handler                           0x08005ce1   Thumb Code   100  port.o(.text.PendSV_Handler)
    RTT_LogInit                              0x08005f99   Thumb Code    18  rtt_log.o(.text.RTT_LogInit)
    RTT_LogPrintf                            0x08005fb1   Thumb Code    64  rtt_log.o(.text.RTT_LogPrintf)
    SEGGER_RTT_Init                          0x08005ff1   Thumb Code   112  segger_rtt.o(.text.SEGGER_RTT_Init)
    SEGGER_RTT_SetFlagsUpBuffer              0x08006061   Thumb Code   170  segger_rtt.o(.text.SEGGER_RTT_SetFlagsUpBuffer)
    SEGGER_RTT_Write                         0x08006111   Thumb Code   164  segger_rtt.o(.text.SEGGER_RTT_Write)
    SEGGER_RTT_WriteNoLock                   0x080061b9   Thumb Code   336  segger_rtt.o(.text.SEGGER_RTT_WriteNoLock)
    SVC_Handler                              0x08006311   Thumb Code    36  port.o(.text.SVC_Handler)
    StartDefaultTask                         0x08006339   Thumb Code    12  freertos.o(.text.StartDefaultTask)
    StartdebugTask                           0x08006349   Thumb Code    36  freertos.o(.text.StartdebugTask)
    SysTick_Handler                          0x08006371   Thumb Code    46  port.o(.text.SysTick_Handler)
    SystemClock_Config                       0x080063a1   Thumb Code   204  main.o(.text.SystemClock_Config)
    SystemInit                               0x08006471   Thumb Code   176  system_stm32h7xx.o(.text.SystemInit)
    TIM1_UP_IRQHandler                       0x08006521   Thumb Code    12  stm32h7xx_it.o(.text.TIM1_UP_IRQHandler)
    TIM_Base_SetConfig                       0x08006531   Thumb Code   388  stm32h7xx_hal_tim.o(.text.TIM_Base_SetConfig)
    UART_AdvFeatureConfig                    0x080066b9   Thumb Code   224  stm32h7xx_hal_uart.o(.text.UART_AdvFeatureConfig)
    UART_CheckIdleState                      0x08006799   Thumb Code   366  stm32h7xx_hal_uart.o(.text.UART_CheckIdleState)
    UART_SetConfig                           0x08007311   Thumb Code  1176  stm32h7xx_hal_uart.o(.text.UART_SetConfig)
    UART_Start_Receive_IT                    0x080077b1   Thumb Code   628  stm32h7xx_hal_uart.o(.text.UART_Start_Receive_IT)
    UART_WaitOnFlagUntilTimeout              0x08007da1   Thumb Code   856  stm32h7xx_hal_uart.o(.text.UART_WaitOnFlagUntilTimeout)
    USART1_CpuMonitorTask                    0x080080f9   Thumb Code   284  usart.o(.text.USART1_CpuMonitorTask)
    USART1_IRQHandler                        0x08008219   Thumb Code    12  stm32h7xx_it.o(.text.USART1_IRQHandler)
    USART1_Process                           0x08008229   Thumb Code   108  usart.o(.text.USART1_Process)
    UsageFault_Handler                       0x08008429   Thumb Code     2  stm32h7xx_it.o(.text.UsageFault_Handler)
    comInit                                  0x08008431   Thumb Code    76  usart.o(.text.comInit)
    main                                     0x08008481   Thumb Code    78  main.o(.text.main)
    osDelay                                  0x080084d1   Thumb Code    16  cmsis_os.o(.text.osDelay)
    osKernelStart                            0x080084e1   Thumb Code    10  cmsis_os.o(.text.osKernelStart)
    osThreadCreate                           0x080084f1   Thumb Code    96  cmsis_os.o(.text.osThreadCreate)
    pvPortMalloc                             0x08008839   Thumb Code   488  heap_4.o(.text.pvPortMalloc)
    pxPortInitialiseStack                    0x08008a21   Thumb Code    44  port.o(.text.pxPortInitialiseStack)
    uxListRemove                             0x08008a51   Thumb Code    34  list.o(.text.uxListRemove)
    vApplicationGetIdleTaskMemory            0x08008a79   Thumb Code    26  freertos.o(.text.vApplicationGetIdleTaskMemory)
    vListInitialise                          0x08008a99   Thumb Code    22  list.o(.text.vListInitialise)
    vListInitialiseItem                      0x08008ab1   Thumb Code     6  list.o(.text.vListInitialiseItem)
    vListInsert                              0x08008ab9   Thumb Code    98  list.o(.text.vListInsert)
    vListInsertEnd                           0x08008b21   Thumb Code    26  list.o(.text.vListInsertEnd)
    vPortEnterCritical                       0x08008b59   Thumb Code    74  port.o(.text.vPortEnterCritical)
    vPortExitCritical                        0x08008ba9   Thumb Code    46  port.o(.text.vPortExitCritical)
    vPortFree                                0x08008bd9   Thumb Code   222  heap_4.o(.text.vPortFree)
    vPortSetupTimerInterrupt                 0x08008cb9   Thumb Code    52  port.o(.text.vPortSetupTimerInterrupt)
    vTaskDelay                               0x08008cf1   Thumb Code   158  tasks.o(.text.vTaskDelay)
    vTaskStartScheduler                      0x08008d91   Thumb Code   196  tasks.o(.text.vTaskStartScheduler)
    vTaskSuspendAll                          0x08008e61   Thumb Code    16  tasks.o(.text.vTaskSuspendAll)
    vTaskSwitchContext                       0x08008e71   Thumb Code   110  tasks.o(.text.vTaskSwitchContext)
    xPortStartScheduler                      0x08008ee1   Thumb Code   394  port.o(.text.xPortStartScheduler)
    xTaskCreate                              0x08009071   Thumb Code    96  tasks.o(.text.xTaskCreate)
    xTaskCreateStatic                        0x080090d1   Thumb Code   122  tasks.o(.text.xTaskCreateStatic)
    xTaskIncrementTick                       0x08009151   Thumb Code   262  tasks.o(.text.xTaskIncrementTick)
    xTaskResumeAll                           0x08009259   Thumb Code   234  tasks.o(.text.xTaskResumeAll)
    _btod_d2e                                0x08009343   Thumb Code    62  btod.o(CL$$btod_d2e)
    _d2e_denorm_low                          0x08009381   Thumb Code    70  btod.o(CL$$btod_d2e_denorm_low)
    _d2e_norm_op1                            0x080093c7   Thumb Code    96  btod.o(CL$$btod_d2e_norm_op1)
    __btod_div_common                        0x08009429   Thumb Code   696  btod.o(CL$$btod_div_common)
    _e2e                                     0x08009761   Thumb Code   220  btod.o(CL$$btod_e2e)
    _btod_ediv                               0x0800983d   Thumb Code    42  btod.o(CL$$btod_ediv)
    _btod_emul                               0x08009867   Thumb Code    42  btod.o(CL$$btod_emul)
    __btod_mult_common                       0x08009891   Thumb Code   580  btod.o(CL$$btod_mult_common)
    __ARM_fpclassify                         0x08009ad5   Thumb Code    48  fpclassify.o(i.__ARM_fpclassify)
    _is_digit                                0x08009b05   Thumb Code    14  __printf_wp.o(i._is_digit)
    _get_lc_numeric                          0x08009b15   Thumb Code    44  lc_numeric_c.o(locale$$code)
    _get_lc_ctype                            0x08009b41   Thumb Code    44  lc_ctype_c.o(locale$$code)
    _fp_init                                 0x08009b6d   Thumb Code    26  fpinit.o(x$fpl$fpinit)
    __fplib_config_fpu_vfp                   0x08009b85   Thumb Code     0  fpinit.o(x$fpl$fpinit)
    __fplib_config_pureend_doubles           0x08009b85   Thumb Code     0  fpinit.o(x$fpl$fpinit)
    _printf_fp_dec                           0x08009b87   Thumb Code     4  printf1.o(x$fpl$printf1)
    _printf_fp_hex                           0x08009b8b   Thumb Code     4  printf2.o(x$fpl$printf2)
    __I$use$fp                               0x08009b8e   Number         0  usenofp.o(x$fpl$usenofp)
    D1CorePrescTable                         0x08009c98   Data          16  system_stm32h7xx.o(.rodata.D1CorePrescTable)
    UARTPrescTable                           0x08009ca8   Data          24  stm32h7xx_hal_uart.o(.rodata.UARTPrescTable)
    Region$$Table$$Base                      0x08009d78   Number         0  anon$$obj.o(Region$$Table)
    Region$$Table$$Limit                     0x08009da8   Number         0  anon$$obj.o(Region$$Table)
    __ctype                                  0x08009dd1   Data           0  lc_ctype_c.o(locale$$data)
    uwTickFreq                               0x24000000   Data           1  stm32h7xx_hal.o(.data..L_MergedGlobals)
    uwTickPrio                               0x24000004   Data           4  stm32h7xx_hal.o(.data..L_MergedGlobals)
    SystemCoreClock                          0x24000008   Data           4  system_stm32h7xx.o(.data..L_MergedGlobals)
    SystemD2Clock                            0x2400000c   Data           4  system_stm32h7xx.o(.data..L_MergedGlobals)
    __libspace_start                         0x24000018   Data          96  libspace.o(.bss)
    __temporary_stack_top$libspace           0x24000078   Data           0  libspace.o(.bss)
    defaultTaskHandle                        0x24000078   Data           4  freertos.o(.bss..L_MergedGlobals)
    debugTaskHandle                          0x2400007c   Data           4  freertos.o(.bss..L_MergedGlobals)
    pxCurrentTCB                             0x240000bc   Data           4  tasks.o(.bss..L_MergedGlobals)
    _SEGGER_RTT                              0x24000188   Data         168  segger_rtt.o(.bss._SEGGER_RTT)
    hdma_usart1_rx                           0x24000630   Data         120  usart.o(.bss.hdma_usart1_rx)
    hdma_usart1_tx                           0x240006a8   Data         120  usart.o(.bss.hdma_usart1_tx)
    htim1                                    0x24000720   Data          76  stm32h7xx_hal_timebase_tim.o(.bss.htim1)
    huart1                                   0x2400076c   Data         148  usart.o(.bss.huart1)
    uwTick                                   0x24000b0c   Data           4  stm32h7xx_hal.o(.bss.uwTick)



==============================================================================

Memory Map of the image

  Image Entry point : 0x080002cd

  Load Region LR_IROM1 (Base: 0x08000000, Size: 0x00009ef0, Max: 0x00100000, ABSOLUTE)

    Execution Region ER_IROM1 (Exec base: 0x08000000, Load base: 0x08000000, Size: 0x00009ed4, Max: 0x00100000, ABSOLUTE)

    Exec Addr    Load Addr    Size         Type   Attr      Idx    E Section Name        Object

    0x08000000   0x08000000   0x000002cc   Data   RO            3    RESET               startup_stm32h723xx.o
    0x080002cc   0x080002cc   0x00000008   Code   RO         2058  * !!!main             c_w.l(__main.o)
    0x080002d4   0x080002d4   0x0000005c   Code   RO         2409    !!!scatter          c_w.l(__scatter.o)
    0x08000330   0x08000330   0x0000001a   Code   RO         2413    !!handler_copy      c_w.l(__scatter_copy.o)
    0x0800034a   0x0800034a   0x00000002   PAD
    0x0800034c   0x0800034c   0x00000002   Code   RO         2410    !!handler_null      c_w.l(__scatter.o)
    0x0800034e   0x0800034e   0x00000002   PAD
    0x08000350   0x08000350   0x0000001c   Code   RO         2415    !!handler_zi        c_w.l(__scatter_zi.o)
    0x0800036c   0x0800036c   0x00000000   Code   RO         2146    .ARM.Collect$$_printf_percent$$00000000  c_w.l(_printf_percent.o)
    0x0800036c   0x0800036c   0x00000006   Code   RO         2135    .ARM.Collect$$_printf_percent$$00000001  c_w.l(_printf_n.o)
    0x08000372   0x08000372   0x00000006   Code   RO         2137    .ARM.Collect$$_printf_percent$$00000002  c_w.l(_printf_p.o)
    0x08000378   0x08000378   0x00000006   Code   RO         2142    .ARM.Collect$$_printf_percent$$00000003  c_w.l(_printf_f.o)
    0x0800037e   0x0800037e   0x00000006   Code   RO         2143    .ARM.Collect$$_printf_percent$$00000004  c_w.l(_printf_e.o)
    0x08000384   0x08000384   0x00000006   Code   RO         2144    .ARM.Collect$$_printf_percent$$00000005  c_w.l(_printf_g.o)
    0x0800038a   0x0800038a   0x00000006   Code   RO         2145    .ARM.Collect$$_printf_percent$$00000006  c_w.l(_printf_a.o)
    0x08000390   0x08000390   0x0000000a   Code   RO         2150    .ARM.Collect$$_printf_percent$$00000007  c_w.l(_printf_ll.o)
    0x0800039a   0x0800039a   0x00000006   Code   RO         2139    .ARM.Collect$$_printf_percent$$00000008  c_w.l(_printf_i.o)
    0x080003a0   0x080003a0   0x00000006   Code   RO         2140    .ARM.Collect$$_printf_percent$$00000009  c_w.l(_printf_d.o)
    0x080003a6   0x080003a6   0x00000006   Code   RO         2141    .ARM.Collect$$_printf_percent$$0000000A  c_w.l(_printf_u.o)
    0x080003ac   0x080003ac   0x00000006   Code   RO         2138    .ARM.Collect$$_printf_percent$$0000000B  c_w.l(_printf_o.o)
    0x080003b2   0x080003b2   0x00000006   Code   RO         2136    .ARM.Collect$$_printf_percent$$0000000C  c_w.l(_printf_x.o)
    0x080003b8   0x080003b8   0x00000006   Code   RO         2147    .ARM.Collect$$_printf_percent$$0000000D  c_w.l(_printf_lli.o)
    0x080003be   0x080003be   0x00000006   Code   RO         2148    .ARM.Collect$$_printf_percent$$0000000E  c_w.l(_printf_lld.o)
    0x080003c4   0x080003c4   0x00000006   Code   RO         2149    .ARM.Collect$$_printf_percent$$0000000F  c_w.l(_printf_llu.o)
    0x080003ca   0x080003ca   0x00000006   Code   RO         2154    .ARM.Collect$$_printf_percent$$00000010  c_w.l(_printf_llo.o)
    0x080003d0   0x080003d0   0x00000006   Code   RO         2155    .ARM.Collect$$_printf_percent$$00000011  c_w.l(_printf_llx.o)
    0x080003d6   0x080003d6   0x0000000a   Code   RO         2151    .ARM.Collect$$_printf_percent$$00000012  c_w.l(_printf_l.o)
    0x080003e0   0x080003e0   0x00000006   Code   RO         2133    .ARM.Collect$$_printf_percent$$00000013  c_w.l(_printf_c.o)
    0x080003e6   0x080003e6   0x00000006   Code   RO         2134    .ARM.Collect$$_printf_percent$$00000014  c_w.l(_printf_s.o)
    0x080003ec   0x080003ec   0x00000006   Code   RO         2152    .ARM.Collect$$_printf_percent$$00000015  c_w.l(_printf_lc.o)
    0x080003f2   0x080003f2   0x00000006   Code   RO         2153    .ARM.Collect$$_printf_percent$$00000016  c_w.l(_printf_ls.o)
    0x080003f8   0x080003f8   0x00000004   Code   RO         2202    .ARM.Collect$$_printf_percent$$00000017  c_w.l(_printf_percent_end.o)
    0x080003fc   0x080003fc   0x00000002   Code   RO         2257    .ARM.Collect$$libinit$$00000000  c_w.l(libinit.o)
    0x080003fe   0x080003fe   0x00000004   Code   RO         2281    .ARM.Collect$$libinit$$00000001  c_w.l(libinit2.o)
    0x08000402   0x08000402   0x00000000   Code   RO         2284    .ARM.Collect$$libinit$$00000004  c_w.l(libinit2.o)
    0x08000402   0x08000402   0x00000000   Code   RO         2286    .ARM.Collect$$libinit$$00000006  c_w.l(libinit2.o)
    0x08000402   0x08000402   0x00000000   Code   RO         2289    .ARM.Collect$$libinit$$0000000C  c_w.l(libinit2.o)
    0x08000402   0x08000402   0x00000000   Code   RO         2291    .ARM.Collect$$libinit$$0000000E  c_w.l(libinit2.o)
    0x08000402   0x08000402   0x00000000   Code   RO         2293    .ARM.Collect$$libinit$$00000010  c_w.l(libinit2.o)
    0x08000402   0x08000402   0x00000006   Code   RO         2294    .ARM.Collect$$libinit$$00000011  c_w.l(libinit2.o)
    0x08000408   0x08000408   0x00000000   Code   RO         2296    .ARM.Collect$$libinit$$00000013  c_w.l(libinit2.o)
    0x08000408   0x08000408   0x0000000c   Code   RO         2297    .ARM.Collect$$libinit$$00000014  c_w.l(libinit2.o)
    0x08000414   0x08000414   0x00000000   Code   RO         2298    .ARM.Collect$$libinit$$00000015  c_w.l(libinit2.o)
    0x08000414   0x08000414   0x00000000   Code   RO         2300    .ARM.Collect$$libinit$$00000017  c_w.l(libinit2.o)
    0x08000414   0x08000414   0x0000000a   Code   RO         2301    .ARM.Collect$$libinit$$00000018  c_w.l(libinit2.o)
    0x0800041e   0x0800041e   0x00000000   Code   RO         2302    .ARM.Collect$$libinit$$00000019  c_w.l(libinit2.o)
    0x0800041e   0x0800041e   0x00000000   Code   RO         2304    .ARM.Collect$$libinit$$0000001B  c_w.l(libinit2.o)
    0x0800041e   0x0800041e   0x00000000   Code   RO         2306    .ARM.Collect$$libinit$$0000001D  c_w.l(libinit2.o)
    0x0800041e   0x0800041e   0x00000000   Code   RO         2308    .ARM.Collect$$libinit$$0000001F  c_w.l(libinit2.o)
    0x0800041e   0x0800041e   0x00000000   Code   RO         2310    .ARM.Collect$$libinit$$00000021  c_w.l(libinit2.o)
    0x0800041e   0x0800041e   0x00000000   Code   RO         2312    .ARM.Collect$$libinit$$00000023  c_w.l(libinit2.o)
    0x0800041e   0x0800041e   0x00000000   Code   RO         2314    .ARM.Collect$$libinit$$00000025  c_w.l(libinit2.o)
    0x0800041e   0x0800041e   0x00000000   Code   RO         2316    .ARM.Collect$$libinit$$00000027  c_w.l(libinit2.o)
    0x0800041e   0x0800041e   0x00000000   Code   RO         2320    .ARM.Collect$$libinit$$0000002E  c_w.l(libinit2.o)
    0x0800041e   0x0800041e   0x00000000   Code   RO         2322    .ARM.Collect$$libinit$$00000030  c_w.l(libinit2.o)
    0x0800041e   0x0800041e   0x00000000   Code   RO         2324    .ARM.Collect$$libinit$$00000032  c_w.l(libinit2.o)
    0x0800041e   0x0800041e   0x00000000   Code   RO         2326    .ARM.Collect$$libinit$$00000034  c_w.l(libinit2.o)
    0x0800041e   0x0800041e   0x00000002   Code   RO         2327    .ARM.Collect$$libinit$$00000035  c_w.l(libinit2.o)
    0x08000420   0x08000420   0x00000002   Code   RO         2364    .ARM.Collect$$libshutdown$$00000000  c_w.l(libshutdown.o)
    0x08000422   0x08000422   0x00000000   Code   RO         2392    .ARM.Collect$$libshutdown$$00000002  c_w.l(libshutdown2.o)
    0x08000422   0x08000422   0x00000000   Code   RO         2394    .ARM.Collect$$libshutdown$$00000004  c_w.l(libshutdown2.o)
    0x08000422   0x08000422   0x00000000   Code   RO         2397    .ARM.Collect$$libshutdown$$00000007  c_w.l(libshutdown2.o)
    0x08000422   0x08000422   0x00000000   Code   RO         2400    .ARM.Collect$$libshutdown$$0000000A  c_w.l(libshutdown2.o)
    0x08000422   0x08000422   0x00000000   Code   RO         2402    .ARM.Collect$$libshutdown$$0000000C  c_w.l(libshutdown2.o)
    0x08000422   0x08000422   0x00000000   Code   RO         2405    .ARM.Collect$$libshutdown$$0000000F  c_w.l(libshutdown2.o)
    0x08000422   0x08000422   0x00000002   Code   RO         2406    .ARM.Collect$$libshutdown$$00000010  c_w.l(libshutdown2.o)
    0x08000424   0x08000424   0x00000000   Code   RO         2060    .ARM.Collect$$rtentry$$00000000  c_w.l(__rtentry.o)
    0x08000424   0x08000424   0x00000000   Code   RO         2169    .ARM.Collect$$rtentry$$00000002  c_w.l(__rtentry2.o)
    0x08000424   0x08000424   0x00000006   Code   RO         2181    .ARM.Collect$$rtentry$$00000004  c_w.l(__rtentry4.o)
    0x0800042a   0x0800042a   0x00000000   Code   RO         2171    .ARM.Collect$$rtentry$$00000009  c_w.l(__rtentry2.o)
    0x0800042a   0x0800042a   0x00000004   Code   RO         2172    .ARM.Collect$$rtentry$$0000000A  c_w.l(__rtentry2.o)
    0x0800042e   0x0800042e   0x00000000   Code   RO         2174    .ARM.Collect$$rtentry$$0000000C  c_w.l(__rtentry2.o)
    0x0800042e   0x0800042e   0x00000008   Code   RO         2175    .ARM.Collect$$rtentry$$0000000D  c_w.l(__rtentry2.o)
    0x08000436   0x08000436   0x00000002   Code   RO         2266    .ARM.Collect$$rtexit$$00000000  c_w.l(rtexit.o)
    0x08000438   0x08000438   0x00000000   Code   RO         2333    .ARM.Collect$$rtexit$$00000002  c_w.l(rtexit2.o)
    0x08000438   0x08000438   0x00000004   Code   RO         2334    .ARM.Collect$$rtexit$$00000003  c_w.l(rtexit2.o)
    0x0800043c   0x0800043c   0x00000006   Code   RO         2335    .ARM.Collect$$rtexit$$00000004  c_w.l(rtexit2.o)
    0x08000442   0x08000442   0x00000002   PAD
    0x08000444   0x08000444   0x00000040   Code   RO            4    .text               startup_stm32h723xx.o
    0x08000484   0x08000484   0x000000f0   Code   RO         2044    .text               c_w.l(lludivv7m.o)
    0x08000574   0x08000574   0x0000003c   Code   RO         2046    .text               c_w.l(vsnprintf.o)
    0x080005b0   0x080005b0   0x0000008a   Code   RO         2050    .text               c_w.l(rt_memcpy_v6.o)
    0x0800063a   0x0800063a   0x0000004e   Code   RO         2054    .text               c_w.l(rt_memclr_w.o)
    0x08000688   0x08000688   0x00000006   Code   RO         2056    .text               c_w.l(heapauxi.o)
    0x0800068e   0x0800068e   0x0000004e   Code   RO         2067    .text               c_w.l(_printf_pad.o)
    0x080006dc   0x080006dc   0x00000024   Code   RO         2069    .text               c_w.l(_printf_truncate.o)
    0x08000700   0x08000700   0x00000052   Code   RO         2071    .text               c_w.l(_printf_str.o)
    0x08000752   0x08000752   0x00000002   PAD
    0x08000754   0x08000754   0x00000078   Code   RO         2073    .text               c_w.l(_printf_dec.o)
    0x080007cc   0x080007cc   0x00000028   Code   RO         2075    .text               c_w.l(_printf_charcount.o)
    0x080007f4   0x080007f4   0x00000030   Code   RO         2077    .text               c_w.l(_printf_char_common.o)
    0x08000824   0x08000824   0x00000010   Code   RO         2079    .text               c_w.l(_snputc.o)
    0x08000834   0x08000834   0x000000bc   Code   RO         2081    .text               c_w.l(_printf_wctomb.o)
    0x080008f0   0x080008f0   0x0000007c   Code   RO         2084    .text               c_w.l(_printf_longlong_dec.o)
    0x0800096c   0x0800096c   0x00000070   Code   RO         2090    .text               c_w.l(_printf_oct_int_ll.o)
    0x080009dc   0x080009dc   0x00000094   Code   RO         2110    .text               c_w.l(_printf_hex_int_ll_ptr.o)
    0x08000a70   0x08000a70   0x00000188   Code   RO         2130    .text               c_w.l(__printf_flags_ss_wp.o)
    0x08000bf8   0x08000bf8   0x00000064   Code   RO         2156    .text               c_w.l(rt_memcpy_w.o)
    0x08000c5c   0x08000c5c   0x0000008a   Code   RO         2185    .text               c_w.l(lludiv10.o)
    0x08000ce6   0x08000ce6   0x000000b2   Code   RO         2187    .text               c_w.l(_printf_intcommon.o)
    0x08000d98   0x08000d98   0x0000041c   Code   RO         2189    .text               c_w.l(_printf_fp_dec.o)
    0x080011b4   0x080011b4   0x000002fc   Code   RO         2193    .text               c_w.l(_printf_fp_hex.o)
    0x080014b0   0x080014b0   0x0000002c   Code   RO         2198    .text               c_w.l(_printf_char.o)
    0x080014dc   0x080014dc   0x0000002c   Code   RO         2200    .text               c_w.l(_printf_wchar.o)
    0x08001508   0x08001508   0x00000048   Code   RO         2203    .text               c_w.l(_c16rtomb.o)
    0x08001550   0x08001550   0x0000004a   Code   RO         2205    .text               c_w.l(sys_stackheap_outer.o)
    0x0800159a   0x0800159a   0x00000002   PAD
    0x0800159c   0x0800159c   0x00000010   Code   RO         2207    .text               c_w.l(rt_ctype_table.o)
    0x080015ac   0x080015ac   0x00000008   Code   RO         2212    .text               c_w.l(rt_locale_intlibspace.o)
    0x080015b4   0x080015b4   0x00000080   Code   RO         2214    .text               c_w.l(_printf_fp_infnan.o)
    0x08001634   0x08001634   0x000000e4   Code   RO         2216    .text               c_w.l(bigflt0.o)
    0x08001718   0x08001718   0x00000012   Code   RO         2246    .text               c_w.l(exit.o)
    0x0800172a   0x0800172a   0x00000002   PAD
    0x0800172c   0x0800172c   0x00000008   Code   RO         2263    .text               c_w.l(libspace.o)
    0x08001734   0x08001734   0x00000004   PAD
    0x08001738   0x08001738   0x0000007c   Code   RO         2279    .text               c_w.l(strcmpv7m_pel.o)
    0x080017b4   0x080017b4   0x0000000c   Code   RO         2328    .text               c_w.l(sys_exit.o)
    0x080017c0   0x080017c0   0x00000002   Code   RO         2353    .text               c_w.l(use_no_semi.o)
    0x080017c2   0x080017c2   0x00000000   Code   RO         2355    .text               c_w.l(indicate_semi.o)
    0x080017c2   0x080017c2   0x00000006   PAD
    0x080017c8   0x080017c8   0x00000002   Code   RO          147    .text.BusFault_Handler  stm32h7xx_it.o
    0x080017ca   0x080017ca   0x00000006   PAD
    0x080017d0   0x080017d0   0x0000000c   Code   RO          153    .text.DMA1_Stream0_IRQHandler  stm32h7xx_it.o
    0x080017dc   0x080017dc   0x00000004   PAD
    0x080017e0   0x080017e0   0x0000000c   Code   RO          155    .text.DMA1_Stream1_IRQHandler  stm32h7xx_it.o
    0x080017ec   0x080017ec   0x00000004   PAD
    0x080017f0   0x080017f0   0x00000128   Code   RO          461    .text.DMA_CalcBaseAndBitshift  stm32h7xx_hal_dma.o
    0x08001918   0x08001918   0x00000002   Code   RO          151    .text.DebugMon_Handler  stm32h7xx_it.o
    0x0800191a   0x0800191a   0x00000006   PAD
    0x08001920   0x08001920   0x0000000a   Code   RO           31    .text.Error_Handler  main.o
    0x0800192a   0x0800192a   0x00000006   PAD
    0x08001930   0x08001930   0x00000526   Code   RO          471    .text.HAL_DMA_Abort  stm32h7xx_hal_dma.o
    0x08001e56   0x08001e56   0x00000002   PAD
    0x08001e58   0x08001e58   0x000002b6   Code   RO          473    .text.HAL_DMA_Abort_IT  stm32h7xx_hal_dma.o
    0x0800210e   0x0800210e   0x00000002   PAD
    0x08002110   0x08002110   0x00000818   Code   RO          477    .text.HAL_DMA_IRQHandler  stm32h7xx_hal_dma.o
    0x08002928   0x08002928   0x0000069a   Code   RO          459    .text.HAL_DMA_Init  stm32h7xx_hal_dma.o
    0x08002fc2   0x08002fc2   0x00000006   PAD
    0x08002fc8   0x08002fc8   0x000001a6   Code   RO          405    .text.HAL_GPIO_Init  stm32h7xx_hal_gpio.o
    0x0800316e   0x0800316e   0x00000002   PAD
    0x08003170   0x08003170   0x0000000c   Code   RO          705    .text.HAL_GetTick   stm32h7xx_hal.o
    0x0800317c   0x0800317c   0x00000004   PAD
    0x08003180   0x08003180   0x0000001a   Code   RO          703    .text.HAL_IncTick   stm32h7xx_hal.o
    0x0800319a   0x0800319a   0x00000006   PAD
    0x080031a0   0x080031a0   0x00000064   Code   RO          693    .text.HAL_Init      stm32h7xx_hal.o
    0x08003204   0x08003204   0x00000004   PAD
    0x08003208   0x08003208   0x000000a0   Code   RO          177    .text.HAL_InitTick  stm32h7xx_hal_timebase_tim.o
    0x080032a8   0x080032a8   0x0000005e   Code   RO          214    .text.HAL_MPU_ConfigRegion  stm32h7xx_hal_cortex.o
    0x08003306   0x08003306   0x00000002   PAD
    0x08003308   0x08003308   0x0000001a   Code   RO          206    .text.HAL_MPU_Disable  stm32h7xx_hal_cortex.o
    0x08003322   0x08003322   0x00000006   PAD
    0x08003328   0x08003328   0x00000020   Code   RO          208    .text.HAL_MPU_Enable  stm32h7xx_hal_cortex.o
    0x08003348   0x08003348   0x0000002a   Code   RO          168    .text.HAL_MspInit   stm32h7xx_hal_msp.o
    0x08003372   0x08003372   0x00000006   PAD
    0x08003378   0x08003378   0x00000022   Code   RO          196    .text.HAL_NVIC_EnableIRQ  stm32h7xx_hal_cortex.o
    0x0800339a   0x0800339a   0x00000006   PAD
    0x080033a0   0x080033a0   0x0000005a   Code   RO          194    .text.HAL_NVIC_SetPriority  stm32h7xx_hal_cortex.o
    0x080033fa   0x080033fa   0x00000006   PAD
    0x08003400   0x08003400   0x00000020   Code   RO          192    .text.HAL_NVIC_SetPriorityGrouping  stm32h7xx_hal_cortex.o
    0x08003420   0x08003420   0x0000004c   Code   RO          609    .text.HAL_PWREx_ConfigSupply  stm32h7xx_hal_pwr_ex.o
    0x0800346c   0x0800346c   0x00000004   PAD
    0x08003470   0x08003470   0x00000026   Code   RO          296    .text.HAL_RCCEx_GetD3PCLK1Freq  stm32h7xx_hal_rcc_ex.o
    0x08003496   0x08003496   0x00000002   PAD
    0x08003498   0x08003498   0x00000128   Code   RO          292    .text.HAL_RCCEx_GetPLL2ClockFreq  stm32h7xx_hal_rcc_ex.o
    0x080035c0   0x080035c0   0x00000128   Code   RO          294    .text.HAL_RCCEx_GetPLL3ClockFreq  stm32h7xx_hal_rcc_ex.o
    0x080036e8   0x080036e8   0x00000a80   Code   RO          280    .text.HAL_RCCEx_PeriphCLKConfig  stm32h7xx_hal_rcc_ex.o
    0x08004168   0x08004168   0x00000254   Code   RO          248    .text.HAL_RCC_ClockConfig  stm32h7xx_hal_rcc.o
    0x080043bc   0x080043bc   0x00000004   PAD
    0x080043c0   0x080043c0   0x00000058   Code   RO          266    .text.HAL_RCC_GetClockConfig  stm32h7xx_hal_rcc.o
    0x08004418   0x08004418   0x0000004c   Code   RO          258    .text.HAL_RCC_GetHCLKFreq  stm32h7xx_hal_rcc.o
    0x08004464   0x08004464   0x00000004   PAD
    0x08004468   0x08004468   0x00000060   Code   RO          260    .text.HAL_RCC_GetPCLK1Freq  stm32h7xx_hal_rcc.o
    0x080044c8   0x080044c8   0x00000060   Code   RO          262    .text.HAL_RCC_GetPCLK2Freq  stm32h7xx_hal_rcc.o
    0x08004528   0x08004528   0x0000011c   Code   RO          250    .text.HAL_RCC_GetSysClockFreq  stm32h7xx_hal_rcc.o
    0x08004644   0x08004644   0x00000004   PAD
    0x08004648   0x08004648   0x0000052c   Code   RO          246    .text.HAL_RCC_OscConfig  stm32h7xx_hal_rcc.o
    0x08004b74   0x08004b74   0x00000004   PAD
    0x08004b78   0x08004b78   0x00000002   Code   RO         1328    .text.HAL_TIMEx_Break2Callback  stm32h7xx_hal_tim_ex.o
    0x08004b7a   0x08004b7a   0x00000006   PAD
    0x08004b80   0x08004b80   0x00000002   Code   RO         1326    .text.HAL_TIMEx_BreakCallback  stm32h7xx_hal_tim_ex.o
    0x08004b82   0x08004b82   0x00000006   PAD
    0x08004b88   0x08004b88   0x00000002   Code   RO         1322    .text.HAL_TIMEx_CommutCallback  stm32h7xx_hal_tim_ex.o
    0x08004b8a   0x08004b8a   0x00000006   PAD
    0x08004b90   0x08004b90   0x00000060   Code   RO         1011    .text.HAL_TIM_Base_Init  stm32h7xx_hal_tim.o
    0x08004bf0   0x08004bf0   0x00000002   Code   RO         1013    .text.HAL_TIM_Base_MspInit  stm32h7xx_hal_tim.o
    0x08004bf2   0x08004bf2   0x00000006   PAD
    0x08004bf8   0x08004bf8   0x000000dc   Code   RO         1025    .text.HAL_TIM_Base_Start_IT  stm32h7xx_hal_tim.o
    0x08004cd4   0x08004cd4   0x00000004   PAD
    0x08004cd8   0x08004cd8   0x00000002   Code   RO         1147    .text.HAL_TIM_IC_CaptureCallback  stm32h7xx_hal_tim.o
    0x08004cda   0x08004cda   0x00000006   PAD
    0x08004ce0   0x08004ce0   0x0000016c   Code   RO         1145    .text.HAL_TIM_IRQHandler  stm32h7xx_hal_tim.o
    0x08004e4c   0x08004e4c   0x00000004   PAD
    0x08004e50   0x08004e50   0x00000002   Code   RO         1149    .text.HAL_TIM_OC_DelayElapsedCallback  stm32h7xx_hal_tim.o
    0x08004e52   0x08004e52   0x00000006   PAD
    0x08004e58   0x08004e58   0x00000002   Code   RO         1151    .text.HAL_TIM_PWM_PulseFinishedCallback  stm32h7xx_hal_tim.o
    0x08004e5a   0x08004e5a   0x00000006   PAD
    0x08004e60   0x08004e60   0x00000012   Code   RO           33    .text.HAL_TIM_PeriodElapsedCallback  main.o
    0x08004e72   0x08004e72   0x00000006   PAD
    0x08004e78   0x08004e78   0x00000002   Code   RO         1155    .text.HAL_TIM_TriggerCallback  stm32h7xx_hal_tim.o
    0x08004e7a   0x08004e7a   0x00000006   PAD
    0x08004e80   0x08004e80   0x00000036   Code   RO         1505    .text.HAL_UARTEx_DisableFifoMode  stm32h7xx_hal_uart_ex.o
    0x08004eb6   0x08004eb6   0x00000002   PAD
    0x08004eb8   0x08004eb8   0x00000002   Code   RO         1432    .text.HAL_UARTEx_RxEventCallback  stm32h7xx_hal_uart.o
    0x08004eba   0x08004eba   0x00000006   PAD
    0x08004ec0   0x08004ec0   0x00000002   Code   RO         1491    .text.HAL_UARTEx_RxFifoFullCallback  stm32h7xx_hal_uart_ex.o
    0x08004ec2   0x08004ec2   0x00000006   PAD
    0x08004ec8   0x08004ec8   0x0000008c   Code   RO         1509    .text.HAL_UARTEx_SetRxFifoThreshold  stm32h7xx_hal_uart_ex.o
    0x08004f54   0x08004f54   0x00000004   PAD
    0x08004f58   0x08004f58   0x0000008c   Code   RO         1507    .text.HAL_UARTEx_SetTxFifoThreshold  stm32h7xx_hal_uart_ex.o
    0x08004fe4   0x08004fe4   0x00000004   PAD
    0x08004fe8   0x08004fe8   0x00000002   Code   RO         1493    .text.HAL_UARTEx_TxFifoEmptyCallback  stm32h7xx_hal_uart_ex.o
    0x08004fea   0x08004fea   0x00000006   PAD
    0x08004ff0   0x08004ff0   0x00000002   Code   RO         1489    .text.HAL_UARTEx_WakeupCallback  stm32h7xx_hal_uart_ex.o
    0x08004ff2   0x08004ff2   0x00000006   PAD
    0x08004ff8   0x08004ff8   0x0000003e   Code   RO          123    .text.HAL_UART_ErrorCallback  usart.o
    0x08005036   0x08005036   0x00000002   PAD
    0x08005038   0x08005038   0x00000672   Code   RO         1426    .text.HAL_UART_IRQHandler  stm32h7xx_hal_uart.o
    0x080056aa   0x080056aa   0x00000006   PAD
    0x080056b0   0x080056b0   0x00000064   Code   RO         1342    .text.HAL_UART_Init  stm32h7xx_hal_uart.o
    0x08005714   0x08005714   0x00000004   PAD
    0x08005718   0x08005718   0x00000124   Code   RO           85    .text.HAL_UART_MspInit  usart.o
    0x0800583c   0x0800583c   0x00000004   PAD
    0x08005840   0x08005840   0x000000ac   Code   RO         1378    .text.HAL_UART_Receive_IT  stm32h7xx_hal_uart.o
    0x080058ec   0x080058ec   0x00000004   PAD
    0x080058f0   0x080058f0   0x00000076   Code   RO          121    .text.HAL_UART_RxCpltCallback  usart.o
    0x08005966   0x08005966   0x00000002   PAD
    0x08005968   0x08005968   0x0000012a   Code   RO         1368    .text.HAL_UART_Transmit_IT  stm32h7xx_hal_uart.o
    0x08005a92   0x08005a92   0x00000006   PAD
    0x08005a98   0x08005a98   0x00000098   Code   RO          117    .text.HAL_UART_TxCpltCallback  usart.o
    0x08005b30   0x08005b30   0x00000002   Code   RO          143    .text.HardFault_Handler  stm32h7xx_it.o
    0x08005b32   0x08005b32   0x00000006   PAD
    0x08005b38   0x08005b38   0x00000044   Code   RO           73    .text.MX_DMA_Init   dma.o
    0x08005b7c   0x08005b7c   0x00000004   PAD
    0x08005b80   0x08005b80   0x00000098   Code   RO           54    .text.MX_FREERTOS_Init  freertos.o
    0x08005c18   0x08005c18   0x00000032   Code   RO           44    .text.MX_GPIO_Init  gpio.o
    0x08005c4a   0x08005c4a   0x00000006   PAD
    0x08005c50   0x08005c50   0x0000007c   Code   RO           83    .text.MX_USART1_UART_Init  usart.o
    0x08005ccc   0x08005ccc   0x00000004   PAD
    0x08005cd0   0x08005cd0   0x00000002   Code   RO          145    .text.MemManage_Handler  stm32h7xx_it.o
    0x08005cd2   0x08005cd2   0x00000006   PAD
    0x08005cd8   0x08005cd8   0x00000002   Code   RO          141    .text.NMI_Handler   stm32h7xx_it.o
    0x08005cda   0x08005cda   0x00000006   PAD
    0x08005ce0   0x08005ce0   0x00000064   Code   RO         2027    .text.PendSV_Handler  port.o
    0x08005d44   0x08005d44   0x00000004   PAD
    0x08005d48   0x08005d48   0x00000122   Code   RO          282    .text.RCCEx_PLL2_Config  stm32h7xx_hal_rcc_ex.o
    0x08005e6a   0x08005e6a   0x00000006   PAD
    0x08005e70   0x08005e70   0x00000122   Code   RO          284    .text.RCCEx_PLL3_Config  stm32h7xx_hal_rcc_ex.o
    0x08005f92   0x08005f92   0x00000006   PAD
    0x08005f98   0x08005f98   0x00000012   Code   RO           11    .text.RTT_LogInit   rtt_log.o
    0x08005faa   0x08005faa   0x00000006   PAD
    0x08005fb0   0x08005fb0   0x00000040   Code   RO           15    .text.RTT_LogPrintf  rtt_log.o
    0x08005ff0   0x08005ff0   0x00000070   Code   RO         1588    .text.SEGGER_RTT_Init  segger_rtt.o
    0x08006060   0x08006060   0x000000aa   Code   RO         1584    .text.SEGGER_RTT_SetFlagsUpBuffer  segger_rtt.o
    0x0800610a   0x0800610a   0x00000006   PAD
    0x08006110   0x08006110   0x000000a4   Code   RO         1552    .text.SEGGER_RTT_Write  segger_rtt.o
    0x080061b4   0x080061b4   0x00000004   PAD
    0x080061b8   0x080061b8   0x00000150   Code   RO         1550    .text.SEGGER_RTT_WriteNoLock  segger_rtt.o
    0x08006308   0x08006308   0x00000008   PAD
    0x08006310   0x08006310   0x00000024   Code   RO         2011    .text.SVC_Handler   port.o
    0x08006334   0x08006334   0x00000004   PAD
    0x08006338   0x08006338   0x0000000c   Code   RO           56    .text.StartDefaultTask  freertos.o
    0x08006344   0x08006344   0x00000004   PAD
    0x08006348   0x08006348   0x00000024   Code   RO           58    .text.StartdebugTask  freertos.o
    0x0800636c   0x0800636c   0x00000004   PAD
    0x08006370   0x08006370   0x0000002e   Code   RO         2029    .text.SysTick_Handler  port.o
    0x0800639e   0x0800639e   0x00000002   PAD
    0x080063a0   0x080063a0   0x000000cc   Code   RO           29    .text.SystemClock_Config  main.o
    0x0800646c   0x0800646c   0x00000004   PAD
    0x08006470   0x08006470   0x000000b0   Code   RO         1528    .text.SystemInit    system_stm32h7xx.o
    0x08006520   0x08006520   0x0000000c   Code   RO          157    .text.TIM1_UP_IRQHandler  stm32h7xx_it.o
    0x0800652c   0x0800652c   0x00000004   PAD
    0x08006530   0x08006530   0x00000184   Code   RO         1015    .text.TIM_Base_SetConfig  stm32h7xx_hal_tim.o
    0x080066b4   0x080066b4   0x00000004   PAD
    0x080066b8   0x080066b8   0x000000e0   Code   RO         1346    .text.UART_AdvFeatureConfig  stm32h7xx_hal_uart.o
    0x08006798   0x08006798   0x0000016e   Code   RO         1350    .text.UART_CheckIdleState  stm32h7xx_hal_uart.o
    0x08006906   0x08006906   0x00000002   PAD
    0x08006908   0x08006908   0x00000010   Code   RO         1428    .text.UART_DMAAbortOnError  stm32h7xx_hal_uart.o
    0x08006918   0x08006918   0x000001c4   Code   RO         1468    .text.UART_RxISR_16BIT  stm32h7xx_hal_uart.o
    0x08006adc   0x08006adc   0x00000004   PAD
    0x08006ae0   0x08006ae0   0x00000330   Code   RO         1464    .text.UART_RxISR_16BIT_FIFOEN  stm32h7xx_hal_uart.o
    0x08006e10   0x08006e10   0x000001c8   Code   RO         1470    .text.UART_RxISR_8BIT  stm32h7xx_hal_uart.o
    0x08006fd8   0x08006fd8   0x00000334   Code   RO         1466    .text.UART_RxISR_8BIT_FIFOEN  stm32h7xx_hal_uart.o
    0x0800730c   0x0800730c   0x00000004   PAD
    0x08007310   0x08007310   0x000004a0   Code   RO         1348    .text.UART_SetConfig  stm32h7xx_hal_uart.o
    0x080077b0   0x080077b0   0x00000274   Code   RO         1380    .text.UART_Start_Receive_IT  stm32h7xx_hal_uart.o
    0x08007a24   0x08007a24   0x00000004   PAD
    0x08007a28   0x08007a28   0x000000d0   Code   RO         1374    .text.UART_TxISR_16BIT  stm32h7xx_hal_uart.o
    0x08007af8   0x08007af8   0x000000ec   Code   RO         1370    .text.UART_TxISR_16BIT_FIFOEN  stm32h7xx_hal_uart.o
    0x08007be4   0x08007be4   0x00000004   PAD
    0x08007be8   0x08007be8   0x000000cc   Code   RO         1376    .text.UART_TxISR_8BIT  stm32h7xx_hal_uart.o
    0x08007cb4   0x08007cb4   0x00000004   PAD
    0x08007cb8   0x08007cb8   0x000000e8   Code   RO         1372    .text.UART_TxISR_8BIT_FIFOEN  stm32h7xx_hal_uart.o
    0x08007da0   0x08007da0   0x00000358   Code   RO         1364    .text.UART_WaitOnFlagUntilTimeout  stm32h7xx_hal_uart.o
    0x080080f8   0x080080f8   0x0000011c   Code   RO          119    .text.USART1_CpuMonitorTask  usart.o
    0x08008214   0x08008214   0x00000004   PAD
    0x08008218   0x08008218   0x0000000c   Code   RO          159    .text.USART1_IRQHandler  stm32h7xx_it.o
    0x08008224   0x08008224   0x00000004   PAD
    0x08008228   0x08008228   0x0000006c   Code   RO           97    .text.USART1_Process  usart.o
    0x08008294   0x08008294   0x00000004   PAD
    0x08008298   0x08008298   0x0000018e   Code   RO           99    .text.USART1_TransmitBytes  usart.o
    0x08008426   0x08008426   0x00000002   PAD
    0x08008428   0x08008428   0x00000002   Code   RO          149    .text.UsageFault_Handler  stm32h7xx_it.o
    0x0800842a   0x0800842a   0x00000006   PAD
    0x08008430   0x08008430   0x0000004c   Code   RO           95    .text.comInit       usart.o
    0x0800847c   0x0800847c   0x00000004   PAD
    0x08008480   0x08008480   0x0000004e   Code   RO           27    .text.main          main.o
    0x080084ce   0x080084ce   0x00000002   PAD
    0x080084d0   0x080084d0   0x00000010   Code   RO         1889    .text.osDelay       cmsis_os.o
    0x080084e0   0x080084e0   0x0000000a   Code   RO         1871    .text.osKernelStart  cmsis_os.o
    0x080084ea   0x080084ea   0x00000006   PAD
    0x080084f0   0x080084f0   0x00000060   Code   RO         1877    .text.osThreadCreate  cmsis_os.o
    0x08008550   0x08008550   0x000000fc   Code   RO         1769    .text.prvAddNewTaskToReadyList  tasks.o
    0x0800864c   0x0800864c   0x00000004   PAD
    0x08008650   0x08008650   0x00000086   Code   RO         1799    .text.prvIdleTask   tasks.o
    0x080086d6   0x080086d6   0x00000002   PAD
    0x080086d8   0x080086d8   0x000000f6   Code   RO         1767    .text.prvInitialiseNewTask  tasks.o
    0x080087ce   0x080087ce   0x00000002   PAD
    0x080087d0   0x080087d0   0x00000028   Code   RO         2019    .text.prvPortStartFirstTask  port.o
    0x080087f8   0x080087f8   0x00000040   Code   RO         2009    .text.prvTaskExitError  port.o
    0x08008838   0x08008838   0x000001e8   Code   RO         1985    .text.pvPortMalloc  heap_4.o
    0x08008a20   0x08008a20   0x0000002c   Code   RO         2007    .text.pxPortInitialiseStack  port.o
    0x08008a4c   0x08008a4c   0x00000004   PAD
    0x08008a50   0x08008a50   0x00000022   Code   RO         1658    .text.uxListRemove  list.o
    0x08008a72   0x08008a72   0x00000006   PAD
    0x08008a78   0x08008a78   0x0000001a   Code   RO           52    .text.vApplicationGetIdleTaskMemory  freertos.o
    0x08008a92   0x08008a92   0x00000006   PAD
    0x08008a98   0x08008a98   0x00000016   Code   RO         1650    .text.vListInitialise  list.o
    0x08008aae   0x08008aae   0x00000002   PAD
    0x08008ab0   0x08008ab0   0x00000006   Code   RO         1652    .text.vListInitialiseItem  list.o
    0x08008ab6   0x08008ab6   0x00000002   PAD
    0x08008ab8   0x08008ab8   0x00000062   Code   RO         1656    .text.vListInsert   list.o
    0x08008b1a   0x08008b1a   0x00000006   PAD
    0x08008b20   0x08008b20   0x0000001a   Code   RO         1654    .text.vListInsertEnd  list.o
    0x08008b3a   0x08008b3a   0x00000006   PAD
    0x08008b40   0x08008b40   0x00000014   Code   RO         2017    .text.vPortEnableVFP  port.o
    0x08008b54   0x08008b54   0x00000004   PAD
    0x08008b58   0x08008b58   0x0000004a   Code   RO         2023    .text.vPortEnterCritical  port.o
    0x08008ba2   0x08008ba2   0x00000006   PAD
    0x08008ba8   0x08008ba8   0x0000002e   Code   RO         2025    .text.vPortExitCritical  port.o
    0x08008bd6   0x08008bd6   0x00000002   PAD
    0x08008bd8   0x08008bd8   0x000000de   Code   RO         1987    .text.vPortFree     heap_4.o
    0x08008cb6   0x08008cb6   0x00000002   PAD
    0x08008cb8   0x08008cb8   0x00000034   Code   RO         2015    .text.vPortSetupTimerInterrupt  port.o
    0x08008cec   0x08008cec   0x00000004   PAD
    0x08008cf0   0x08008cf0   0x0000009e   Code   RO         1775    .text.vTaskDelay    tasks.o
    0x08008d8e   0x08008d8e   0x00000002   PAD
    0x08008d90   0x08008d90   0x000000cc   Code   RO         1797    .text.vTaskStartScheduler  tasks.o
    0x08008e5c   0x08008e5c   0x00000004   PAD
    0x08008e60   0x08008e60   0x00000010   Code   RO         1777    .text.vTaskSuspendAll  tasks.o
    0x08008e70   0x08008e70   0x0000006e   Code   RO         1791    .text.vTaskSwitchContext  tasks.o
    0x08008ede   0x08008ede   0x00000002   PAD
    0x08008ee0   0x08008ee0   0x0000018a   Code   RO         2013    .text.xPortStartScheduler  port.o
    0x0800906a   0x0800906a   0x00000006   PAD
    0x08009070   0x08009070   0x00000060   Code   RO         1771    .text.xTaskCreate   tasks.o
    0x080090d0   0x080090d0   0x0000007a   Code   RO         1765    .text.xTaskCreateStatic  tasks.o
    0x0800914a   0x0800914a   0x00000006   PAD
    0x08009150   0x08009150   0x00000106   Code   RO         1803    .text.xTaskIncrementTick  tasks.o
    0x08009256   0x08009256   0x00000002   PAD
    0x08009258   0x08009258   0x000000ea   Code   RO         1781    .text.xTaskResumeAll  tasks.o
    0x08009342   0x08009342   0x0000003e   Code   RO         2219    CL$$btod_d2e        c_w.l(btod.o)
    0x08009380   0x08009380   0x00000046   Code   RO         2221    CL$$btod_d2e_denorm_low  c_w.l(btod.o)
    0x080093c6   0x080093c6   0x00000060   Code   RO         2220    CL$$btod_d2e_norm_op1  c_w.l(btod.o)
    0x08009426   0x08009426   0x00000002   PAD
    0x08009428   0x08009428   0x00000338   Code   RO         2229    CL$$btod_div_common  c_w.l(btod.o)
    0x08009760   0x08009760   0x000000dc   Code   RO         2226    CL$$btod_e2e        c_w.l(btod.o)
    0x0800983c   0x0800983c   0x0000002a   Code   RO         2223    CL$$btod_ediv       c_w.l(btod.o)
    0x08009866   0x08009866   0x0000002a   Code   RO         2222    CL$$btod_emul       c_w.l(btod.o)
    0x08009890   0x08009890   0x00000244   Code   RO         2228    CL$$btod_mult_common  c_w.l(btod.o)
    0x08009ad4   0x08009ad4   0x00000030   Code   RO         2261    i.__ARM_fpclassify  m_wv.l(fpclassify.o)
    0x08009b04   0x08009b04   0x0000000e   Code   RO         2123    i._is_digit         c_w.l(__printf_wp.o)
    0x08009b12   0x08009b12   0x00000002   PAD
    0x08009b14   0x08009b14   0x0000002c   Code   RO         2244    locale$$code        c_w.l(lc_numeric_c.o)
    0x08009b40   0x08009b40   0x0000002c   Code   RO         2273    locale$$code        c_w.l(lc_ctype_c.o)
    0x08009b6c   0x08009b6c   0x0000001a   Code   RO         2347    x$fpl$fpinit        fz_wv.l(fpinit.o)
    0x08009b86   0x08009b86   0x00000004   Code   RO         2160    x$fpl$printf1       fz_wv.l(printf1.o)
    0x08009b8a   0x08009b8a   0x00000004   Code   RO         2162    x$fpl$printf2       fz_wv.l(printf2.o)
    0x08009b8e   0x08009b8e   0x00000000   Code   RO         2260    x$fpl$usenofp       fz_wv.l(usenofp.o)
    0x08009b8e   0x08009b8e   0x00000002   PAD
    0x08009b90   0x08009b90   0x00000008   Data   RO         2082    .constdata          c_w.l(_printf_wctomb.o)
    0x08009b98   0x08009b98   0x00000028   Data   RO         2111    .constdata          c_w.l(_printf_hex_int_ll_ptr.o)
    0x08009bc0   0x08009bc0   0x00000011   Data   RO         2131    .constdata          c_w.l(__printf_flags_ss_wp.o)
    0x08009bd1   0x08009bd1   0x00000026   Data   RO         2194    .constdata          c_w.l(_printf_fp_hex.o)
    0x08009bf7   0x08009bf7   0x00000001   PAD
    0x08009bf8   0x08009bf8   0x00000094   Data   RO         2217    .constdata          c_w.l(bigflt0.o)
    0x08009c8c   0x08009c8c   0x00000006   Data   RO         1477    .rodata..Lswitch.table.UART_SetConfig.7  stm32h7xx_hal_uart.o
    0x08009c92   0x08009c92   0x00000006   Data   RO         1478    .rodata..Lswitch.table.UART_SetConfig.9  stm32h7xx_hal_uart.o
    0x08009c98   0x08009c98   0x00000010   Data   RO         1532    .rodata.D1CorePrescTable  system_stm32h7xx.o
    0x08009ca8   0x08009ca8   0x00000018   Data   RO         1476    .rodata.UARTPrescTable  stm32h7xx_hal_uart.o
    0x08009cc0   0x08009cc0   0x00000020   Data   RO          128    .rodata.USART1_Process.overflow_msg  usart.o
    0x08009ce0   0x08009ce0   0x00000010   Data   RO         1519    .rodata.cst8        stm32h7xx_hal_uart_ex.o
    0x08009cf0   0x08009cf0   0x00000016   Data   RO           62    .rodata.str1.1      freertos.o
    0x08009d06   0x08009d06   0x00000060   Data   RO          129    .rodata.str1.1      usart.o
    0x08009d66   0x08009d66   0x00000010   Data   RO         1596    .rodata.str1.1      segger_rtt.o
    0x08009d76   0x08009d76   0x00000002   PAD
    0x08009d78   0x08009d78   0x00000030   Data   RO         2408    Region$$Table       anon$$obj.o
    0x08009da8   0x08009da8   0x0000001c   Data   RO         2243    locale$$data        c_w.l(lc_numeric_c.o)
    0x08009dc4   0x08009dc4   0x00000110   Data   RO         2272    locale$$data        c_w.l(lc_ctype_c.o)


    Execution Region RW_IRAM1 (Exec base: 0x20000000, Load base: 0x08009ed4, Size: 0x00003c00, Max: 0x00020000, ABSOLUTE)

    Exec Addr    Load Addr    Size         Type   Attr      Idx    E Section Name        Object

    0x20000000        -       0x00003c00   Zero   RW         1997    .bss.ucHeap         heap_4.o


    Execution Region RW_IRAM2 (Exec base: 0x24000000, Load base: 0x08009ed8, Size: 0x00001368, Max: 0x00020000, ABSOLUTE)

    Exec Addr    Load Addr    Size         Type   Attr      Idx    E Section Name        Object

    0x24000000   0x08009ed8   0x00000008   Data   RW          802    .data..L_MergedGlobals  stm32h7xx_hal.o
    0x24000008   0x08009ee0   0x00000008   Data   RW         1533    .data..L_MergedGlobals  system_stm32h7xx.o
    0x24000010   0x08009ee8   0x00000004   Data   RW         2033    .data.uxCriticalNesting  port.o
    0x24000014   0x08009eec   0x00000004   PAD
    0x24000018        -       0x00000060   Zero   RW         2264    .bss                c_w.l(libspace.o)
    0x24000078        -       0x00000008   Zero   RW           64    .bss..L_MergedGlobals  freertos.o
    0x24000080        -       0x00000028   Zero   RW          132    .bss..L_MergedGlobals  usart.o
    0x240000a8        -       0x00000011   Zero   RW         1598    .bss..L_MergedGlobals  segger_rtt.o
    0x240000b9   0x08009eec   0x00000003   PAD
    0x240000bc        -       0x00000078   Zero   RW         1860    .bss..L_MergedGlobals  tasks.o
    0x24000134        -       0x00000020   Zero   RW         1998    .bss..L_MergedGlobals  heap_4.o
    0x24000154        -       0x00000008   Zero   RW         2034    .bss..L_MergedGlobals  port.o
    0x2400015c        -       0x00000028   Zero   RW         1861    .bss..L_MergedGlobals.2  tasks.o
    0x24000184        -       0x00000004   Zero   RW           63    .bss.StartdebugTask.stack_monitor_tick  freertos.o
    0x24000188        -       0x000000a8   Zero   RW         1594    .bss._SEGGER_RTT    segger_rtt.o
    0x24000230        -       0x00000400   Zero   RW         1597    .bss._acUpBuffer    segger_rtt.o
    0x24000630        -       0x00000078   Zero   RW          126    .bss.hdma_usart1_rx  usart.o
    0x240006a8        -       0x00000078   Zero   RW          127    .bss.hdma_usart1_tx  usart.o
    0x24000720        -       0x0000004c   Zero   RW          183    .bss.htim1          stm32h7xx_hal_timebase_tim.o
    0x2400076c        -       0x00000094   Zero   RW          125    .bss.huart1         usart.o
    0x24000800        -       0x0000008c   Zero   RW         1859    .bss.pxReadyTasksLists  tasks.o
    0x2400088c        -       0x00000080   Zero   RW          131    .bss.usart1_rx_buffer  usart.o
    0x2400090c        -       0x00000200   Zero   RW          130    .bss.usart1_tx_queue  usart.o
    0x24000b0c        -       0x00000004   Zero   RW          801    .bss.uwTick         stm32h7xx_hal.o
    0x24000b10        -       0x00000200   Zero   RW           61    .bss.xIdleStack     freertos.o
    0x24000d10        -       0x00000054   Zero   RW           60    .bss.xIdleTaskTCBBuffer  freertos.o
    0x24000d64   0x08009eec   0x00000004   PAD
    0x24000d68        -       0x00000200   Zero   RW            2    HEAP                startup_stm32h723xx.o
    0x24000f68        -       0x00000400   Zero   RW            1    STACK               startup_stm32h723xx.o


==============================================================================

Image component sizes


      Code (inc. data)   RO Data    RW Data    ZI Data      Debug   Object Name

       122          0          0          0          0      24900   cmsis_os.o
        68          0          0          0          0       5387   dma.o
       226         56         22          0        608       3452   freertos.o
        50          0          0          0          0       2214   gpio.o
       710          0          0          0      15392       5874   heap_4.o
       186          0          0          0          0       2341   list.o
       310          0          0          0          0       7132   main.o
       916         16          0          4          8       4334   port.o
        82          0          0          0          0       1822   rtt_log.o
       782          0         16          0       1209      24018   segger_rtt.o
        64         26        716          0       1536        832   startup_stm32h723xx.o
       138          0          0          8          4      15990   stm32h7xx_hal.o
       308          0          0          0          0      12403   stm32h7xx_hal_cortex.o
      6070         98          0          0          0      18205   stm32h7xx_hal_dma.o
       422          0          0          0          0       6983   stm32h7xx_hal_gpio.o
        42          0          0          0          0       5427   stm32h7xx_hal_msp.o
        76          0          0          0          0       9718   stm32h7xx_hal_pwr_ex.o
      2560         24          0          0          0      11659   stm32h7xx_hal_rcc.o
      3898        144          0          0          0      20036   stm32h7xx_hal_rcc_ex.o
      1078          0          0          0          0      67480   stm32h7xx_hal_tim.o
         6          0          0          0          0      27261   stm32h7xx_hal_tim_ex.o
       160          0          0          0         76       9638   stm32h7xx_hal_timebase_tim.o
      8920        332         36          0          0      43790   stm32h7xx_hal_uart.o
       340          0         16          0          0      11561   stm32h7xx_hal_uart_ex.o
        60          0          0          0          0       6609   stm32h7xx_it.o
       176          0         16          8          0       5256   system_stm32h7xx.o
      1834          8          0          0        300      28943   tasks.o
      1614          0        128          0       1068      23437   usart.o

    ----------------------------------------------------------------------
     31674        724       1000         20      20212     406702   Object Totals
         0          0         48          0          0          0   (incl. Generated)
       456         20          2          0         11          0   (incl. Padding)

    ----------------------------------------------------------------------

      Code (inc. data)   RO Data    RW Data    ZI Data      Debug   Library Member Name

         8          0          0          0          0         68   __main.o
       392          4         17          0          0         92   __printf_flags_ss_wp.o
        14          0          0          0          0         68   __printf_wp.o
         0          0          0          0          0          0   __rtentry.o
        12          0          0          0          0          0   __rtentry2.o
         6          0          0          0          0          0   __rtentry4.o
        94          8          0          0          0          0   __scatter.o
        26          0          0          0          0          0   __scatter_copy.o
        28          0          0          0          0          0   __scatter_zi.o
        72          0          0          0          0         96   _c16rtomb.o
         6          0          0          0          0          0   _printf_a.o
         6          0          0          0          0          0   _printf_c.o
        44          0          0          0          0        108   _printf_char.o
        48          6          0          0          0         96   _printf_char_common.o
        40          0          0          0          0         68   _printf_charcount.o
         6          0          0          0          0          0   _printf_d.o
       120         16          0          0          0         92   _printf_dec.o
         6          0          0          0          0          0   _printf_e.o
         6          0          0          0          0          0   _printf_f.o
      1052          0          0          0          0        148   _printf_fp_dec.o
       764          8         38          0          0        100   _printf_fp_hex.o
       128         16          0          0          0         84   _printf_fp_infnan.o
         6          0          0          0          0          0   _printf_g.o
       148          4         40          0          0        160   _printf_hex_int_ll_ptr.o
         6          0          0          0          0          0   _printf_i.o
       178          0          0          0          0         88   _printf_intcommon.o
        10          0          0          0          0          0   _printf_l.o
         6          0          0          0          0          0   _printf_lc.o
        10          0          0          0          0          0   _printf_ll.o
         6          0          0          0          0          0   _printf_lld.o
         6          0          0          0          0          0   _printf_lli.o
         6          0          0          0          0          0   _printf_llo.o
         6          0          0          0          0          0   _printf_llu.o
         6          0          0          0          0          0   _printf_llx.o
       124         16          0          0          0         92   _printf_longlong_dec.o
         6          0          0          0          0          0   _printf_ls.o
         6          0          0          0          0          0   _printf_n.o
         6          0          0          0          0          0   _printf_o.o
       112          8          0          0          0        124   _printf_oct_int_ll.o
         6          0          0          0          0          0   _printf_p.o
        78          0          0          0          0        108   _printf_pad.o
         0          0          0          0          0          0   _printf_percent.o
         4          0          0          0          0          0   _printf_percent_end.o
         6          0          0          0          0          0   _printf_s.o
        82          0          0          0          0         80   _printf_str.o
        36          0          0          0          0         84   _printf_truncate.o
         6          0          0          0          0          0   _printf_u.o
        44          0          0          0          0        108   _printf_wchar.o
       188          6          8          0          0         92   _printf_wctomb.o
         6          0          0          0          0          0   _printf_x.o
        16          0          0          0          0         68   _snputc.o
       228          4        148          0          0         96   bigflt0.o
      1936        128          0          0          0        668   btod.o
        18          0          0          0          0         80   exit.o
         6          0          0          0          0        152   heapauxi.o
         0          0          0          0          0          0   indicate_semi.o
        44         10        272          0          0         76   lc_ctype_c.o
        44         10         28          0          0         76   lc_numeric_c.o
         2          0          0          0          0          0   libinit.o
        34          0          0          0          0          0   libinit2.o
         2          0          0          0          0          0   libshutdown.o
         2          0          0          0          0          0   libshutdown2.o
         8          4          0          0         96         68   libspace.o
       138          0          0          0          0         80   lludiv10.o
       240          0          0          0          0        100   lludivv7m.o
        16          4          0          0          0         76   rt_ctype_table.o
         8          4          0          0          0         68   rt_locale_intlibspace.o
        78          0          0          0          0         80   rt_memclr_w.o
       138          0          0          0          0         68   rt_memcpy_v6.o
       100          0          0          0          0         80   rt_memcpy_w.o
         2          0          0          0          0          0   rtexit.o
        10          0          0          0          0          0   rtexit2.o
       124          0          0          0          0         88   strcmpv7m_pel.o
        12          4          0          0          0         68   sys_exit.o
        74          0          0          0          0         80   sys_stackheap_outer.o
         2          0          0          0          0         68   use_no_semi.o
        60          4          0          0          0         80   vsnprintf.o
        26          0          0          0          0        116   fpinit.o
         4          0          0          0          0        116   printf1.o
         4          0          0          0          0        116   printf2.o
         0          0          0          0          0          0   usenofp.o
        48          0          0          0          0        124   fpclassify.o

    ----------------------------------------------------------------------
      7434        268        552          0         96       4648   Library Totals
        28          4          1          0          0          0   (incl. Padding)

    ----------------------------------------------------------------------

      Code (inc. data)   RO Data    RW Data    ZI Data      Debug   Library Name

      7324        264        551          0         96       4176   c_w.l
        34          0          0          0          0        348   fz_wv.l
        48          0          0          0          0        124   m_wv.l

    ----------------------------------------------------------------------
      7434        268        552          0         96       4648   Library Totals

    ----------------------------------------------------------------------

==============================================================================


      Code (inc. data)   RO Data    RW Data    ZI Data      Debug   

     39108        992       1552         20      20308     408462   Grand Totals
     39108        992       1552         20      20308     408462   ELF Image Totals
     39108        992       1552         20          0          0   ROM Totals

==============================================================================

    Total RO  Size (Code + RO Data)                40660 (  39.71kB)
    Total RW  Size (RW Data + ZI Data)             20328 (  19.85kB)
    Total ROM Size (Code + RO Data + RW Data)      40680 (  39.73kB)

==============================================================================

